sapphire modules
=== node: cpu-r-91  model name	: Intel(R) Xeon(R) Platinum 8480+ ===
=== building with ifort ON THIS NODE (-xHost targets sapphire) ===
gfortran: GNU Fortran (GCC) 8.5.0 20210514 (Red Hat 8.5.0-28)
Fortran syntax passed
Installing package...
Package installed successfully

=== Gate 1: did the candidate vectorize? ===
  iface_flow_row: 26 mentions
  jface_flow_row: 31 mentions
  kface_flow_plane: 30 mentions
  node_quantities: 3 mentions
  avg_along_i: 3 mentions
  avg_along_j: 4 mentions
  avg_along_k: 4 mentions
  face_flux: 5 mentions
  (full report: /rds/project/rds-7OSWtyyYICQ/jb753/ember-paper/ember/tools/opt_report_residual_ab.txt)
   remark #15344: loop was not vectorized: vector dependence prevents vectorization. First dependence is shown below. Use level 5 report for details
   remark #15344: loop was not vectorized: vector dependence prevents vectorization. First dependence is shown below. Use level 5 report for details
   remark #15344: loop was not vectorized: vector dependence prevents vectorization. First dependence is shown below. Use level 5 report for details
      remark #15344: loop was not vectorized: vector dependence prevents vectorization. First dependence is shown below. Use level 5 report for details
         remark #15344: loop was not vectorized: vector dependence prevents vectorization. First dependence is shown below. Use level 5 report for details
      remark #15344: loop was not vectorized: vector dependence prevents vectorization. First dependence is shown below. Use level 5 report for details
         remark #15344: loop was not vectorized: vector dependence prevents vectorization. First dependence is shown below. Use level 5 report for details
   remark #15344: loop was not vectorized: vector dependence prevents vectorization. First dependence is shown below. Use level 5 report for details
      remark #15344: loop was not vectorized: vector dependence prevents vectorization. First dependence is shown below. Use level 5 report for details
         remark #15344: loop was not vectorized: vector dependence prevents vectorization. First dependence is shown below. Use level 5 report for details
      remark #15344: loop was not vectorized: vector dependence prevents vectorization. First dependence is shown below. Use level 5 report for details
         remark #15344: loop was not vectorized: vector dependence prevents vectorization. First dependence is shown below. Use level 5 report for details
   remark #15344: loop was not vectorized: vector dependence prevents vectorization. First dependence is shown below. Use level 5 report for details
      remark #15344: loop was not vectorized: vector dependence prevents vectorization. First dependence is shown below. Use level 5 report for details
         remark #15344: loop was not vectorized: vector dependence prevents vectorization. First dependence is shown below. Use level 5 report for details
   remark #15344: loop was not vectorized: vector dependence prevents vectorization. First dependence is shown below. Use level 5 report for details
   remark #15344: loop was not vectorized: vector dependence prevents vectorization. First dependence is shown below. Use level 5 report for details
   remark #15344: loop was not vectorized: vector dependence prevents vectorization. First dependence is shown below. Use level 5 report for details
      remark #15344: loop was not vectorized: vector dependence prevents vectorization. First dependence is shown below. Use level 5 report for details
   remark #15344: loop was not vectorized: vector dependence prevents vectorization. First dependence is shown below. Use level 5 report for details

=== Gate 2 + serial regime (1 rank, pinned) ===
variants present: ['prod', 'clean', 'tiled@96x16x8', 'tiled@64x16x8', 'tiled@48x24x8', 'tiled@32x32x8', 'tiled@128x16x4', 'naive', 'consa']
mode=serial  ranks=1  reps=50
grid 273 x 65 x 57

correctness gate (vs production, zeroed scratch dU):
  prod      (reference)  |dU|_max = 2.320116e-04
  clean     max_abs_diff = 0.000000e+00  (0.000e+00 of scale)  bitwise=True
  tiled@96x16x8  max_abs_diff = 2.328306e-09  (1.004e-05 of scale)  bitwise=False
  tiled@64x16x8  max_abs_diff = 2.328306e-09  (1.004e-05 of scale)  bitwise=False
  tiled@48x24x8  max_abs_diff = 2.361048e-09  (1.018e-05 of scale)  bitwise=False
  tiled@32x32x8  max_abs_diff = 2.328306e-09  (1.004e-05 of scale)  bitwise=False
  tiled@128x16x4  max_abs_diff = 2.328306e-09  (1.004e-05 of scale)  bitwise=False
  naive     max_abs_diff = 0.000000e+00  (0.000e+00 of scale)  bitwise=True
  consa     max_abs_diff = 1.862645e-09  (8.028e-06 of scale)  bitwise=False
  note: non-bitwise variants are expected if they reassociate;
  judge by 'of scale' (~1e-7 is float32 ulp noise, not a bug).
rank   0  prod      median   9.834 ns/cell   min   9.794
rank   0  clean     median  25.737 ns/cell   min  24.754   vs prod: median +161.7%  min +152.7%
rank   0  tiled@96x16x8  median  25.752 ns/cell   min  25.656   vs prod: median +161.9%  min +161.9%
rank   0  tiled@64x16x8  median  25.006 ns/cell   min  24.923   vs prod: median +154.3%  min +154.5%
rank   0  tiled@48x24x8  median  26.989 ns/cell   min  26.886   vs prod: median +174.5%  min +174.5%
rank   0  tiled@32x32x8  median  31.979 ns/cell   min  31.865   vs prod: median +225.2%  min +225.3%
rank   0  tiled@128x16x4  median  23.694 ns/cell   min  23.643   vs prod: median +141.0%  min +141.4%
rank   0  naive     median  27.504 ns/cell   min  27.473   vs prod: median +179.7%  min +180.5%
rank   0  consa     median   9.803 ns/cell   min   9.756   vs prod: median -0.3%  min -0.4%

=== saturated regime (100 ranks, each with its own 1M-cell grid) ===
rank  87  prod      median  24.890 ns/cell   min  23.160
rank  87  clean     median  42.349 ns/cell   min  40.590   vs prod: median +70.1%  min +75.3%
rank  87  tiled@96x16x8  median  70.729 ns/cell   min  67.330   vs prod: median +184.2%  min +190.7%
rank  87  tiled@64x16x8  median  63.615 ns/cell   min  60.585   vs prod: median +155.6%  min +161.6%
rank  87  tiled@48x24x8  median  71.348 ns/cell   min  68.533   vs prod: median +186.6%  min +195.9%
rank  87  tiled@32x32x8  median  84.208 ns/cell   min  79.623   vs prod: median +238.3%  min +243.8%
rank  87  tiled@128x16x4  median  52.066 ns/cell   min  48.542   vs prod: median +109.2%  min +109.6%
rank  87  naive     median  45.757 ns/cell   min  44.239   vs prod: median +83.8%  min +91.0%
rank  87  consa     median  22.636 ns/cell   min  21.511   vs prod: median -9.1%  min -7.1%
rank  91  prod      median  25.127 ns/cell   min  23.595
rank  91  clean     median  41.917 ns/cell   min  40.924   vs prod: median +66.8%  min +73.4%
rank  91  tiled@96x16x8  median  69.615 ns/cell   min  66.436   vs prod: median +177.1%  min +181.6%
rank  91  tiled@64x16x8  median  64.308 ns/cell   min  61.044   vs prod: median +155.9%  min +158.7%
rank  91  tiled@48x24x8  median  70.497 ns/cell   min  68.602   vs prod: median +180.6%  min +190.8%
rank  91  tiled@32x32x8  median  84.487 ns/cell   min  79.315   vs prod: median +236.2%  min +236.2%
rank  91  tiled@128x16x4  median  52.314 ns/cell   min  48.892   vs prod: median +108.2%  min +107.2%
rank  91  naive     median  46.537 ns/cell   min  44.655   vs prod: median +85.2%  min +89.3%
rank  91  consa     median  23.235 ns/cell   min  21.655   vs prod: median -7.5%  min -8.2%
rank  99  prod      median  25.337 ns/cell   min  23.605
rank  99  clean     median  41.952 ns/cell   min  40.872   vs prod: median +65.6%  min +73.1%
rank  99  tiled@96x16x8  median  69.566 ns/cell   min  66.040   vs prod: median +174.6%  min +179.8%
rank  99  tiled@64x16x8  median  64.203 ns/cell   min  61.026   vs prod: median +153.4%  min +158.5%
rank  99  tiled@48x24x8  median  70.541 ns/cell   min  68.029   vs prod: median +178.4%  min +188.2%
rank  99  tiled@32x32x8  median  84.705 ns/cell   min  78.651   vs prod: median +234.3%  min +233.2%
rank  99  tiled@128x16x4  median  52.114 ns/cell   min  49.369   vs prod: median +105.7%  min +109.1%
rank  99  naive     median  46.690 ns/cell   min  44.849   vs prod: median +84.3%  min +90.0%
rank  99  consa     median  23.393 ns/cell   min  21.347   vs prod: median -7.7%  min -9.6%
rank  93  prod      median  24.754 ns/cell   min  23.562
rank  93  clean     median  41.892 ns/cell   min  40.843   vs prod: median +69.2%  min +73.3%
rank  93  tiled@96x16x8  median  69.669 ns/cell   min  65.408   vs prod: median +181.4%  min +177.6%
rank  93  tiled@64x16x8  median  64.158 ns/cell   min  60.510   vs prod: median +159.2%  min +156.8%
rank  93  tiled@48x24x8  median  70.531 ns/cell   min  68.349   vs prod: median +184.9%  min +190.1%
rank  93  tiled@32x32x8  median  84.274 ns/cell   min  78.088   vs prod: median +240.4%  min +231.4%
rank  93  tiled@128x16x4  median  52.609 ns/cell   min  49.666   vs prod: median +112.5%  min +110.8%
rank  93  naive     median  46.903 ns/cell   min  45.421   vs prod: median +89.5%  min +92.8%
rank  93  consa     median  23.994 ns/cell   min  21.371   vs prod: median -3.1%  min -9.3%
rank  96  prod      median  23.247 ns/cell   min  22.108
rank  96  clean     median  42.515 ns/cell   min  41.574   vs prod: median +82.9%  min +88.1%
rank  96  tiled@96x16x8  median  79.982 ns/cell   min  75.026   vs prod: median +244.1%  min +239.4%
rank  96  tiled@64x16x8  median  63.968 ns/cell   min  60.861   vs prod: median +175.2%  min +175.3%
rank  96  tiled@48x24x8  median  70.734 ns/cell   min  68.674   vs prod: median +204.3%  min +210.6%
rank  96  tiled@32x32x8  median  83.024 ns/cell   min  79.737   vs prod: median +257.1%  min +260.7%
rank  96  tiled@128x16x4  median  50.312 ns/cell   min  47.374   vs prod: median +116.4%  min +114.3%
rank  96  naive     median  44.838 ns/cell   min  43.676   vs prod: median +92.9%  min +97.6%
rank  96  consa     median  21.391 ns/cell   min  20.108   vs prod: median -8.0%  min -9.0%
rank  92  prod      median  23.347 ns/cell   min  22.110
rank  92  clean     median  42.846 ns/cell   min  41.868   vs prod: median +83.5%  min +89.4%
rank  92  tiled@96x16x8  median  80.078 ns/cell   min  74.376   vs prod: median +243.0%  min +236.4%
rank  92  tiled@64x16x8  median  63.722 ns/cell   min  60.940   vs prod: median +172.9%  min +175.6%
rank  92  tiled@48x24x8  median  70.511 ns/cell   min  68.531   vs prod: median +202.0%  min +210.0%
rank  92  tiled@32x32x8  median  82.592 ns/cell   min  78.961   vs prod: median +253.8%  min +257.1%
rank  92  tiled@128x16x4  median  50.376 ns/cell   min  47.427   vs prod: median +115.8%  min +114.5%
rank  92  naive     median  45.106 ns/cell   min  43.719   vs prod: median +93.2%  min +97.7%
rank  92  consa     median  21.664 ns/cell   min  20.087   vs prod: median -7.2%  min -9.1%
rank  75  prod      median  23.977 ns/cell   min  22.996
rank  75  clean     median  41.919 ns/cell   min  40.351   vs prod: median +74.8%  min +75.5%
rank  75  tiled@96x16x8  median  69.602 ns/cell   min  66.172   vs prod: median +190.3%  min +187.8%
rank  75  tiled@64x16x8  median  63.865 ns/cell   min  60.825   vs prod: median +166.4%  min +164.5%
rank  75  tiled@48x24x8  median  70.531 ns/cell   min  68.449   vs prod: median +194.2%  min +197.7%
rank  75  tiled@32x32x8  median  83.750 ns/cell   min  78.267   vs prod: median +249.3%  min +240.3%
rank  75  tiled@128x16x4  median  53.143 ns/cell   min  49.844   vs prod: median +121.6%  min +116.7%
rank  75  naive     median  47.379 ns/cell   min  45.635   vs prod: median +97.6%  min +98.4%
rank  75  consa     median  23.579 ns/cell   min  21.956   vs prod: median -1.7%  min -4.5%
rank  19  prod      median  24.240 ns/cell   min  23.153
rank  19  clean     median  41.954 ns/cell   min  40.408   vs prod: median +73.1%  min +74.5%
rank  19  tiled@96x16x8  median  70.170 ns/cell   min  65.827   vs prod: median +189.5%  min +184.3%
rank  19  tiled@64x16x8  median  63.755 ns/cell   min  60.902   vs prod: median +163.0%  min +163.0%
rank  19  tiled@48x24x8  median  70.126 ns/cell   min  68.313   vs prod: median +189.3%  min +195.1%
rank  19  tiled@32x32x8  median  83.272 ns/cell   min  78.515   vs prod: median +243.5%  min +239.1%
rank  19  tiled@128x16x4  median  53.290 ns/cell   min  49.811   vs prod: median +119.8%  min +115.1%
rank  19  naive     median  47.528 ns/cell   min  45.592   vs prod: median +96.1%  min +96.9%
rank  19  consa     median  23.735 ns/cell   min  22.010   vs prod: median -2.1%  min -4.9%
rank  68  prod      median  27.906 ns/cell   min  22.768
rank  68  clean     median  43.247 ns/cell   min  42.365   vs prod: median +55.0%  min +86.1%
rank  68  tiled@96x16x8  median  72.921 ns/cell   min  68.747   vs prod: median +161.3%  min +202.0%
rank  68  tiled@64x16x8  median  63.518 ns/cell   min  59.979   vs prod: median +127.6%  min +163.4%
rank  68  tiled@48x24x8  median  69.506 ns/cell   min  67.987   vs prod: median +149.1%  min +198.6%
rank  68  tiled@32x32x8  median  81.465 ns/cell   min  78.457   vs prod: median +191.9%  min +244.6%
rank  68  tiled@128x16x4  median  50.717 ns/cell   min  47.879   vs prod: median +81.7%  min +110.3%
rank  68  naive     median  46.206 ns/cell   min  44.669   vs prod: median +65.6%  min +96.2%
rank  68  consa     median  23.900 ns/cell   min  21.401   vs prod: median -14.4%  min -6.0%
rank  90  prod      median  27.472 ns/cell   min  22.867
rank  90  clean     median  43.352 ns/cell   min  42.318   vs prod: median +57.8%  min +85.1%
rank  90  tiled@96x16x8  median  71.299 ns/cell   min  67.934   vs prod: median +159.5%  min +197.1%
rank  90  tiled@64x16x8  median  63.302 ns/cell   min  60.346   vs prod: median +130.4%  min +163.9%
rank  90  tiled@48x24x8  median  69.428 ns/cell   min  67.762   vs prod: median +152.7%  min +196.3%
rank  90  tiled@32x32x8  median  81.450 ns/cell   min  78.121   vs prod: median +196.5%  min +241.6%
rank  90  tiled@128x16x4  median  51.520 ns/cell   min  49.055   vs prod: median +87.5%  min +114.5%
rank  90  naive     median  47.021 ns/cell   min  45.016   vs prod: median +71.2%  min +96.9%
rank  90  consa     median  25.882 ns/cell   min  21.403   vs prod: median -5.8%  min -6.4%
rank  98  prod      median  27.043 ns/cell   min  23.179
rank  98  clean     median  43.317 ns/cell   min  42.010   vs prod: median +60.2%  min +81.2%
rank  98  tiled@96x16x8  median  70.405 ns/cell   min  65.531   vs prod: median +160.3%  min +182.7%
rank  98  tiled@64x16x8  median  62.925 ns/cell   min  60.298   vs prod: median +132.7%  min +160.1%
rank  98  tiled@48x24x8  median  69.293 ns/cell   min  67.751   vs prod: median +156.2%  min +192.3%
rank  98  tiled@32x32x8  median  81.455 ns/cell   min  77.601   vs prod: median +201.2%  min +234.8%
rank  98  tiled@128x16x4  median  52.364 ns/cell   min  49.378   vs prod: median +93.6%  min +113.0%
rank  98  naive     median  47.925 ns/cell   min  45.222   vs prod: median +77.2%  min +95.1%
rank  98  consa     median  27.224 ns/cell   min  21.487   vs prod: median +0.7%  min -7.3%
rank  15  prod      median  23.976 ns/cell   min  22.726
rank  15  clean     median  42.053 ns/cell   min  40.215   vs prod: median +75.4%  min +77.0%
rank  15  tiled@96x16x8  median  70.123 ns/cell   min  66.342   vs prod: median +192.5%  min +191.9%
rank  15  tiled@64x16x8  median  63.356 ns/cell   min  60.959   vs prod: median +164.2%  min +168.2%
rank  15  tiled@48x24x8  median  70.538 ns/cell   min  67.680   vs prod: median +194.2%  min +197.8%
rank  15  tiled@32x32x8  median  82.643 ns/cell   min  77.993   vs prod: median +244.7%  min +243.2%
rank  15  tiled@128x16x4  median  53.889 ns/cell   min  51.403   vs prod: median +124.8%  min +126.2%
rank  15  naive     median  47.680 ns/cell   min  45.392   vs prod: median +98.9%  min +99.7%
rank  15  consa     median  23.269 ns/cell   min  21.696   vs prod: median -2.9%  min -4.5%
rank  41  prod      median  23.996 ns/cell   min  22.651
rank  41  clean     median  42.005 ns/cell   min  40.103   vs prod: median +75.0%  min +77.0%
rank  41  tiled@96x16x8  median  69.201 ns/cell   min  64.978   vs prod: median +188.4%  min +186.9%
rank  41  tiled@64x16x8  median  64.119 ns/cell   min  60.897   vs prod: median +167.2%  min +168.8%
rank  41  tiled@48x24x8  median  70.623 ns/cell   min  68.208   vs prod: median +194.3%  min +201.1%
rank  41  tiled@32x32x8  median  82.670 ns/cell   min  78.198   vs prod: median +244.5%  min +245.2%
rank  41  tiled@128x16x4  median  54.110 ns/cell   min  50.371   vs prod: median +125.5%  min +122.4%
rank  41  naive     median  47.557 ns/cell   min  45.486   vs prod: median +98.2%  min +100.8%
rank  41  consa     median  23.107 ns/cell   min  21.554   vs prod: median -3.7%  min -4.8%
rank  95  prod      median  23.874 ns/cell   min  22.356
rank  95  clean     median  42.061 ns/cell   min  40.176   vs prod: median +76.2%  min +79.7%
rank  95  tiled@96x16x8  median  70.314 ns/cell   min  65.370   vs prod: median +194.5%  min +192.4%
rank  95  tiled@64x16x8  median  63.660 ns/cell   min  60.937   vs prod: median +166.7%  min +172.6%
rank  95  tiled@48x24x8  median  70.294 ns/cell   min  67.456   vs prod: median +194.4%  min +201.7%
rank  95  tiled@32x32x8  median  82.950 ns/cell   min  77.762   vs prod: median +247.5%  min +247.8%
rank  95  tiled@128x16x4  median  54.505 ns/cell   min  51.468   vs prod: median +128.3%  min +130.2%
rank  95  naive     median  47.664 ns/cell   min  45.730   vs prod: median +99.6%  min +104.6%
rank  95  consa     median  23.016 ns/cell   min  20.936   vs prod: median -3.6%  min -6.4%
rank  27  prod      median  23.927 ns/cell   min  22.324
rank  27  clean     median  41.935 ns/cell   min  39.906   vs prod: median +75.3%  min +78.8%
rank  27  tiled@96x16x8  median  70.307 ns/cell   min  66.152   vs prod: median +193.8%  min +196.3%
rank  27  tiled@64x16x8  median  63.437 ns/cell   min  60.678   vs prod: median +165.1%  min +171.8%
rank  27  tiled@48x24x8  median  70.473 ns/cell   min  68.244   vs prod: median +194.5%  min +205.7%
rank  27  tiled@32x32x8  median  82.609 ns/cell   min  77.234   vs prod: median +245.3%  min +246.0%
rank  27  tiled@128x16x4  median  54.370 ns/cell   min  51.344   vs prod: median +127.2%  min +130.0%
rank  27  naive     median  47.709 ns/cell   min  46.088   vs prod: median +99.4%  min +106.5%
rank  27  consa     median  23.037 ns/cell   min  20.011   vs prod: median -3.7%  min -10.4%
rank  88  prod      median  26.089 ns/cell   min  24.854
rank  88  clean     median  42.486 ns/cell   min  41.172   vs prod: median +62.9%  min +65.7%
rank  88  tiled@96x16x8  median  69.161 ns/cell   min  64.872   vs prod: median +165.1%  min +161.0%
rank  88  tiled@64x16x8  median  62.833 ns/cell   min  60.380   vs prod: median +140.8%  min +142.9%
rank  88  tiled@48x24x8  median  68.729 ns/cell   min  66.392   vs prod: median +163.4%  min +167.1%
rank  88  tiled@32x32x8  median  81.253 ns/cell   min  77.302   vs prod: median +211.4%  min +211.0%
rank  88  tiled@128x16x4  median  54.181 ns/cell   min  50.469   vs prod: median +107.7%  min +103.1%
rank  88  naive     median  49.605 ns/cell   min  45.278   vs prod: median +90.1%  min +82.2%
rank  88  consa     median  27.221 ns/cell   min  22.010   vs prod: median +4.3%  min -11.4%
rank  84  prod      median  25.743 ns/cell   min  24.446
rank  84  clean     median  42.220 ns/cell   min  40.968   vs prod: median +64.0%  min +67.6%
rank  84  tiled@96x16x8  median  69.540 ns/cell   min  65.600   vs prod: median +170.1%  min +168.3%
rank  84  tiled@64x16x8  median  62.521 ns/cell   min  60.052   vs prod: median +142.9%  min +145.7%
rank  84  tiled@48x24x8  median  68.896 ns/cell   min  66.234   vs prod: median +167.6%  min +170.9%
rank  84  tiled@32x32x8  median  81.534 ns/cell   min  77.584   vs prod: median +216.7%  min +217.4%
rank  84  tiled@128x16x4  median  54.571 ns/cell   min  50.374   vs prod: median +112.0%  min +106.1%
rank  84  naive     median  50.282 ns/cell   min  45.320   vs prod: median +95.3%  min +85.4%
rank  84  consa     median  26.641 ns/cell   min  23.153   vs prod: median +3.5%  min -5.3%
rank  20  prod      median  25.658 ns/cell   min  24.526
rank  20  clean     median  42.381 ns/cell   min  41.177   vs prod: median +65.2%  min +67.9%
rank  20  tiled@96x16x8  median  70.121 ns/cell   min  64.857   vs prod: median +173.3%  min +164.4%
rank  20  tiled@64x16x8  median  62.809 ns/cell   min  59.989   vs prod: median +144.8%  min +144.6%
rank  20  tiled@48x24x8  median  68.664 ns/cell   min  66.578   vs prod: median +167.6%  min +171.5%
rank  20  tiled@32x32x8  median  80.877 ns/cell   min  76.758   vs prod: median +215.2%  min +213.0%
rank  20  tiled@128x16x4  median  54.710 ns/cell   min  50.676   vs prod: median +113.2%  min +106.6%
rank  20  naive     median  49.989 ns/cell   min  45.778   vs prod: median +94.8%  min +86.6%
rank  20  consa     median  26.789 ns/cell   min  24.122   vs prod: median +4.4%  min -1.7%
rank  79  prod      median  23.392 ns/cell   min  22.293
rank  79  clean     median  41.976 ns/cell   min  40.166   vs prod: median +79.4%  min +80.2%
rank  79  tiled@96x16x8  median  70.030 ns/cell   min  65.359   vs prod: median +199.4%  min +193.2%
rank  79  tiled@64x16x8  median  64.435 ns/cell   min  61.031   vs prod: median +175.5%  min +173.8%
rank  79  tiled@48x24x8  median  71.286 ns/cell   min  68.097   vs prod: median +204.7%  min +205.5%
rank  79  tiled@32x32x8  median  82.812 ns/cell   min  77.322   vs prod: median +254.0%  min +246.8%
rank  79  tiled@128x16x4  median  55.733 ns/cell   min  52.410   vs prod: median +138.3%  min +135.1%
rank  79  naive     median  47.730 ns/cell   min  43.230   vs prod: median +104.0%  min +93.9%
rank  79  consa     median  22.694 ns/cell   min  19.604   vs prod: median -3.0%  min -12.1%
rank  86  prod      median  25.205 ns/cell   min  24.077
rank  86  clean     median  42.228 ns/cell   min  40.920   vs prod: median +67.5%  min +70.0%
rank  86  tiled@96x16x8  median  69.953 ns/cell   min  65.818   vs prod: median +177.5%  min +173.4%
rank  86  tiled@64x16x8  median  62.921 ns/cell   min  59.483   vs prod: median +149.6%  min +147.0%
rank  86  tiled@48x24x8  median  68.989 ns/cell   min  66.722   vs prod: median +173.7%  min +177.1%
rank  86  tiled@32x32x8  median  81.331 ns/cell   min  77.071   vs prod: median +222.7%  min +220.1%
rank  86  tiled@128x16x4  median  55.061 ns/cell   min  50.273   vs prod: median +118.5%  min +108.8%
rank  86  naive     median  50.537 ns/cell   min  47.068   vs prod: median +100.5%  min +95.5%
rank  86  consa     median  26.065 ns/cell   min  22.854   vs prod: median +3.4%  min -5.1%
rank  34  prod      median  25.196 ns/cell   min  24.030
rank  34  clean     median  42.099 ns/cell   min  40.902   vs prod: median +67.1%  min +70.2%
rank  34  tiled@96x16x8  median  69.272 ns/cell   min  64.866   vs prod: median +174.9%  min +169.9%
rank  34  tiled@64x16x8  median  63.013 ns/cell   min  59.541   vs prod: median +150.1%  min +147.8%
rank  34  tiled@48x24x8  median  69.240 ns/cell   min  67.047   vs prod: median +174.8%  min +179.0%
rank  34  tiled@32x32x8  median  81.786 ns/cell   min  78.337   vs prod: median +224.6%  min +226.0%
rank  34  tiled@128x16x4  median  55.466 ns/cell   min  49.813   vs prod: median +120.1%  min +107.3%
rank  34  naive     median  50.379 ns/cell   min  47.262   vs prod: median +100.0%  min +96.7%
rank  34  consa     median  25.733 ns/cell   min  22.849   vs prod: median +2.1%  min -4.9%
rank  18  prod      median  25.225 ns/cell   min  23.919
rank  18  clean     median  42.039 ns/cell   min  40.883   vs prod: median +66.7%  min +70.9%
rank  18  tiled@96x16x8  median  70.463 ns/cell   min  66.738   vs prod: median +179.3%  min +179.0%
rank  18  tiled@64x16x8  median  62.282 ns/cell   min  59.130   vs prod: median +146.9%  min +147.2%
rank  18  tiled@48x24x8  median  68.973 ns/cell   min  67.180   vs prod: median +173.4%  min +180.9%
rank  18  tiled@32x32x8  median  81.429 ns/cell   min  76.881   vs prod: median +222.8%  min +221.4%
rank  18  tiled@128x16x4  median  55.911 ns/cell   min  52.135   vs prod: median +121.6%  min +118.0%
rank  18  naive     median  50.601 ns/cell   min  47.338   vs prod: median +100.6%  min +97.9%
rank  18  consa     median  25.288 ns/cell   min  21.934   vs prod: median +0.2%  min -8.3%
rank  21  prod      median  23.587 ns/cell   min  22.193
rank  21  clean     median  42.239 ns/cell   min  40.984   vs prod: median +79.1%  min +84.7%
rank  21  tiled@96x16x8  median  70.778 ns/cell   min  66.229   vs prod: median +200.1%  min +198.4%
rank  21  tiled@64x16x8  median  63.813 ns/cell   min  60.600   vs prod: median +170.5%  min +173.1%
rank  21  tiled@48x24x8  median  71.454 ns/cell   min  67.802   vs prod: median +202.9%  min +205.5%
rank  21  tiled@32x32x8  median  82.991 ns/cell   min  77.439   vs prod: median +251.8%  min +248.9%
rank  21  tiled@128x16x4  median  56.182 ns/cell   min  51.418   vs prod: median +138.2%  min +131.7%
rank  21  naive     median  47.676 ns/cell   min  44.272   vs prod: median +102.1%  min +99.5%
rank  21  consa     median  22.767 ns/cell   min  18.853   vs prod: median -3.5%  min -15.1%
rank  36  prod      median  25.027 ns/cell   min  23.698
rank  36  clean     median  42.098 ns/cell   min  40.972   vs prod: median +68.2%  min +72.9%
rank  36  tiled@96x16x8  median  70.684 ns/cell   min  65.784   vs prod: median +182.4%  min +177.6%
rank  36  tiled@64x16x8  median  62.222 ns/cell   min  58.985   vs prod: median +148.6%  min +148.9%
rank  36  tiled@48x24x8  median  68.924 ns/cell   min  67.201   vs prod: median +175.4%  min +183.6%
rank  36  tiled@32x32x8  median  81.290 ns/cell   min  76.360   vs prod: median +224.8%  min +222.2%
rank  36  tiled@128x16x4  median  56.477 ns/cell   min  53.735   vs prod: median +125.7%  min +126.7%
rank  36  naive     median  50.333 ns/cell   min  47.400   vs prod: median +101.1%  min +100.0%
rank  36  consa     median  24.710 ns/cell   min  21.356   vs prod: median -1.3%  min -9.9%
rank  59  prod      median  23.480 ns/cell   min  22.036
rank  59  clean     median  42.239 ns/cell   min  41.020   vs prod: median +79.9%  min +86.2%
rank  59  tiled@96x16x8  median  70.796 ns/cell   min  65.844   vs prod: median +201.5%  min +198.8%
rank  59  tiled@64x16x8  median  64.467 ns/cell   min  61.009   vs prod: median +174.6%  min +176.9%
rank  59  tiled@48x24x8  median  72.480 ns/cell   min  68.154   vs prod: median +208.7%  min +209.3%
rank  59  tiled@32x32x8  median  83.376 ns/cell   min  77.848   vs prod: median +255.1%  min +253.3%
rank  59  tiled@128x16x4  median  55.545 ns/cell   min  50.181   vs prod: median +136.6%  min +127.7%
rank  59  naive     median  47.765 ns/cell   min  44.290   vs prod: median +103.4%  min +101.0%
rank  59  consa     median  22.610 ns/cell   min  18.827   vs prod: median -3.7%  min -14.6%
rank  58  prod      median  24.994 ns/cell   min  23.788
rank  58  clean     median  41.908 ns/cell   min  40.845   vs prod: median +67.7%  min +71.7%
rank  58  tiled@96x16x8  median  70.157 ns/cell   min  66.160   vs prod: median +180.7%  min +178.1%
rank  58  tiled@64x16x8  median  62.150 ns/cell   min  58.733   vs prod: median +148.7%  min +146.9%
rank  58  tiled@48x24x8  median  68.907 ns/cell   min  67.261   vs prod: median +175.7%  min +182.7%
rank  58  tiled@32x32x8  median  82.116 ns/cell   min  76.782   vs prod: median +228.5%  min +222.8%
rank  58  tiled@128x16x4  median  56.255 ns/cell   min  53.132   vs prod: median +125.1%  min +123.4%
rank  58  naive     median  50.438 ns/cell   min  47.455   vs prod: median +101.8%  min +99.5%
rank  58  consa     median  24.729 ns/cell   min  21.060   vs prod: median -1.1%  min -11.5%
rank  62  prod      median  24.951 ns/cell   min  23.559
rank  62  clean     median  41.946 ns/cell   min  40.723   vs prod: median +68.1%  min +72.9%
rank  62  tiled@96x16x8  median  70.134 ns/cell   min  65.647   vs prod: median +181.1%  min +178.6%
rank  62  tiled@64x16x8  median  62.329 ns/cell   min  59.046   vs prod: median +149.8%  min +150.6%
rank  62  tiled@48x24x8  median  69.225 ns/cell   min  67.756   vs prod: median +177.4%  min +187.6%
rank  62  tiled@32x32x8  median  82.225 ns/cell   min  76.992   vs prod: median +229.6%  min +226.8%
rank  62  tiled@128x16x4  median  56.792 ns/cell   min  52.910   vs prod: median +127.6%  min +124.6%
rank  62  naive     median  50.125 ns/cell   min  47.238   vs prod: median +100.9%  min +100.5%
rank  62  consa     median  24.492 ns/cell   min  20.789   vs prod: median -1.8%  min -11.8%
rank  70  prod      median  24.411 ns/cell   min  23.489
rank  70  clean     median  41.690 ns/cell   min  40.811   vs prod: median +70.8%  min +73.7%
rank  70  tiled@96x16x8  median  70.258 ns/cell   min  65.901   vs prod: median +187.8%  min +180.6%
rank  70  tiled@64x16x8  median  61.825 ns/cell   min  59.073   vs prod: median +153.3%  min +151.5%
rank  70  tiled@48x24x8  median  69.096 ns/cell   min  67.332   vs prod: median +183.0%  min +186.7%
rank  70  tiled@32x32x8  median  82.250 ns/cell   min  76.871   vs prod: median +236.9%  min +227.3%
rank  70  tiled@128x16x4  median  57.611 ns/cell   min  54.943   vs prod: median +136.0%  min +133.9%
rank  70  naive     median  50.127 ns/cell   min  47.267   vs prod: median +105.3%  min +101.2%
rank  70  consa     median  24.284 ns/cell   min  20.723   vs prod: median -0.5%  min -11.8%
rank  42  prod      median  24.120 ns/cell   min  23.481
rank  42  clean     median  41.694 ns/cell   min  40.714   vs prod: median +72.9%  min +73.4%
rank  42  tiled@96x16x8  median  69.097 ns/cell   min  65.828   vs prod: median +186.5%  min +180.3%
rank  42  tiled@64x16x8  median  61.763 ns/cell   min  59.060   vs prod: median +156.1%  min +151.5%
rank  42  tiled@48x24x8  median  68.738 ns/cell   min  66.593   vs prod: median +185.0%  min +183.6%
rank  42  tiled@32x32x8  median  82.631 ns/cell   min  77.286   vs prod: median +242.6%  min +229.1%
rank  42  tiled@128x16x4  median  58.180 ns/cell   min  55.355   vs prod: median +141.2%  min +135.7%
rank  42  naive     median  50.537 ns/cell   min  47.611   vs prod: median +109.5%  min +102.8%
rank  42  consa     median  24.244 ns/cell   min  20.744   vs prod: median +0.5%  min -11.7%
rank  48  prod      median  24.450 ns/cell   min  22.982
rank  48  clean     median  41.743 ns/cell   min  40.702   vs prod: median +70.7%  min +77.1%
rank  48  tiled@96x16x8  median  70.018 ns/cell   min  65.437   vs prod: median +186.4%  min +184.7%
rank  80  prod      median  24.406 ns/cell   min  22.944
rank  80  clean     median  41.661 ns/cell   min  40.683   vs prod: median +70.7%  min +77.3%
rank  80  tiled@96x16x8  median  70.455 ns/cell   min  66.548   vs prod: median +188.7%  min +190.0%
rank  80  tiled@64x16x8  median  62.379 ns/cell   min  59.145   vs prod: median +155.6%  min +157.8%
rank  80  tiled@48x24x8  median  69.190 ns/cell   min  67.719   vs prod: median +183.5%  min +195.2%
rank  48  tiled@64x16x8  median  62.355 ns/cell   min  58.770   vs prod: median +155.0%  min +155.7%
rank  48  tiled@48x24x8  median  68.677 ns/cell   min  67.437   vs prod: median +180.9%  min +193.4%
rank  48  tiled@32x32x8  median  82.558 ns/cell   min  77.193   vs prod: median +237.7%  min +235.9%
rank  48  tiled@128x16x4  median  57.827 ns/cell   min  52.779   vs prod: median +136.5%  min +129.7%
rank  48  naive     median  50.054 ns/cell   min  46.832   vs prod: median +104.7%  min +103.8%
rank  48  consa     median  24.259 ns/cell   min  20.201   vs prod: median -0.8%  min -12.1%
rank  80  tiled@32x32x8  median  82.605 ns/cell   min  77.005   vs prod: median +238.5%  min +235.6%
rank  80  tiled@128x16x4  median  57.690 ns/cell   min  54.154   vs prod: median +136.4%  min +136.0%
rank  80  naive     median  49.905 ns/cell   min  46.644   vs prod: median +104.5%  min +103.3%
rank  80  consa     median  24.073 ns/cell   min  19.911   vs prod: median -1.4%  min -13.2%
rank  60  prod      median  24.515 ns/cell   min  23.062
rank  60  clean     median  41.899 ns/cell   min  40.799   vs prod: median +70.9%  min +76.9%
rank  60  tiled@96x16x8  median  70.055 ns/cell   min  65.267   vs prod: median +185.8%  min +183.0%
rank  60  tiled@64x16x8  median  62.197 ns/cell   min  58.724   vs prod: median +153.7%  min +154.6%
rank  60  tiled@48x24x8  median  68.876 ns/cell   min  67.517   vs prod: median +181.0%  min +192.8%
rank  60  tiled@32x32x8  median  82.358 ns/cell   min  76.716   vs prod: median +236.0%  min +232.6%
rank  60  tiled@128x16x4  median  57.499 ns/cell   min  53.888   vs prod: median +134.5%  min +133.7%
rank  60  naive     median  49.957 ns/cell   min  46.748   vs prod: median +103.8%  min +102.7%
rank  60  consa     median  24.266 ns/cell   min  20.035   vs prod: median -1.0%  min -13.1%
rank  74  prod      median  24.448 ns/cell   min  23.255
rank  74  clean     median  41.967 ns/cell   min  40.921   vs prod: median +71.7%  min +76.0%
rank  74  tiled@96x16x8  median  70.474 ns/cell   min  66.829   vs prod: median +188.3%  min +187.4%
rank  74  tiled@64x16x8  median  61.916 ns/cell   min  59.052   vs prod: median +153.3%  min +153.9%
rank  74  tiled@48x24x8  median  68.844 ns/cell   min  67.103   vs prod: median +181.6%  min +188.5%
rank  74  tiled@32x32x8  median  82.224 ns/cell   min  76.679   vs prod: median +236.3%  min +229.7%
rank  74  tiled@128x16x4  median  57.664 ns/cell   min  54.964   vs prod: median +135.9%  min +136.4%
rank  74  naive     median  50.006 ns/cell   min  46.613   vs prod: median +104.5%  min +100.4%
rank  74  consa     median  24.084 ns/cell   min  19.786   vs prod: median -1.5%  min -14.9%
rank  52  prod      median  24.356 ns/cell   min  23.215
rank  52  clean     median  41.654 ns/cell   min  40.798   vs prod: median +71.0%  min +75.7%
rank  52  tiled@96x16x8  median  70.184 ns/cell   min  65.812   vs prod: median +188.2%  min +183.5%
rank  52  tiled@64x16x8  median  61.957 ns/cell   min  58.803   vs prod: median +154.4%  min +153.3%
rank  52  tiled@48x24x8  median  68.789 ns/cell   min  67.203   vs prod: median +182.4%  min +189.5%
rank  52  tiled@32x32x8  median  82.347 ns/cell   min  76.691   vs prod: median +238.1%  min +230.3%
rank  52  tiled@128x16x4  median  57.239 ns/cell   min  54.831   vs prod: median +135.0%  min +136.2%
rank  52  naive     median  50.176 ns/cell   min  46.616   vs prod: median +106.0%  min +100.8%
rank  52  consa     median  24.151 ns/cell   min  19.784   vs prod: median -0.8%  min -14.8%
rank  69  prod      median  23.214 ns/cell   min  22.038
rank  69  clean     median  42.360 ns/cell   min  41.081   vs prod: median +82.5%  min +86.4%
rank  69  tiled@96x16x8  median  70.508 ns/cell   min  65.098   vs prod: median +203.7%  min +195.4%
rank  69  tiled@64x16x8  median  64.389 ns/cell   min  61.362   vs prod: median +177.4%  min +178.4%
rank  69  tiled@48x24x8  median  72.480 ns/cell   min  67.934   vs prod: median +212.2%  min +208.3%
rank  69  tiled@32x32x8  median  83.487 ns/cell   min  78.384   vs prod: median +259.6%  min +255.7%
rank  69  tiled@128x16x4  median  56.388 ns/cell   min  48.818   vs prod: median +142.9%  min +121.5%
rank  69  naive     median  47.710 ns/cell   min  43.565   vs prod: median +105.5%  min +97.7%
rank  69  consa     median  22.784 ns/cell   min  18.743   vs prod: median -1.9%  min -14.9%
rank   2  prod      median  24.049 ns/cell   min  22.880
rank   2  clean     median  41.831 ns/cell   min  40.811   vs prod: median +73.9%  min +78.4%
rank   2  tiled@96x16x8  median  70.023 ns/cell   min  65.455   vs prod: median +191.2%  min +186.1%
rank   2  tiled@64x16x8  median  62.107 ns/cell   min  59.066   vs prod: median +158.3%  min +158.2%
rank   2  tiled@48x24x8  median  69.062 ns/cell   min  67.392   vs prod: median +187.2%  min +194.5%
rank   2  tiled@32x32x8  median  82.867 ns/cell   min  77.193   vs prod: median +244.6%  min +237.4%
rank   2  tiled@128x16x4  median  58.208 ns/cell   min  54.264   vs prod: median +142.0%  min +137.2%
rank   2  naive     median  50.051 ns/cell   min  46.322   vs prod: median +108.1%  min +102.5%
rank   2  consa     median  24.146 ns/cell   min  19.782   vs prod: median +0.4%  min -13.5%
rank   3  prod      median  22.952 ns/cell   min  22.112
rank   3  clean     median  42.363 ns/cell   min  41.117   vs prod: median +84.6%  min +85.9%
rank   3  tiled@96x16x8  median  69.779 ns/cell   min  65.428   vs prod: median +204.0%  min +195.9%
rank   3  tiled@64x16x8  median  64.291 ns/cell   min  61.195   vs prod: median +180.1%  min +176.7%
rank   3  tiled@48x24x8  median  72.112 ns/cell   min  67.148   vs prod: median +214.2%  min +203.7%
rank   3  tiled@32x32x8  median  83.104 ns/cell   min  77.321   vs prod: median +262.1%  min +249.7%
rank   3  tiled@128x16x4  median  57.002 ns/cell   min  48.331   vs prod: median +148.4%  min +118.6%
rank   3  naive     median  47.557 ns/cell   min  41.426   vs prod: median +107.2%  min +87.3%
rank   3  consa     median  22.576 ns/cell   min  18.036   vs prod: median -1.6%  min -18.4%
rank  89  prod      median  22.768 ns/cell   min  22.026
rank  89  clean     median  42.449 ns/cell   min  40.755   vs prod: median +86.4%  min +85.0%
rank  89  tiled@96x16x8  median  70.162 ns/cell   min  65.126   vs prod: median +208.2%  min +195.7%
rank  89  tiled@64x16x8  median  64.110 ns/cell   min  61.277   vs prod: median +181.6%  min +178.2%
rank  89  tiled@48x24x8  median  71.949 ns/cell   min  67.895   vs prod: median +216.0%  min +208.3%
rank  89  tiled@32x32x8  median  83.353 ns/cell   min  77.358   vs prod: median +266.1%  min +251.2%
rank  89  tiled@128x16x4  median  57.866 ns/cell   min  48.424   vs prod: median +154.2%  min +119.9%
rank  89  naive     median  47.257 ns/cell   min  40.786   vs prod: median +107.6%  min +85.2%
rank  89  consa     median  22.410 ns/cell   min  17.750   vs prod: median -1.6%  min -19.4%
rank  25  prod      median  22.644 ns/cell   min  21.867
rank  25  clean     median  42.549 ns/cell   min  39.432   vs prod: median +87.9%  min +80.3%
rank  25  tiled@96x16x8  median  71.134 ns/cell   min  65.797   vs prod: median +214.1%  min +200.9%
rank  25  tiled@64x16x8  median  63.869 ns/cell   min  60.776   vs prod: median +182.1%  min +177.9%
rank  25  tiled@48x24x8  median  70.486 ns/cell   min  67.056   vs prod: median +211.3%  min +206.7%
rank  25  tiled@32x32x8  median  83.997 ns/cell   min  77.313   vs prod: median +270.9%  min +253.6%
rank  25  tiled@128x16x4  median  58.882 ns/cell   min  48.658   vs prod: median +160.0%  min +122.5%
rank  25  naive     median  47.023 ns/cell   min  40.069   vs prod: median +107.7%  min +83.2%
rank  25  consa     median  22.475 ns/cell   min  17.262   vs prod: median -0.7%  min -21.1%
rank  81  prod      median  22.633 ns/cell   min  21.811
rank  81  clean     median  42.516 ns/cell   min  38.950   vs prod: median +87.8%  min +78.6%
rank  81  tiled@96x16x8  median  71.512 ns/cell   min  65.810   vs prod: median +216.0%  min +201.7%
rank  81  tiled@64x16x8  median  64.053 ns/cell   min  60.909   vs prod: median +183.0%  min +179.3%
rank  81  tiled@48x24x8  median  70.325 ns/cell   min  67.488   vs prod: median +210.7%  min +209.4%
rank  81  tiled@32x32x8  median  84.283 ns/cell   min  77.359   vs prod: median +272.4%  min +254.7%
rank  81  tiled@128x16x4  median  58.231 ns/cell   min  48.438   vs prod: median +157.3%  min +122.1%
rank  81  naive     median  46.918 ns/cell   min  39.724   vs prod: median +107.3%  min +82.1%
rank  81  consa     median  21.780 ns/cell   min  17.022   vs prod: median -3.8%  min -22.0%
rank  32  prod      median  22.998 ns/cell   min  21.464
rank  32  clean     median  41.669 ns/cell   min  39.172   vs prod: median +81.2%  min +82.5%
rank  32  tiled@96x16x8  median  70.875 ns/cell   min  64.043   vs prod: median +208.2%  min +198.4%
rank  32  tiled@64x16x8  median  62.291 ns/cell   min  59.086   vs prod: median +170.9%  min +175.3%
rank  32  tiled@48x24x8  median  69.406 ns/cell   min  67.660   vs prod: median +201.8%  min +215.2%
rank  32  tiled@32x32x8  median  83.021 ns/cell   min  76.880   vs prod: median +261.0%  min +258.2%
rank  32  tiled@128x16x4  median  60.887 ns/cell   min  54.647   vs prod: median +164.8%  min +154.6%
rank  32  naive     median  49.200 ns/cell   min  40.023   vs prod: median +113.9%  min +86.5%
rank  32  consa     median  23.853 ns/cell   min  17.230   vs prod: median +3.7%  min -19.7%
rank  63  prod      median  23.159 ns/cell   min  21.800
rank  63  clean     median  42.126 ns/cell   min  39.367   vs prod: median +81.9%  min +80.6%
rank  63  tiled@96x16x8  median  71.148 ns/cell   min  66.677   vs prod: median +207.2%  min +205.9%
rank  63  tiled@64x16x8  median  64.365 ns/cell   min  60.983   vs prod: median +177.9%  min +179.7%
rank  63  tiled@48x24x8  median  69.918 ns/cell   min  67.247   vs prod: median +201.9%  min +208.5%
rank  63  tiled@32x32x8  median  86.438 ns/cell   min  76.719   vs prod: median +273.2%  min +251.9%
rank  63  tiled@128x16x4  median  58.311 ns/cell   min  42.888   vs prod: median +151.8%  min +96.7%
rank  63  naive     median  46.669 ns/cell   min  38.328   vs prod: median +101.5%  min +75.8%
rank  63  consa     median  21.599 ns/cell   min  16.805   vs prod: median -6.7%  min -22.9%
rank  47  prod      median  23.416 ns/cell   min  21.831
rank  47  clean     median  41.894 ns/cell   min  39.534   vs prod: median +78.9%  min +81.1%
rank  47  tiled@96x16x8  median  71.203 ns/cell   min  68.189   vs prod: median +204.1%  min +212.3%
rank  47  tiled@64x16x8  median  64.267 ns/cell   min  60.648   vs prod: median +174.5%  min +177.8%
rank  47  tiled@48x24x8  median  69.135 ns/cell   min  66.784   vs prod: median +195.3%  min +205.9%
rank  47  tiled@32x32x8  median  86.955 ns/cell   min  76.666   vs prod: median +271.4%  min +251.2%
rank  47  tiled@128x16x4  median  57.707 ns/cell   min  41.911   vs prod: median +146.4%  min +92.0%
rank  47  naive     median  46.896 ns/cell   min  38.405   vs prod: median +100.3%  min +75.9%
rank  47  consa     median  21.606 ns/cell   min  16.636   vs prod: median -7.7%  min -23.8%
rank  30  prod      median  22.519 ns/cell   min  21.317
rank  30  clean     median  41.590 ns/cell   min  39.143   vs prod: median +84.7%  min +83.6%
rank  30  tiled@96x16x8  median  69.381 ns/cell   min  63.812   vs prod: median +208.1%  min +199.3%
rank  30  tiled@64x16x8  median  62.292 ns/cell   min  60.509   vs prod: median +176.6%  min +183.8%
rank  30  tiled@48x24x8  median  68.731 ns/cell   min  67.084   vs prod: median +205.2%  min +214.7%
rank  30  tiled@32x32x8  median  84.408 ns/cell   min  77.237   vs prod: median +274.8%  min +262.3%
rank  30  tiled@128x16x4  median  63.501 ns/cell   min  41.859   vs prod: median +182.0%  min +96.4%
rank  30  naive     median  48.422 ns/cell   min  36.392   vs prod: median +115.0%  min +70.7%
rank  30  consa     median  22.369 ns/cell   min  14.889   vs prod: median -0.7%  min -30.2%
rank  37  prod      median  23.158 ns/cell   min  21.901
rank  37  clean     median  41.712 ns/cell   min  39.756   vs prod: median +80.1%  min +81.5%
rank  37  tiled@96x16x8  median  72.264 ns/cell   min  68.976   vs prod: median +212.0%  min +214.9%
rank  37  tiled@64x16x8  median  64.007 ns/cell   min  60.909   vs prod: median +176.4%  min +178.1%
rank  37  tiled@48x24x8  median  69.416 ns/cell   min  64.467   vs prod: median +199.7%  min +194.4%
rank  37  tiled@32x32x8  median  87.413 ns/cell   min  73.033   vs prod: median +277.5%  min +233.5%
rank  37  tiled@128x16x4  median  57.220 ns/cell   min  41.402   vs prod: median +147.1%  min +89.0%
rank  37  naive     median  46.949 ns/cell   min  37.764   vs prod: median +102.7%  min +72.4%
rank  37  consa     median  21.517 ns/cell   min  16.213   vs prod: median -7.1%  min -26.0%
rank  23  prod      median  23.980 ns/cell   min  22.157
rank  23  clean     median  41.675 ns/cell   min  39.763   vs prod: median +73.8%  min +79.5%
rank  23  tiled@96x16x8  median  69.017 ns/cell   min  66.616   vs prod: median +187.8%  min +200.7%
rank  23  tiled@64x16x8  median  61.808 ns/cell   min  58.505   vs prod: median +157.7%  min +164.0%
rank  23  tiled@48x24x8  median  69.914 ns/cell   min  63.050   vs prod: median +191.5%  min +184.6%
rank  23  tiled@32x32x8  median  91.442 ns/cell   min  71.448   vs prod: median +281.3%  min +222.5%
rank  23  tiled@128x16x4  median  58.414 ns/cell   min  41.238   vs prod: median +143.6%  min +86.1%
rank  23  naive     median  47.185 ns/cell   min  37.776   vs prod: median +96.8%  min +70.5%
rank  23  consa     median  22.218 ns/cell   min  16.400   vs prod: median -7.3%  min -26.0%
rank  76  prod      median  22.573 ns/cell   min  21.010
rank  76  clean     median  41.108 ns/cell   min  39.357   vs prod: median +82.1%  min +87.3%
rank  76  tiled@96x16x8  median  69.815 ns/cell   min  64.393   vs prod: median +209.3%  min +206.5%
rank  76  tiled@64x16x8  median  62.973 ns/cell   min  60.167   vs prod: median +179.0%  min +186.4%
rank  76  tiled@48x24x8  median  67.832 ns/cell   min  66.087   vs prod: median +200.5%  min +214.6%
rank  76  tiled@32x32x8  median  85.050 ns/cell   min  72.939   vs prod: median +276.8%  min +247.2%
rank  76  tiled@128x16x4  median  62.262 ns/cell   min  38.389   vs prod: median +175.8%  min +82.7%
rank  76  naive     median  48.253 ns/cell   min  35.709   vs prod: median +113.8%  min +70.0%
rank  76  consa     median  21.543 ns/cell   min  14.585   vs prod: median -4.6%  min -30.6%
rank  67  prod      median  23.966 ns/cell   min  22.258
rank  67  clean     median  41.521 ns/cell   min  40.249   vs prod: median +73.2%  min +80.8%
rank  67  tiled@96x16x8  median  68.639 ns/cell   min  66.049   vs prod: median +186.4%  min +196.7%
rank  67  tiled@64x16x8  median  61.966 ns/cell   min  58.149   vs prod: median +158.6%  min +161.2%
rank  67  tiled@48x24x8  median  70.906 ns/cell   min  63.858   vs prod: median +195.9%  min +186.9%
rank  67  tiled@32x32x8  median  90.826 ns/cell   min  69.694   vs prod: median +279.0%  min +213.1%
rank  67  tiled@128x16x4  median  58.497 ns/cell   min  40.828   vs prod: median +144.1%  min +83.4%
rank  67  naive     median  47.177 ns/cell   min  37.689   vs prod: median +96.9%  min +69.3%
rank  67  consa     median  22.294 ns/cell   min  16.510   vs prod: median -7.0%  min -25.8%
rank  85  prod      median  23.872 ns/cell   min  22.076
rank  85  clean     median  41.565 ns/cell   min  40.478   vs prod: median +74.1%  min +83.4%
rank  85  tiled@96x16x8  median  68.082 ns/cell   min  66.045   vs prod: median +185.2%  min +199.2%
rank  85  tiled@64x16x8  median  61.430 ns/cell   min  57.843   vs prod: median +157.3%  min +162.0%
rank  85  tiled@48x24x8  median  72.450 ns/cell   min  62.737   vs prod: median +203.5%  min +184.2%
rank  85  tiled@32x32x8  median  89.418 ns/cell   min  68.584   vs prod: median +274.6%  min +210.7%
rank  85  tiled@128x16x4  median  58.722 ns/cell   min  41.485   vs prod: median +146.0%  min +87.9%
rank  85  naive     median  47.101 ns/cell   min  37.757   vs prod: median +97.3%  min +71.0%
rank  85  consa     median  22.554 ns/cell   min  16.714   vs prod: median -5.5%  min -24.3%
rank  17  prod      median  23.700 ns/cell   min  22.683
rank  17  clean     median  41.391 ns/cell   min  40.580   vs prod: median +74.6%  min +78.9%
rank  17  tiled@96x16x8  median  67.541 ns/cell   min  64.367   vs prod: median +185.0%  min +183.8%
rank  17  tiled@64x16x8  median  61.613 ns/cell   min  56.351   vs prod: median +160.0%  min +148.4%
rank  17  tiled@48x24x8  median  74.050 ns/cell   min  61.978   vs prod: median +212.4%  min +173.2%
rank  17  tiled@32x32x8  median  87.742 ns/cell   min  66.778   vs prod: median +270.2%  min +194.4%
rank  17  tiled@128x16x4  median  56.749 ns/cell   min  40.672   vs prod: median +139.4%  min +79.3%
rank  17  naive     median  47.058 ns/cell   min  37.346   vs prod: median +98.6%  min +64.6%
rank  17  consa     median  22.857 ns/cell   min  16.090   vs prod: median -3.6%  min -29.1%
rank  12  prod      median  23.451 ns/cell   min  21.530
rank  12  clean     median  40.925 ns/cell   min  39.733   vs prod: median +74.5%  min +84.5%
rank  12  tiled@96x16x8  median  68.402 ns/cell   min  67.201   vs prod: median +191.7%  min +212.1%
rank  12  tiled@64x16x8  median  61.047 ns/cell   min  58.968   vs prod: median +160.3%  min +173.9%
rank  12  tiled@48x24x8  median  68.029 ns/cell   min  66.322   vs prod: median +190.1%  min +208.0%
rank  12  tiled@32x32x8  median  88.247 ns/cell   min  62.817   vs prod: median +276.3%  min +191.8%
rank  12  tiled@128x16x4  median  63.199 ns/cell   min  36.549   vs prod: median +169.5%  min +69.8%
rank  12  naive     median  47.585 ns/cell   min  35.955   vs prod: median +102.9%  min +67.0%
rank  12  consa     median  21.402 ns/cell   min  14.825   vs prod: median -8.7%  min -31.1%
rank  65  prod      median  23.582 ns/cell   min  22.694
rank  65  clean     median  41.179 ns/cell   min  40.474   vs prod: median +74.6%  min +78.3%
rank  65  tiled@96x16x8  median  67.985 ns/cell   min  64.127   vs prod: median +188.3%  min +182.6%
rank  65  tiled@64x16x8  median  63.557 ns/cell   min  56.252   vs prod: median +169.5%  min +147.9%
rank  65  tiled@48x24x8  median  74.013 ns/cell   min  61.876   vs prod: median +213.9%  min +172.7%
rank  65  tiled@32x32x8  median  87.375 ns/cell   min  65.521   vs prod: median +270.5%  min +188.7%
rank  65  tiled@128x16x4  median  56.996 ns/cell   min  39.986   vs prod: median +141.7%  min +76.2%
rank  65  naive     median  46.561 ns/cell   min  37.190   vs prod: median +97.4%  min +63.9%
rank  65  consa     median  22.126 ns/cell   min  15.703   vs prod: median -6.2%  min -30.8%
rank  13  prod      median  23.509 ns/cell   min  22.865
rank  13  clean     median  41.397 ns/cell   min  40.316   vs prod: median +76.1%  min +76.3%
rank  13  tiled@96x16x8  median  68.118 ns/cell   min  63.793   vs prod: median +189.8%  min +179.0%
rank  13  tiled@64x16x8  median  63.119 ns/cell   min  55.880   vs prod: median +168.5%  min +144.4%
rank  13  tiled@48x24x8  median  74.187 ns/cell   min  61.464   vs prod: median +215.6%  min +168.8%
rank  13  tiled@32x32x8  median  87.036 ns/cell   min  65.667   vs prod: median +270.2%  min +187.2%
rank  13  tiled@128x16x4  median  56.733 ns/cell   min  40.249   vs prod: median +141.3%  min +76.0%
rank  13  naive     median  46.714 ns/cell   min  37.211   vs prod: median +98.7%  min +62.7%
rank  13  consa     median  22.250 ns/cell   min  15.793   vs prod: median -5.4%  min -30.9%
rank  77  prod      median  23.469 ns/cell   min  22.524
rank  77  clean     median  41.343 ns/cell   min  39.766   vs prod: median +76.2%  min +76.6%
rank  77  tiled@96x16x8  median  67.886 ns/cell   min  63.040   vs prod: median +189.3%  min +179.9%
rank  77  tiled@64x16x8  median  63.522 ns/cell   min  55.170   vs prod: median +170.7%  min +144.9%
rank  77  tiled@48x24x8  median  73.962 ns/cell   min  59.645   vs prod: median +215.1%  min +164.8%
rank  77  tiled@32x32x8  median  87.501 ns/cell   min  65.322   vs prod: median +272.8%  min +190.0%
rank  77  tiled@128x16x4  median  56.902 ns/cell   min  39.937   vs prod: median +142.5%  min +77.3%
rank  77  naive     median  46.500 ns/cell   min  37.144   vs prod: median +98.1%  min +64.9%
rank  77  consa     median  22.322 ns/cell   min  15.583   vs prod: median -4.9%  min -30.8%
rank   7  prod      median  23.477 ns/cell   min  22.587
rank   7  clean     median  41.490 ns/cell   min  39.635   vs prod: median +76.7%  min +75.5%
rank   7  tiled@96x16x8  median  67.213 ns/cell   min  62.492   vs prod: median +186.3%  min +176.7%
rank   7  tiled@64x16x8  median  63.963 ns/cell   min  55.911   vs prod: median +172.4%  min +147.5%
rank   7  tiled@48x24x8  median  74.124 ns/cell   min  60.049   vs prod: median +215.7%  min +165.9%
rank   7  tiled@32x32x8  median  87.338 ns/cell   min  65.571   vs prod: median +272.0%  min +190.3%
rank   7  tiled@128x16x4  median  57.029 ns/cell   min  39.564   vs prod: median +142.9%  min +75.2%
rank   7  naive     median  46.521 ns/cell   min  37.205   vs prod: median +98.2%  min +64.7%
rank   7  consa     median  22.470 ns/cell   min  15.524   vs prod: median -4.3%  min -31.3%
rank  94  prod      median  23.185 ns/cell   min  21.609
rank  94  clean     median  41.258 ns/cell   min  39.857   vs prod: median +78.0%  min +84.4%
rank  94  tiled@96x16x8  median  69.209 ns/cell   min  67.524   vs prod: median +198.5%  min +212.5%
rank  94  tiled@64x16x8  median  61.002 ns/cell   min  58.682   vs prod: median +163.1%  min +171.6%
rank  94  tiled@48x24x8  median  68.948 ns/cell   min  56.558   vs prod: median +197.4%  min +161.7%
rank  94  tiled@32x32x8  median  87.933 ns/cell   min  57.364   vs prod: median +279.3%  min +165.5%
rank  94  tiled@128x16x4  median  62.972 ns/cell   min  35.472   vs prod: median +171.6%  min +64.2%
rank  94  naive     median  47.599 ns/cell   min  35.446   vs prod: median +105.3%  min +64.0%
rank  94  consa     median  21.559 ns/cell   min  15.000   vs prod: median -7.0%  min -30.6%
rank  53  prod      median  23.486 ns/cell   min  22.321
rank  53  clean     median  41.186 ns/cell   min  39.158   vs prod: median +75.4%  min +75.4%
rank  53  tiled@96x16x8  median  68.668 ns/cell   min  62.270   vs prod: median +192.4%  min +179.0%
rank  53  tiled@64x16x8  median  64.296 ns/cell   min  55.289   vs prod: median +173.8%  min +147.7%
rank  53  tiled@48x24x8  median  71.796 ns/cell   min  56.399   vs prod: median +205.7%  min +152.7%
rank  53  tiled@32x32x8  median  89.658 ns/cell   min  64.066   vs prod: median +281.8%  min +187.0%
rank  53  tiled@128x16x4  median  57.101 ns/cell   min  38.925   vs prod: median +143.1%  min +74.4%
rank  53  naive     median  46.701 ns/cell   min  36.178   vs prod: median +98.8%  min +62.1%
rank  53  consa     median  22.469 ns/cell   min  15.170   vs prod: median -4.3%  min -32.0%
rank  22  prod      median  23.644 ns/cell   min  22.153
rank  22  clean     median  41.462 ns/cell   min  40.578   vs prod: median +75.4%  min +83.2%
rank  22  tiled@96x16x8  median  67.318 ns/cell   min  63.709   vs prod: median +184.7%  min +187.6%
rank  22  tiled@64x16x8  median  61.881 ns/cell   min  58.522   vs prod: median +161.7%  min +164.2%
rank  22  tiled@48x24x8  median  71.802 ns/cell   min  53.304   vs prod: median +203.7%  min +140.6%
rank  22  tiled@32x32x8  median  86.994 ns/cell   min  54.787   vs prod: median +267.9%  min +147.3%
rank  22  tiled@128x16x4  median  56.045 ns/cell   min  35.401   vs prod: median +137.0%  min +59.8%
rank  22  naive     median  46.393 ns/cell   min  34.916   vs prod: median +96.2%  min +57.6%
rank  22  consa     median  22.248 ns/cell   min  14.919   vs prod: median -5.9%  min -32.7%
rank   8  prod      median  23.608 ns/cell   min  21.715
rank   8  clean     median  41.487 ns/cell   min  40.496   vs prod: median +75.7%  min +86.5%
rank   8  tiled@96x16x8  median  68.354 ns/cell   min  65.968   vs prod: median +189.5%  min +203.8%
rank   8  tiled@64x16x8  median  61.420 ns/cell   min  58.285   vs prod: median +160.2%  min +168.4%
rank   8  tiled@48x24x8  median  70.007 ns/cell   min  53.748   vs prod: median +196.5%  min +147.5%
rank   8  tiled@32x32x8  median  87.233 ns/cell   min  55.214   vs prod: median +269.5%  min +154.3%
rank   8  tiled@128x16x4  median  56.465 ns/cell   min  35.771   vs prod: median +139.2%  min +64.7%
rank   8  naive     median  46.764 ns/cell   min  34.903   vs prod: median +98.1%  min +60.7%
rank   8  consa     median  21.739 ns/cell   min  14.946   vs prod: median -7.9%  min -31.2%
rank  35  prod      median  23.140 ns/cell   min  21.947
rank  35  clean     median  41.276 ns/cell   min  39.800   vs prod: median +78.4%  min +81.4%
rank  35  tiled@96x16x8  median  69.506 ns/cell   min  59.794   vs prod: median +200.4%  min +172.5%
rank  35  tiled@64x16x8  median  64.088 ns/cell   min  53.415   vs prod: median +177.0%  min +143.4%
rank  35  tiled@48x24x8  median  71.892 ns/cell   min  54.702   vs prod: median +210.7%  min +149.2%
rank  35  tiled@32x32x8  median  90.254 ns/cell   min  63.761   vs prod: median +290.0%  min +190.5%
rank  35  tiled@128x16x4  median  57.954 ns/cell   min  39.434   vs prod: median +150.5%  min +79.7%
rank  35  naive     median  46.934 ns/cell   min  36.133   vs prod: median +102.8%  min +64.6%
rank  35  consa     median  22.957 ns/cell   min  15.228   vs prod: median -0.8%  min -30.6%
rank  28  prod      median  23.563 ns/cell   min  22.568
rank  28  clean     median  40.986 ns/cell   min  39.661   vs prod: median +73.9%  min +75.7%
rank  28  tiled@96x16x8  median  67.367 ns/cell   min  62.398   vs prod: median +185.9%  min +176.5%
rank  28  tiled@64x16x8  median  62.490 ns/cell   min  50.442   vs prod: median +165.2%  min +123.5%
rank  28  tiled@48x24x8  median  71.080 ns/cell   min  48.734   vs prod: median +201.7%  min +115.9%
rank  28  tiled@32x32x8  median  87.019 ns/cell   min  53.830   vs prod: median +269.3%  min +138.5%
rank  28  tiled@128x16x4  median  56.687 ns/cell   min  35.272   vs prod: median +140.6%  min +56.3%
rank  28  naive     median  46.523 ns/cell   min  34.936   vs prod: median +97.4%  min +54.8%
rank  28  consa     median  22.798 ns/cell   min  15.682   vs prod: median -3.2%  min -30.5%
rank  64  prod      median  23.074 ns/cell   min  21.658
rank  64  clean     median  41.241 ns/cell   min  38.931   vs prod: median +78.7%  min +79.8%
rank  64  tiled@96x16x8  median  68.953 ns/cell   min  62.665   vs prod: median +198.8%  min +189.3%
rank  64  tiled@64x16x8  median  63.156 ns/cell   min  47.220   vs prod: median +173.7%  min +118.0%
rank  64  tiled@48x24x8  median  71.228 ns/cell   min  46.603   vs prod: median +208.7%  min +115.2%
rank  64  tiled@32x32x8  median  87.233 ns/cell   min  51.997   vs prod: median +278.1%  min +140.1%
rank  64  tiled@128x16x4  median  56.022 ns/cell   min  34.813   vs prod: median +142.8%  min +60.7%
rank  64  naive     median  46.844 ns/cell   min  34.891   vs prod: median +103.0%  min +61.1%
rank  64  consa     median  22.078 ns/cell   min  15.112   vs prod: median -4.3%  min -30.2%
rank  26  prod      median  23.343 ns/cell   min  21.998
rank  26  clean     median  41.369 ns/cell   min  39.054   vs prod: median +77.2%  min +77.5%
rank  26  tiled@96x16x8  median  68.727 ns/cell   min  62.898   vs prod: median +194.4%  min +185.9%
rank  26  tiled@64x16x8  median  61.904 ns/cell   min  47.337   vs prod: median +165.2%  min +115.2%
rank  26  tiled@48x24x8  median  70.946 ns/cell   min  46.615   vs prod: median +203.9%  min +111.9%
rank  26  tiled@32x32x8  median  86.973 ns/cell   min  52.970   vs prod: median +272.6%  min +140.8%
rank  26  tiled@128x16x4  median  56.699 ns/cell   min  35.899   vs prod: median +142.9%  min +63.2%
rank  26  naive     median  47.120 ns/cell   min  35.365   vs prod: median +101.9%  min +60.8%
rank  26  consa     median  22.114 ns/cell   min  14.865   vs prod: median -5.3%  min -32.4%
rank  78  prod      median  23.133 ns/cell   min  21.625
rank  78  clean     median  41.366 ns/cell   min  39.286   vs prod: median +78.8%  min +81.7%
rank  78  tiled@96x16x8  median  68.601 ns/cell   min  61.434   vs prod: median +196.6%  min +184.1%
rank  78  tiled@64x16x8  median  62.422 ns/cell   min  47.060   vs prod: median +169.8%  min +117.6%
rank  78  tiled@48x24x8  median  70.948 ns/cell   min  46.354   vs prod: median +206.7%  min +114.4%
rank  78  tiled@32x32x8  median  86.816 ns/cell   min  52.562   vs prod: median +275.3%  min +143.1%
rank   6  prod      median  23.313 ns/cell   min  22.085
rank  78  tiled@128x16x4  median  56.472 ns/cell   min  35.260   vs prod: median +144.1%  min +63.0%
rank  78  naive     median  47.075 ns/cell   min  35.235   vs prod: median +103.5%  min +62.9%
rank  78  consa     median  22.006 ns/cell   min  14.675   vs prod: median -4.9%  min -32.1%
rank   6  clean     median  41.368 ns/cell   min  39.067   vs prod: median +77.4%  min +76.9%
rank   6  tiled@96x16x8  median  67.715 ns/cell   min  62.435   vs prod: median +190.5%  min +182.7%
rank   6  tiled@64x16x8  median  62.676 ns/cell   min  47.898   vs prod: median +168.8%  min +116.9%
rank   6  tiled@48x24x8  median  70.747 ns/cell   min  46.846   vs prod: median +203.5%  min +112.1%
rank   6  tiled@32x32x8  median  86.571 ns/cell   min  52.830   vs prod: median +271.3%  min +139.2%
rank   6  tiled@128x16x4  median  56.566 ns/cell   min  35.884   vs prod: median +142.6%  min +62.5%
rank   6  naive     median  47.205 ns/cell   min  35.285   vs prod: median +102.5%  min +59.8%
rank   6  consa     median  22.309 ns/cell   min  14.820   vs prod: median -4.3%  min -32.9%
rank  61  prod      median  22.832 ns/cell   min  21.499
rank  61  clean     median  41.136 ns/cell   min  38.742   vs prod: median +80.2%  min +80.2%
rank  61  tiled@96x16x8  median  70.422 ns/cell   min  58.687   vs prod: median +208.4%  min +173.0%
rank  61  tiled@64x16x8  median  63.169 ns/cell   min  48.596   vs prod: median +176.7%  min +126.0%
rank  61  tiled@48x24x8  median  71.807 ns/cell   min  53.353   vs prod: median +214.5%  min +148.2%
rank  61  tiled@32x32x8  median  91.950 ns/cell   min  60.298   vs prod: median +302.7%  min +180.5%
rank  61  tiled@128x16x4  median  57.408 ns/cell   min  37.021   vs prod: median +151.4%  min +72.2%
rank  61  naive     median  47.537 ns/cell   min  35.499   vs prod: median +108.2%  min +65.1%
rank  61  consa     median  22.220 ns/cell   min  14.713   vs prod: median -2.7%  min -31.6%
rank  33  prod      median  22.786 ns/cell   min  21.509
rank  33  clean     median  41.261 ns/cell   min  38.890   vs prod: median +81.1%  min +80.8%
rank  33  tiled@96x16x8  median  69.526 ns/cell   min  57.811   vs prod: median +205.1%  min +168.8%
rank  33  tiled@64x16x8  median  63.416 ns/cell   min  48.987   vs prod: median +178.3%  min +127.8%
rank  33  tiled@48x24x8  median  71.327 ns/cell   min  53.464   vs prod: median +213.0%  min +148.6%
rank  33  tiled@32x32x8  median  91.973 ns/cell   min  60.972   vs prod: median +303.6%  min +183.5%
rank  33  tiled@128x16x4  median  57.673 ns/cell   min  37.438   vs prod: median +153.1%  min +74.1%
rank  33  naive     median  47.481 ns/cell   min  35.571   vs prod: median +108.4%  min +65.4%
rank  33  consa     median  22.248 ns/cell   min  14.852   vs prod: median -2.4%  min -31.0%
rank  46  prod      median  22.899 ns/cell   min  20.993
rank  46  clean     median  41.332 ns/cell   min  39.320   vs prod: median +80.5%  min +87.3%
rank  46  tiled@96x16x8  median  69.295 ns/cell   min  60.395   vs prod: median +202.6%  min +187.7%
rank  46  tiled@64x16x8  median  62.130 ns/cell   min  46.318   vs prod: median +171.3%  min +120.6%
rank  46  tiled@48x24x8  median  70.893 ns/cell   min  45.823   vs prod: median +209.6%  min +118.3%
rank  46  tiled@32x32x8  median  87.230 ns/cell   min  52.410   vs prod: median +280.9%  min +149.7%
rank  46  tiled@128x16x4  median  56.413 ns/cell   min  35.244   vs prod: median +146.3%  min +67.9%
rank  46  naive     median  46.853 ns/cell   min  35.103   vs prod: median +104.6%  min +67.2%
rank  46  consa     median  22.219 ns/cell   min  14.485   vs prod: median -3.0%  min -31.0%
rank  31  prod      median  22.726 ns/cell   min  21.353
rank  31  clean     median  41.318 ns/cell   min  38.704   vs prod: median +81.8%  min +81.3%
rank  31  tiled@96x16x8  median  70.311 ns/cell   min  58.152   vs prod: median +209.4%  min +172.3%
rank  31  tiled@64x16x8  median  63.688 ns/cell   min  49.008   vs prod: median +180.3%  min +129.5%
rank  31  tiled@48x24x8  median  71.789 ns/cell   min  53.529   vs prod: median +215.9%  min +150.7%
rank  31  tiled@32x32x8  median  92.500 ns/cell   min  59.868   vs prod: median +307.0%  min +180.4%
rank  31  tiled@128x16x4  median  58.160 ns/cell   min  37.618   vs prod: median +155.9%  min +76.2%
rank  31  naive     median  47.558 ns/cell   min  35.467   vs prod: median +109.3%  min +66.1%
rank  31  consa     median  22.307 ns/cell   min  14.683   vs prod: median -1.8%  min -31.2%
rank  44  prod      median  23.238 ns/cell   min  21.367
rank  44  clean     median  41.550 ns/cell   min  39.535   vs prod: median +78.8%  min +85.0%
rank  44  tiled@96x16x8  median  69.122 ns/cell   min  60.208   vs prod: median +197.4%  min +181.8%
rank  44  tiled@64x16x8  median  62.290 ns/cell   min  46.295   vs prod: median +168.0%  min +116.7%
rank  44  tiled@48x24x8  median  71.030 ns/cell   min  46.052   vs prod: median +205.7%  min +115.5%
rank  44  tiled@32x32x8  median  86.499 ns/cell   min  52.476   vs prod: median +272.2%  min +145.6%
rank  44  tiled@128x16x4  median  56.436 ns/cell   min  35.384   vs prod: median +142.9%  min +65.6%
rank  44  naive     median  46.909 ns/cell   min  35.039   vs prod: median +101.9%  min +64.0%
rank  44  consa     median  22.243 ns/cell   min  14.560   vs prod: median -4.3%  min -31.9%
rank  43  prod      median  22.579 ns/cell   min  20.954
rank  43  clean     median  40.916 ns/cell   min  39.300   vs prod: median +81.2%  min +87.6%
rank  43  tiled@96x16x8  median  69.520 ns/cell   min  57.479   vs prod: median +207.9%  min +174.3%
rank  43  tiled@64x16x8  median  62.745 ns/cell   min  47.764   vs prod: median +177.9%  min +128.0%
rank  43  tiled@48x24x8  median  72.002 ns/cell   min  53.025   vs prod: median +218.9%  min +153.1%
rank  43  tiled@32x32x8  median  92.348 ns/cell   min  60.124   vs prod: median +309.0%  min +186.9%
rank  43  tiled@128x16x4  median  58.270 ns/cell   min  36.950   vs prod: median +158.1%  min +76.3%
rank  43  naive     median  46.864 ns/cell   min  35.173   vs prod: median +107.6%  min +67.9%
rank  43  consa     median  21.846 ns/cell   min  14.513   vs prod: median -3.2%  min -30.7%
rank   4  prod      median  22.923 ns/cell   min  20.924
rank   4  clean     median  41.211 ns/cell   min  39.816   vs prod: median +79.8%  min +90.3%
rank   4  tiled@96x16x8  median  69.859 ns/cell   min  60.104   vs prod: median +204.8%  min +187.3%
rank   4  tiled@64x16x8  median  61.860 ns/cell   min  46.285   vs prod: median +169.9%  min +121.2%
rank   4  tiled@48x24x8  median  71.156 ns/cell   min  46.383   vs prod: median +210.4%  min +121.7%
rank   4  tiled@32x32x8  median  88.122 ns/cell   min  52.949   vs prod: median +284.4%  min +153.1%
rank   4  tiled@128x16x4  median  57.358 ns/cell   min  36.123   vs prod: median +150.2%  min +72.6%
rank   4  naive     median  46.324 ns/cell   min  34.796   vs prod: median +102.1%  min +66.3%
rank   4  consa     median  22.196 ns/cell   min  14.410   vs prod: median -3.2%  min -31.1%
rank  66  prod      median  23.106 ns/cell   min  21.583
rank  66  clean     median  41.604 ns/cell   min  39.088   vs prod: median +80.1%  min +81.1%
rank  66  tiled@96x16x8  median  70.532 ns/cell   min  58.280   vs prod: median +205.3%  min +170.0%
rank  66  tiled@64x16x8  median  61.990 ns/cell   min  45.299   vs prod: median +168.3%  min +109.9%
rank  66  tiled@48x24x8  median  70.447 ns/cell   min  46.690   vs prod: median +204.9%  min +116.3%
rank  66  tiled@32x32x8  median  90.051 ns/cell   min  53.938   vs prod: median +289.7%  min +149.9%
rank  66  tiled@128x16x4  median  57.155 ns/cell   min  36.201   vs prod: median +147.4%  min +67.7%
rank  66  naive     median  46.551 ns/cell   min  35.105   vs prod: median +101.5%  min +62.7%
rank  66  consa     median  21.970 ns/cell   min  14.267   vs prod: median -4.9%  min -33.9%
rank   9  prod      median  22.806 ns/cell   min  20.800
rank   9  clean     median  40.986 ns/cell   min  39.390   vs prod: median +79.7%  min +89.4%
rank   9  tiled@96x16x8  median  69.741 ns/cell   min  57.343   vs prod: median +205.8%  min +175.7%
rank   9  tiled@64x16x8  median  63.105 ns/cell   min  48.078   vs prod: median +176.7%  min +131.1%
rank   9  tiled@48x24x8  median  71.810 ns/cell   min  52.981   vs prod: median +214.9%  min +154.7%
rank   9  tiled@32x32x8  median  92.126 ns/cell   min  59.947   vs prod: median +303.9%  min +188.2%
rank   9  tiled@128x16x4  median  58.398 ns/cell   min  36.801   vs prod: median +156.1%  min +76.9%
rank   9  naive     median  47.105 ns/cell   min  34.707   vs prod: median +106.5%  min +66.9%
rank   9  consa     median  21.970 ns/cell   min  14.045   vs prod: median -3.7%  min -32.5%
rank  16  prod      median  23.254 ns/cell   min  18.886
rank  16  clean     median  41.839 ns/cell   min  35.217   vs prod: median +79.9%  min +86.5%
rank  16  tiled@96x16x8  median  67.395 ns/cell   min  42.824   vs prod: median +189.8%  min +126.7%
rank  16  tiled@64x16x8  median  61.693 ns/cell   min  38.623   vs prod: median +165.3%  min +104.5%
rank  16  tiled@48x24x8  median  70.126 ns/cell   min  43.600   vs prod: median +201.6%  min +130.9%
rank  16  tiled@32x32x8  median  90.888 ns/cell   min  52.668   vs prod: median +290.9%  min +178.9%
rank  16  tiled@128x16x4  median  58.497 ns/cell   min  32.808   vs prod: median +151.6%  min +73.7%
rank  16  naive     median  46.618 ns/cell   min  30.129   vs prod: median +100.5%  min +59.5%
rank  16  consa     median  22.082 ns/cell   min  12.585   vs prod: median -5.0%  min -33.4%
rank  49  prod      median  23.014 ns/cell   min  19.099
rank  49  clean     median  40.784 ns/cell   min  34.928   vs prod: median +77.2%  min +82.9%
rank  49  tiled@96x16x8  median  69.537 ns/cell   min  48.372   vs prod: median +202.2%  min +153.3%
rank  49  tiled@64x16x8  median  62.496 ns/cell   min  44.297   vs prod: median +171.6%  min +131.9%
rank  49  tiled@48x24x8  median  74.044 ns/cell   min  47.580   vs prod: median +221.7%  min +149.1%
rank  49  tiled@32x32x8  median  91.788 ns/cell   min  52.036   vs prod: median +298.8%  min +172.5%
rank  49  tiled@128x16x4  median  59.080 ns/cell   min  32.825   vs prod: median +156.7%  min +71.9%
rank  49  naive     median  46.872 ns/cell   min  31.835   vs prod: median +103.7%  min +66.7%
rank  49  consa     median  22.070 ns/cell   min  12.553   vs prod: median -4.1%  min -34.3%
rank  10  prod      median  22.885 ns/cell   min  17.326
rank  10  clean     median  41.282 ns/cell   min  33.087   vs prod: median +80.4%  min +91.0%
rank  10  tiled@96x16x8  median  67.710 ns/cell   min  40.951   vs prod: median +195.9%  min +136.4%
rank  10  tiled@64x16x8  median  61.470 ns/cell   min  39.240   vs prod: median +168.6%  min +126.5%
rank  10  tiled@48x24x8  median  72.478 ns/cell   min  44.029   vs prod: median +216.7%  min +154.1%
rank  10  tiled@32x32x8  median  93.042 ns/cell   min  49.175   vs prod: median +306.6%  min +183.8%
rank  10  tiled@128x16x4  median  57.785 ns/cell   min  29.834   vs prod: median +152.5%  min +72.2%
rank  10  naive     median  47.025 ns/cell   min  31.493   vs prod: median +105.5%  min +81.8%
rank  10  consa     median  21.978 ns/cell   min  12.533   vs prod: median -4.0%  min -27.7%
rank  38  prod      median  22.573 ns/cell   min  16.536
rank  38  clean     median  40.935 ns/cell   min  33.050   vs prod: median +81.4%  min +99.9%
rank  38  tiled@96x16x8  median  67.734 ns/cell   min  41.038   vs prod: median +200.1%  min +148.2%
rank  38  tiled@64x16x8  median  61.355 ns/cell   min  39.452   vs prod: median +171.8%  min +138.6%
rank  38  tiled@48x24x8  median  73.963 ns/cell   min  44.202   vs prod: median +227.7%  min +167.3%
rank  38  tiled@32x32x8  median  93.573 ns/cell   min  45.984   vs prod: median +314.5%  min +178.1%
rank  38  tiled@128x16x4  median  57.103 ns/cell   min  29.938   vs prod: median +153.0%  min +81.0%
rank  38  naive     median  47.025 ns/cell   min  31.392   vs prod: median +108.3%  min +89.8%
rank  38  consa     median  21.717 ns/cell   min  12.386   vs prod: median -3.8%  min -25.1%
rank   5  prod      median  22.863 ns/cell   min  18.046
rank   5  clean     median  40.748 ns/cell   min  33.595   vs prod: median +78.2%  min +86.2%
rank   5  tiled@96x16x8  median  68.254 ns/cell   min  45.818   vs prod: median +198.5%  min +153.9%
rank   5  tiled@64x16x8  median  65.734 ns/cell   min  40.174   vs prod: median +187.5%  min +122.6%
rank   5  tiled@48x24x8  median  76.013 ns/cell   min  41.980   vs prod: median +232.5%  min +132.6%
rank   5  tiled@32x32x8  median  93.188 ns/cell   min  44.320   vs prod: median +307.6%  min +145.6%
rank   5  tiled@128x16x4  median  57.103 ns/cell   min  29.596   vs prod: median +149.8%  min +64.0%
rank   5  naive     median  46.216 ns/cell   min  29.695   vs prod: median +102.1%  min +64.5%
rank   5  consa     median  21.575 ns/cell   min  12.620   vs prod: median -5.6%  min -30.1%
rank  50  prod      median  22.720 ns/cell   min  15.998
rank  50  clean     median  40.623 ns/cell   min  32.007   vs prod: median +78.8%  min +100.1%
rank  50  tiled@96x16x8  median  67.637 ns/cell   min  40.949   vs prod: median +197.7%  min +156.0%
rank  50  tiled@64x16x8  median  62.106 ns/cell   min  39.321   vs prod: median +173.4%  min +145.8%
rank  50  tiled@48x24x8  median  75.002 ns/cell   min  41.413   vs prod: median +230.1%  min +158.9%
rank  50  tiled@32x32x8  median  93.370 ns/cell   min  42.028   vs prod: median +311.0%  min +162.7%
rank  50  tiled@128x16x4  median  57.666 ns/cell   min  30.333   vs prod: median +153.8%  min +89.6%
rank  50  naive     median  46.657 ns/cell   min  29.448   vs prod: median +105.4%  min +84.1%
rank  50  consa     median  21.623 ns/cell   min  12.053   vs prod: median -4.8%  min -24.7%
rank  51  prod      median  22.425 ns/cell   min  17.372
rank  51  clean     median  40.743 ns/cell   min  33.504   vs prod: median +81.7%  min +92.9%
rank  51  tiled@96x16x8  median  69.212 ns/cell   min  41.689   vs prod: median +208.6%  min +140.0%
rank  51  tiled@64x16x8  median  66.747 ns/cell   min  38.511   vs prod: median +197.6%  min +121.7%
rank  51  tiled@48x24x8  median  76.448 ns/cell   min  37.421   vs prod: median +240.9%  min +115.4%
rank  51  tiled@32x32x8  median  92.446 ns/cell   min  42.029   vs prod: median +312.2%  min +141.9%
rank  51  tiled@128x16x4  median  56.749 ns/cell   min  29.054   vs prod: median +153.1%  min +67.2%
rank  51  naive     median  46.007 ns/cell   min  29.575   vs prod: median +105.2%  min +70.2%
rank  51  consa     median  21.333 ns/cell   min  13.332   vs prod: median -4.9%  min -23.3%
variants present: ['prod', 'clean', 'tiled@96x16x8', 'tiled@64x16x8', 'tiled@48x24x8', 'tiled@32x32x8', 'tiled@128x16x4', 'naive', 'consa']
mode=saturated  ranks=100  reps=50
grid 273 x 65 x 57

correctness gate (vs production, zeroed scratch dU):
  prod      (reference)  |dU|_max = 2.320116e-04
  clean     max_abs_diff = 0.000000e+00  (0.000e+00 of scale)  bitwise=True
  tiled@96x16x8  max_abs_diff = 2.328306e-09  (1.004e-05 of scale)  bitwise=False
  tiled@64x16x8  max_abs_diff = 2.328306e-09  (1.004e-05 of scale)  bitwise=False
  tiled@48x24x8  max_abs_diff = 2.328306e-09  (1.004e-05 of scale)  bitwise=False
  tiled@32x32x8  max_abs_diff = 2.328306e-09  (1.004e-05 of scale)  bitwise=False
  tiled@128x16x4  max_abs_diff = 2.328306e-09  (1.004e-05 of scale)  bitwise=False
  naive     max_abs_diff = 2.328306e-10  (1.004e-06 of scale)  bitwise=False
  consa     max_abs_diff = 1.862645e-09  (8.028e-06 of scale)  bitwise=False
  note: non-bitwise variants are expected if they reassociate;
  judge by 'of scale' (~1e-7 is float32 ulp noise, not a bug).
rank   0  prod      median  23.903 ns/cell   min  17.809
rank   0  clean     median  40.959 ns/cell   min  31.073   vs prod: median +71.4%  min +74.5%
rank   0  tiled@96x16x8  median  70.999 ns/cell   min  35.213   vs prod: median +197.0%  min +97.7%
rank   0  tiled@64x16x8  median  66.550 ns/cell   min  32.258   vs prod: median +178.4%  min +81.1%
rank   0  tiled@48x24x8  median  73.917 ns/cell   min  34.162   vs prod: median +209.2%  min +91.8%
rank   0  tiled@32x32x8  median  85.322 ns/cell   min  38.621   vs prod: median +257.0%  min +116.9%
rank   0  tiled@128x16x4  median  56.837 ns/cell   min  32.986   vs prod: median +137.8%  min +85.2%
rank   0  naive     median  45.368 ns/cell   min  29.309   vs prod: median +89.8%  min +64.6%
rank   0  consa     median  23.754 ns/cell   min  13.168   vs prod: median -0.6%  min -26.1%
rank  24  prod      median  24.966 ns/cell   min  16.681
rank  24  clean     median  41.502 ns/cell   min  30.248   vs prod: median +66.2%  min +81.3%
rank  24  tiled@96x16x8  median  71.484 ns/cell   min  32.711   vs prod: median +186.3%  min +96.1%
rank  24  tiled@64x16x8  median  66.292 ns/cell   min  31.597   vs prod: median +165.5%  min +89.4%
rank  24  tiled@48x24x8  median  73.642 ns/cell   min  32.723   vs prod: median +195.0%  min +96.2%
rank  24  tiled@32x32x8  median  86.441 ns/cell   min  42.893   vs prod: median +246.2%  min +157.1%
rank  24  tiled@128x16x4  median  55.992 ns/cell   min  29.775   vs prod: median +124.3%  min +78.5%
rank  24  naive     median  45.701 ns/cell   min  29.237   vs prod: median +83.1%  min +75.3%
rank  24  consa     median  22.550 ns/cell   min  12.021   vs prod: median -9.7%  min -27.9%
rank  71  prod      median  24.586 ns/cell   min  15.444
rank  71  clean     median  41.636 ns/cell   min  29.410   vs prod: median +69.3%  min +90.4%
rank  71  tiled@96x16x8  median  71.819 ns/cell   min  33.242   vs prod: median +192.1%  min +115.2%
rank  71  tiled@64x16x8  median  67.045 ns/cell   min  30.881   vs prod: median +172.7%  min +99.9%
rank  71  tiled@48x24x8  median  74.782 ns/cell   min  33.877   vs prod: median +204.2%  min +119.4%
rank  71  tiled@32x32x8  median  88.420 ns/cell   min  43.858   vs prod: median +259.6%  min +184.0%
rank  71  tiled@128x16x4  median  55.991 ns/cell   min  28.406   vs prod: median +127.7%  min +83.9%
rank  71  naive     median  46.423 ns/cell   min  29.534   vs prod: median +88.8%  min +91.2%
rank  71  consa     median  23.171 ns/cell   min  12.417   vs prod: median -5.8%  min -19.6%
rank  97  prod      median  24.155 ns/cell   min  15.344
rank  97  clean     median  41.825 ns/cell   min  29.453   vs prod: median +73.2%  min +91.9%
rank  97  tiled@96x16x8  median  72.324 ns/cell   min  33.587   vs prod: median +199.4%  min +118.9%
rank  97  tiled@64x16x8  median  66.801 ns/cell   min  31.410   vs prod: median +176.6%  min +104.7%
rank  97  tiled@48x24x8  median  75.287 ns/cell   min  34.401   vs prod: median +211.7%  min +124.2%
rank  97  tiled@32x32x8  median  88.598 ns/cell   min  44.344   vs prod: median +266.8%  min +189.0%
rank  97  tiled@128x16x4  median  56.491 ns/cell   min  28.984   vs prod: median +133.9%  min +88.9%
rank  97  naive     median  46.520 ns/cell   min  29.716   vs prod: median +92.6%  min +93.7%
rank  97  consa     median  23.059 ns/cell   min  12.641   vs prod: median -4.5%  min -17.6%
rank  40  prod      median  23.416 ns/cell   min  13.957
rank  40  clean     median  41.852 ns/cell   min  26.869   vs prod: median +78.7%  min +92.5%
rank  40  tiled@96x16x8  median  72.720 ns/cell   min  33.622   vs prod: median +210.6%  min +140.9%
rank  40  tiled@64x16x8  median  65.227 ns/cell   min  30.897   vs prod: median +178.6%  min +121.4%
rank  40  tiled@48x24x8  median  72.106 ns/cell   min  34.072   vs prod: median +207.9%  min +144.1%
rank  40  tiled@32x32x8  median  87.904 ns/cell   min  41.558   vs prod: median +275.4%  min +197.8%
rank  40  tiled@128x16x4  median  55.629 ns/cell   min  28.762   vs prod: median +137.6%  min +106.1%
rank  40  naive     median  46.745 ns/cell   min  29.269   vs prod: median +99.6%  min +109.7%
rank  40  consa     median  22.233 ns/cell   min  12.034   vs prod: median -5.0%  min -13.8%
rank  56  prod      median  23.495 ns/cell   min  13.825
rank  56  clean     median  41.962 ns/cell   min  26.543   vs prod: median +78.6%  min +92.0%
rank  56  tiled@96x16x8  median  72.937 ns/cell   min  33.483   vs prod: median +210.4%  min +142.2%
rank  56  tiled@64x16x8  median  64.847 ns/cell   min  30.727   vs prod: median +176.0%  min +122.3%
rank  56  tiled@48x24x8  median  72.446 ns/cell   min  34.027   vs prod: median +208.4%  min +146.1%
rank  56  tiled@32x32x8  median  87.573 ns/cell   min  42.693   vs prod: median +272.7%  min +208.8%
rank  56  tiled@128x16x4  median  55.248 ns/cell   min  28.433   vs prod: median +135.1%  min +105.7%
rank  56  naive     median  46.369 ns/cell   min  29.189   vs prod: median +97.4%  min +111.1%
rank  56  consa     median  22.117 ns/cell   min  12.010   vs prod: median -5.9%  min -13.1%
rank  57  prod      median  24.494 ns/cell   min  14.112
rank  57  clean     median  42.186 ns/cell   min  28.659   vs prod: median +72.2%  min +103.1%
rank  57  tiled@96x16x8  median  73.676 ns/cell   min  32.710   vs prod: median +200.8%  min +131.8%
rank  57  tiled@64x16x8  median  66.237 ns/cell   min  31.659   vs prod: median +170.4%  min +124.3%
rank  57  tiled@48x24x8  median  74.449 ns/cell   min  36.213   vs prod: median +204.0%  min +156.6%
rank  57  tiled@32x32x8  median  87.197 ns/cell   min  41.602   vs prod: median +256.0%  min +194.8%
rank  57  tiled@128x16x4  median  57.162 ns/cell   min  28.987   vs prod: median +133.4%  min +105.4%
rank  57  naive     median  46.826 ns/cell   min  29.637   vs prod: median +91.2%  min +110.0%
rank  57  consa     median  23.187 ns/cell   min  12.242   vs prod: median -5.3%  min -13.2%
rank  11  prod      median  23.787 ns/cell   min  14.129
rank  11  clean     median  42.062 ns/cell   min  28.749   vs prod: median +76.8%  min +103.5%
rank  11  tiled@96x16x8  median  72.734 ns/cell   min  32.678   vs prod: median +205.8%  min +131.3%
rank  11  tiled@64x16x8  median  66.253 ns/cell   min  31.586   vs prod: median +178.5%  min +123.6%
rank  11  tiled@48x24x8  median  74.870 ns/cell   min  36.502   vs prod: median +214.7%  min +158.3%
rank  11  tiled@32x32x8  median  88.607 ns/cell   min  41.671   vs prod: median +272.5%  min +194.9%
rank  11  tiled@128x16x4  median  57.047 ns/cell   min  29.296   vs prod: median +139.8%  min +107.3%
rank  11  naive     median  46.935 ns/cell   min  29.724   vs prod: median +97.3%  min +110.4%
rank  11  consa     median  22.818 ns/cell   min  12.394   vs prod: median -4.1%  min -12.3%
rank  45  prod      median  24.181 ns/cell   min  14.157
rank  45  clean     median  42.136 ns/cell   min  28.721   vs prod: median +74.3%  min +102.9%
rank  45  tiled@96x16x8  median  72.811 ns/cell   min  32.591   vs prod: median +201.1%  min +130.2%
rank  45  tiled@64x16x8  median  65.885 ns/cell   min  31.375   vs prod: median +172.5%  min +121.6%
rank  45  tiled@48x24x8  median  74.753 ns/cell   min  36.546   vs prod: median +209.1%  min +158.1%
rank  45  tiled@32x32x8  median  88.749 ns/cell   min  41.388   vs prod: median +267.0%  min +192.4%
rank  45  tiled@128x16x4  median  56.832 ns/cell   min  29.108   vs prod: median +135.0%  min +105.6%
rank  45  naive     median  46.885 ns/cell   min  29.682   vs prod: median +93.9%  min +109.7%
rank  45  consa     median  23.111 ns/cell   min  12.382   vs prod: median -4.4%  min -12.5%
rank  14  prod      median  23.973 ns/cell   min  13.768
rank  14  clean     median  41.877 ns/cell   min  27.349   vs prod: median +74.7%  min +98.6%
rank  14  tiled@96x16x8  median  71.946 ns/cell   min  33.296   vs prod: median +200.1%  min +141.8%
rank  14  tiled@64x16x8  median  64.639 ns/cell   min  30.708   vs prod: median +169.6%  min +123.0%
rank  14  tiled@48x24x8  median  72.262 ns/cell   min  36.479   vs prod: median +201.4%  min +165.0%
rank  14  tiled@32x32x8  median  88.118 ns/cell   min  39.725   vs prod: median +267.6%  min +188.5%
rank  14  tiled@128x16x4  median  55.826 ns/cell   min  28.936   vs prod: median +132.9%  min +110.2%
rank  14  naive     median  46.373 ns/cell   min  29.420   vs prod: median +93.4%  min +113.7%
rank  14  consa     median  22.607 ns/cell   min  12.145   vs prod: median -5.7%  min -11.8%
rank   1  prod      median  24.743 ns/cell   min  14.592
rank   1  clean     median  41.777 ns/cell   min  27.629   vs prod: median +68.8%  min +89.3%
rank   1  tiled@96x16x8  median  72.599 ns/cell   min  33.093   vs prod: median +193.4%  min +126.8%
rank   1  tiled@64x16x8  median  66.033 ns/cell   min  31.649   vs prod: median +166.9%  min +116.9%
rank   1  tiled@48x24x8  median  72.716 ns/cell   min  37.430   vs prod: median +193.9%  min +156.5%
rank   1  tiled@32x32x8  median  84.855 ns/cell   min  38.964   vs prod: median +242.9%  min +167.0%
rank   1  tiled@128x16x4  median  59.917 ns/cell   min  30.518   vs prod: median +142.2%  min +109.1%
rank   1  naive     median  46.866 ns/cell   min  29.399   vs prod: median +89.4%  min +101.5%
rank   1  consa     median  25.040 ns/cell   min  13.105   vs prod: median +1.2%  min -10.2%
rank  55  prod      median  23.779 ns/cell   min  13.414
rank  55  clean     median  41.608 ns/cell   min  26.573   vs prod: median +75.0%  min +98.1%
rank  55  tiled@96x16x8  median  71.314 ns/cell   min  32.372   vs prod: median +199.9%  min +141.3%
rank  55  tiled@64x16x8  median  65.377 ns/cell   min  34.611   vs prod: median +174.9%  min +158.0%
rank  55  tiled@48x24x8  median  73.890 ns/cell   min  33.242   vs prod: median +210.7%  min +147.8%
rank  55  tiled@32x32x8  median  90.252 ns/cell   min  40.511   vs prod: median +279.5%  min +202.0%
rank  55  tiled@128x16x4  median  60.253 ns/cell   min  29.456   vs prod: median +153.4%  min +119.6%
rank  55  naive     median  46.705 ns/cell   min  29.310   vs prod: median +96.4%  min +118.5%
rank  55  consa     median  22.579 ns/cell   min  12.063   vs prod: median -5.0%  min -10.1%
rank  72  prod      median  24.171 ns/cell   min  13.395
rank  72  clean     median  41.987 ns/cell   min  26.491   vs prod: median +73.7%  min +97.8%
rank  72  tiled@96x16x8  median  71.756 ns/cell   min  31.073   vs prod: median +196.9%  min +132.0%
rank  72  tiled@64x16x8  median  63.664 ns/cell   min  33.308   vs prod: median +163.4%  min +148.7%
rank  72  tiled@48x24x8  median  72.636 ns/cell   min  32.439   vs prod: median +200.5%  min +142.2%
rank  72  tiled@32x32x8  median  88.367 ns/cell   min  39.124   vs prod: median +265.6%  min +192.1%
rank  72  tiled@128x16x4  median  58.275 ns/cell   min  28.507   vs prod: median +141.1%  min +112.8%
rank  72  naive     median  46.902 ns/cell   min  29.075   vs prod: median +94.0%  min +117.1%
rank  72  consa     median  22.661 ns/cell   min  11.699   vs prod: median -6.2%  min -12.7%
rank  83  prod      median  24.227 ns/cell   min  13.184
rank  83  clean     median  42.021 ns/cell   min  26.513   vs prod: median +73.4%  min +101.1%
rank  83  tiled@96x16x8  median  71.944 ns/cell   min  33.249   vs prod: median +197.0%  min +152.2%
rank  83  tiled@64x16x8  median  65.332 ns/cell   min  32.252   vs prod: median +169.7%  min +144.6%
rank  83  tiled@48x24x8  median  73.208 ns/cell   min  32.879   vs prod: median +202.2%  min +149.4%
rank  83  tiled@32x32x8  median  89.324 ns/cell   min  40.288   vs prod: median +268.7%  min +205.6%
rank  83  tiled@128x16x4  median  60.550 ns/cell   min  28.623   vs prod: median +149.9%  min +117.1%
rank  83  naive     median  46.993 ns/cell   min  29.203   vs prod: median +94.0%  min +121.5%
rank  83  consa     median  22.936 ns/cell   min  11.890   vs prod: median -5.3%  min -9.8%
rank  54  prod      median  23.572 ns/cell   min  13.289
rank  54  clean     median  41.645 ns/cell   min  27.250   vs prod: median +76.7%  min +105.1%
rank  54  tiled@96x16x8  median  71.065 ns/cell   min  33.219   vs prod: median +201.5%  min +150.0%
rank  54  tiled@64x16x8  median  63.841 ns/cell   min  31.228   vs prod: median +170.8%  min +135.0%
rank  54  tiled@48x24x8  median  72.713 ns/cell   min  32.684   vs prod: median +208.5%  min +146.0%
rank  54  tiled@32x32x8  median  89.321 ns/cell   min  39.113   vs prod: median +278.9%  min +194.3%
rank  54  tiled@128x16x4  median  58.317 ns/cell   min  28.573   vs prod: median +147.4%  min +115.0%
rank  54  naive     median  47.095 ns/cell   min  29.093   vs prod: median +99.8%  min +118.9%
rank  54  consa     median  22.264 ns/cell   min  11.707   vs prod: median -5.5%  min -11.9%
rank  82  prod      median  23.883 ns/cell   min  13.108
rank  82  clean     median  41.743 ns/cell   min  26.417   vs prod: median +74.8%  min +101.5%
rank  82  tiled@96x16x8  median  71.174 ns/cell   min  33.950   vs prod: median +198.0%  min +159.0%
rank  82  tiled@64x16x8  median  63.809 ns/cell   min  29.928   vs prod: median +167.2%  min +128.3%
rank  82  tiled@48x24x8  median  72.754 ns/cell   min  32.515   vs prod: median +204.6%  min +148.1%
rank  82  tiled@32x32x8  median  88.918 ns/cell   min  38.799   vs prod: median +272.3%  min +196.0%
rank  82  tiled@128x16x4  median  58.699 ns/cell   min  28.512   vs prod: median +145.8%  min +117.5%
rank  82  naive     median  46.973 ns/cell   min  28.984   vs prod: median +96.7%  min +121.1%
rank  82  consa     median  22.583 ns/cell   min  11.539   vs prod: median -5.4%  min -12.0%
rank  39  prod      median  25.571 ns/cell   min  12.421
rank  39  clean     median  42.164 ns/cell   min  26.472   vs prod: median +64.9%  min +113.1%
rank  39  tiled@96x16x8  median  73.997 ns/cell   min  31.440   vs prod: median +189.4%  min +153.1%
rank  39  tiled@64x16x8  median  67.882 ns/cell   min  30.194   vs prod: median +165.5%  min +143.1%
rank  39  tiled@48x24x8  median  77.101 ns/cell   min  32.404   vs prod: median +201.5%  min +160.9%
rank  39  tiled@32x32x8  median  92.006 ns/cell   min  38.378   vs prod: median +259.8%  min +209.0%
rank  39  tiled@128x16x4  median  60.365 ns/cell   min  28.372   vs prod: median +136.1%  min +128.4%
rank  39  naive     median  46.839 ns/cell   min  28.980   vs prod: median +83.2%  min +133.3%
rank  39  consa     median  23.609 ns/cell   min  11.743   vs prod: median -7.7%  min -5.5%
rank  29  prod      median  25.667 ns/cell   min  12.596
rank  29  clean     median  42.250 ns/cell   min  26.217   vs prod: median +64.6%  min +108.1%
rank  29  tiled@96x16x8  median  74.868 ns/cell   min  31.221   vs prod: median +191.7%  min +147.9%
rank  29  tiled@64x16x8  median  67.797 ns/cell   min  29.933   vs prod: median +164.1%  min +137.6%
rank  29  tiled@48x24x8  median  77.650 ns/cell   min  32.479   vs prod: median +202.5%  min +157.8%
rank  29  tiled@32x32x8  median  92.441 ns/cell   min  38.576   vs prod: median +260.2%  min +206.3%
rank  29  tiled@128x16x4  median  61.241 ns/cell   min  28.812   vs prod: median +138.6%  min +128.7%
rank  29  naive     median  46.826 ns/cell   min  29.017   vs prod: median +82.4%  min +130.4%
rank  29  consa     median  23.844 ns/cell   min  11.346   vs prod: median -7.1%  min -9.9%
rank  73  prod      median  25.456 ns/cell   min  12.323
rank  73  clean     median  42.079 ns/cell   min  26.087   vs prod: median +65.3%  min +111.7%
rank  73  tiled@96x16x8  median  74.796 ns/cell   min  30.954   vs prod: median +193.8%  min +151.2%
rank  73  tiled@64x16x8  median  68.447 ns/cell   min  29.754   vs prod: median +168.9%  min +141.5%
rank  73  tiled@48x24x8  median  78.244 ns/cell   min  32.581   vs prod: median +207.4%  min +164.4%
rank  73  tiled@32x32x8  median  93.322 ns/cell   min  38.562   vs prod: median +266.6%  min +212.9%
rank  73  tiled@128x16x4  median  60.589 ns/cell   min  28.668   vs prod: median +138.0%  min +132.6%
rank  73  naive     median  46.780 ns/cell   min  28.258   vs prod: median +83.8%  min +129.3%
rank  73  consa     median  23.655 ns/cell   min  10.030   vs prod: median -7.1%  min -18.6%

=== aggregate ===

--- serial (1 rank(s)) ---
  prod     median-of-ranks   9.834 ns/cell   min-across-ranks   9.794   spread 9.83-9.83
  clean    median-of-ranks  25.737 ns/cell   min-across-ranks  24.754   spread 25.74-25.74
  tiled@96x16x8 median-of-ranks  25.752 ns/cell   min-across-ranks  25.656   spread 25.75-25.75
  tiled@64x16x8 median-of-ranks  25.006 ns/cell   min-across-ranks  24.923   spread 25.01-25.01
  tiled@48x24x8 median-of-ranks  26.989 ns/cell   min-across-ranks  26.886   spread 26.99-26.99
  tiled@32x32x8 median-of-ranks  31.979 ns/cell   min-across-ranks  31.865   spread 31.98-31.98
  tiled@128x16x4 median-of-ranks  23.694 ns/cell   min-across-ranks  23.643   spread 23.69-23.69
  naive    median-of-ranks  27.504 ns/cell   min-across-ranks  27.473   spread 27.50-27.50
  consa    median-of-ranks   9.803 ns/cell   min-across-ranks   9.756   spread 9.80-9.80
  => clean vs prod: +161.7% (median of ranks)
  => tiled@96x16x8 vs prod: +161.9% (median of ranks)
  => tiled@64x16x8 vs prod: +154.3% (median of ranks)
  => tiled@48x24x8 vs prod: +174.5% (median of ranks)
  => tiled@32x32x8 vs prod: +225.2% (median of ranks)
  => tiled@128x16x4 vs prod: +141.0% (median of ranks)
  => naive vs prod: +179.7% (median of ranks)
  => consa vs prod: -0.3% (median of ranks)

--- saturated (100 rank(s)) ---
  prod     median-of-ranks  23.672 ns/cell   min-across-ranks  12.323   spread 22.43-27.91
  clean    median-of-ranks  41.801 ns/cell   min-across-ranks  26.087   spread 40.62-43.35
  tiled@96x16x8 median-of-ranks  70.122 ns/cell   min-across-ranks  30.954   spread 67.21-80.08
  tiled@64x16x8 median-of-ranks  63.427 ns/cell   min-across-ranks  29.754   spread 61.00-68.45
  tiled@48x24x8 median-of-ranks  70.989 ns/cell   min-across-ranks  32.404   spread 67.83-78.24
  tiled@32x32x8 median-of-ranks  86.886 ns/cell   min-across-ranks  38.378   spread 80.88-93.57
  tiled@128x16x4 median-of-ranks  56.999 ns/cell   min-across-ranks  28.372   spread 50.31-63.50
  naive    median-of-ranks  47.022 ns/cell   min-across-ranks  28.258   spread 44.84-50.60
  consa    median-of-ranks  22.609 ns/cell   min-across-ranks  10.030   spread 21.33-27.22
  => clean vs prod: +76.6% (median of ranks)
  => tiled@96x16x8 vs prod: +196.2% (median of ranks)
  => tiled@64x16x8 vs prod: +167.9% (median of ranks)
  => tiled@48x24x8 vs prod: +199.9% (median of ranks)
  => tiled@32x32x8 vs prod: +267.0% (median of ranks)
  => tiled@128x16x4 vs prod: +140.8% (median of ranks)
  => naive vs prod: +98.6% (median of ranks)
  => consa vs prod: -4.5% (median of ranks)

done. raw rows: /rds/project/rds-7OSWtyyYICQ/jb753/ember-paper/ember/tools/bench_residual_ab.jsonl
