sapphire modules
=== node: cpu-r-92  model name	: Intel(R) Xeon(R) Platinum 8480+ ===
=== building with ifort ON THIS NODE (-xHost targets sapphire) ===
gfortran: GNU Fortran (GCC) 8.5.0 20210514 (Red Hat 8.5.0-28)
Fortran syntax passed
Installing package...
Package installed successfully

=== Gate 1: did the candidate vectorize? ===
  iface_flow_row: 18 mentions
  jface_flow_row: 22 mentions
  kface_flow_plane: 21 mentions
  iface_flow_row_clean: 9 mentions
  jface_flow_row_clean: 11 mentions
  kface_flow_plane_clean: 11 mentions
  (full report: /rds/project/rds-7OSWtyyYICQ/jb753/ember-paper/ember/tools/opt_report_residual_ab.txt)
   remark #15344: loop was not vectorized: vector dependence prevents vectorization. First dependence is shown below. Use level 5 report for details
   remark #15344: loop was not vectorized: vector dependence prevents vectorization. First dependence is shown below. Use level 5 report for details
   remark #15344: loop was not vectorized: vector dependence prevents vectorization. First dependence is shown below. Use level 5 report for details
      remark #15344: loop was not vectorized: vector dependence prevents vectorization. First dependence is shown below. Use level 5 report for details
         remark #15344: loop was not vectorized: vector dependence prevents vectorization. First dependence is shown below. Use level 5 report for details
      remark #15344: loop was not vectorized: vector dependence prevents vectorization. First dependence is shown below. Use level 5 report for details
         remark #15344: loop was not vectorized: vector dependence prevents vectorization. First dependence is shown below. Use level 5 report for details
   remark #15344: loop was not vectorized: vector dependence prevents vectorization. First dependence is shown below. Use level 5 report for details
      remark #15344: loop was not vectorized: vector dependence prevents vectorization. First dependence is shown below. Use level 5 report for details
         remark #15344: loop was not vectorized: vector dependence prevents vectorization. First dependence is shown below. Use level 5 report for details
      remark #15344: loop was not vectorized: vector dependence prevents vectorization. First dependence is shown below. Use level 5 report for details
         remark #15344: loop was not vectorized: vector dependence prevents vectorization. First dependence is shown below. Use level 5 report for details
   remark #15344: loop was not vectorized: vector dependence prevents vectorization. First dependence is shown below. Use level 5 report for details
      remark #15344: loop was not vectorized: vector dependence prevents vectorization. First dependence is shown below. Use level 5 report for details
         remark #15344: loop was not vectorized: vector dependence prevents vectorization. First dependence is shown below. Use level 5 report for details
   remark #15344: loop was not vectorized: vector dependence prevents vectorization. First dependence is shown below. Use level 5 report for details
   remark #15344: loop was not vectorized: vector dependence prevents vectorization. First dependence is shown below. Use level 5 report for details
   remark #15344: loop was not vectorized: vector dependence prevents vectorization. First dependence is shown below. Use level 5 report for details
      remark #15344: loop was not vectorized: vector dependence prevents vectorization. First dependence is shown below. Use level 5 report for details
   remark #15344: loop was not vectorized: vector dependence prevents vectorization. First dependence is shown below. Use level 5 report for details

=== Gate 2 + serial regime (1 rank, pinned) ===
variants present: ['prod', 'clean']
mode=serial  ranks=1  reps=50
grid 273 x 65 x 57

correctness gate (vs production, zeroed scratch dU):
  prod      (reference)  |dU|_max = 2.320116e-04
  clean     max_abs_diff = 0.000000e+00  (0.000e+00 of scale)  bitwise=True
rank   0  prod      median   9.372 ns/cell   min   9.322
rank   0  clean     median  25.724 ns/cell   min  25.033   vs prod: median +174.5%  min +168.5%

=== saturated regime (100 ranks, each with its own 1M-cell grid) ===
rank  64  prod      median  23.320 ns/cell   min  21.284
rank  64  clean     median  47.758 ns/cell   min  45.406   vs prod: median +104.8%  min +113.3%
rank  20  prod      median  24.002 ns/cell   min  22.504
rank  20  clean     median  47.555 ns/cell   min  45.319   vs prod: median +98.1%  min +101.4%
rank  88  prod      median  23.663 ns/cell   min  20.983
rank  88  clean     median  47.673 ns/cell   min  45.361   vs prod: median +101.5%  min +116.2%
rank  98  prod      median  23.675 ns/cell   min  20.849
rank  98  clean     median  47.819 ns/cell   min  45.420   vs prod: median +102.0%  min +117.8%
rank  48  prod      median  23.797 ns/cell   min  21.077
rank  48  clean     median  47.919 ns/cell   min  45.276   vs prod: median +101.4%  min +114.8%
rank  95  prod      median  23.671 ns/cell   min  22.110
rank  95  clean     median  47.595 ns/cell   min  45.398   vs prod: median +101.1%  min +105.3%
rank  60  prod      median  23.710 ns/cell   min  22.164
rank  60  clean     median  47.702 ns/cell   min  45.112   vs prod: median +101.2%  min +103.5%
rank  91  prod      median  23.706 ns/cell   min  20.503
rank  91  clean     median  47.863 ns/cell   min  45.443   vs prod: median +101.9%  min +121.6%
rank   2  prod      median  23.838 ns/cell   min  21.546
rank   2  clean     median  48.061 ns/cell   min  44.966   vs prod: median +101.6%  min +108.7%
rank  86  prod      median  23.800 ns/cell   min  22.204
rank  86  clean     median  47.828 ns/cell   min  44.628   vs prod: median +101.0%  min +101.0%
rank  46  prod      median  23.868 ns/cell   min  21.723
rank  46  clean     median  47.989 ns/cell   min  44.597   vs prod: median +101.1%  min +105.3%
rank  92  prod      median  23.730 ns/cell   min  22.317
rank  92  clean     median  47.757 ns/cell   min  44.454   vs prod: median +101.3%  min +99.2%
rank  75  prod      median  24.080 ns/cell   min  20.384
rank  75  clean     median  47.774 ns/cell   min  45.407   vs prod: median +98.4%  min +122.8%
rank  76  prod      median  23.808 ns/cell   min  22.274
rank  76  clean     median  47.772 ns/cell   min  44.329   vs prod: median +100.7%  min +99.0%
rank  40  prod      median  24.098 ns/cell   min  21.089
rank  40  clean     median  48.045 ns/cell   min  44.278   vs prod: median +99.4%  min +110.0%
rank  80  prod      median  23.809 ns/cell   min  22.376
rank  80  clean     median  47.716 ns/cell   min  43.972   vs prod: median +100.4%  min +96.5%
rank  52  prod      median  23.951 ns/cell   min  22.548
rank  52  clean     median  47.735 ns/cell   min  43.733   vs prod: median +99.3%  min +94.0%
rank  19  prod      median  23.722 ns/cell   min  21.252
rank  19  clean     median  47.896 ns/cell   min  44.924   vs prod: median +101.9%  min +111.4%
rank  59  prod      median  23.863 ns/cell   min  20.480
rank  59  clean     median  47.741 ns/cell   min  44.853   vs prod: median +100.1%  min +119.0%
rank  62  prod      median  24.105 ns/cell   min  22.773
rank  62  clean     median  47.746 ns/cell   min  43.335   vs prod: median +98.1%  min +90.3%
rank  12  prod      median  23.967 ns/cell   min  22.528
rank  12  clean     median  47.828 ns/cell   min  43.283   vs prod: median +99.6%  min +92.1%
rank  90  prod      median  23.629 ns/cell   min  22.529
rank  90  clean     median  47.764 ns/cell   min  43.173   vs prod: median +102.1%  min +91.6%
rank  23  prod      median  23.861 ns/cell   min  21.242
rank  23  clean     median  47.929 ns/cell   min  44.595   vs prod: median +100.9%  min +109.9%
rank  24  prod      median  23.758 ns/cell   min  22.565
rank  24  clean     median  47.903 ns/cell   min  43.074   vs prod: median +101.6%  min +90.9%
rank  50  prod      median  23.854 ns/cell   min  22.632
rank  50  clean     median  47.883 ns/cell   min  43.026   vs prod: median +100.7%  min +90.1%
rank  84  prod      median  23.516 ns/cell   min  22.696
rank  84  clean     median  47.837 ns/cell   min  43.170   vs prod: median +103.4%  min +90.2%
rank  58  prod      median  23.645 ns/cell   min  22.577
rank  58  clean     median  47.930 ns/cell   min  43.006   vs prod: median +102.7%  min +90.5%
rank  99  prod      median  23.930 ns/cell   min  21.013
rank  99  clean     median  48.056 ns/cell   min  44.427   vs prod: median +100.8%  min +111.4%
rank  54  prod      median  24.255 ns/cell   min  22.431
rank  54  clean     median  47.883 ns/cell   min  42.754   vs prod: median +97.4%  min +90.6%
rank  66  prod      median  23.645 ns/cell   min  22.739
rank  66  clean     median  47.876 ns/cell   min  42.759   vs prod: median +102.5%  min +88.0%
rank   8  prod      median  23.368 ns/cell   min  22.748
rank   8  clean     median  47.942 ns/cell   min  42.595   vs prod: median +105.2%  min +87.2%
rank  81  prod      median  23.919 ns/cell   min  21.805
rank  81  clean     median  47.866 ns/cell   min  43.934   vs prod: median +100.1%  min +101.5%
rank  74  prod      median  23.589 ns/cell   min  22.713
rank  74  clean     median  47.925 ns/cell   min  42.524   vs prod: median +103.2%  min +87.2%
rank  79  prod      median  23.954 ns/cell   min  21.594
rank  79  clean     median  47.957 ns/cell   min  43.804   vs prod: median +100.2%  min +102.9%
rank  85  prod      median  23.801 ns/cell   min  21.738
rank  85  clean     median  48.004 ns/cell   min  43.839   vs prod: median +101.7%  min +101.7%
rank  94  prod      median  23.533 ns/cell   min  22.340
rank  94  clean     median  47.955 ns/cell   min  42.353   vs prod: median +103.8%  min +89.6%
rank  63  prod      median  23.809 ns/cell   min  21.907
rank  63  clean     median  47.824 ns/cell   min  43.526   vs prod: median +100.9%  min +98.7%
rank  78  prod      median  23.595 ns/cell   min  22.261
rank  78  clean     median  47.966 ns/cell   min  42.161   vs prod: median +103.3%  min +89.4%
rank  21  prod      median  23.746 ns/cell   min  22.032
rank  21  clean     median  47.897 ns/cell   min  42.949   vs prod: median +101.7%  min +94.9%
rank  65  prod      median  23.926 ns/cell   min  21.862
rank  65  clean     median  47.837 ns/cell   min  42.919   vs prod: median +99.9%  min +96.3%
rank  18  prod      median  23.917 ns/cell   min  21.532
rank  18  clean     median  47.928 ns/cell   min  41.085   vs prod: median +100.4%  min +90.8%
rank   6  prod      median  23.895 ns/cell   min  21.371
rank   6  clean     median  47.992 ns/cell   min  40.760   vs prod: median +100.8%  min +90.7%
rank  72  prod      median  24.099 ns/cell   min  21.519
rank  72  clean     median  47.825 ns/cell   min  40.712   vs prod: median +98.5%  min +89.2%
rank  31  prod      median  23.832 ns/cell   min  22.130
rank  31  clean     median  47.936 ns/cell   min  42.143   vs prod: median +101.1%  min +90.4%
rank  17  prod      median  23.881 ns/cell   min  22.120
rank  17  clean     median  48.009 ns/cell   min  41.769   vs prod: median +101.0%  min +88.8%
rank   4  prod      median  24.045 ns/cell   min  21.123
rank   4  clean     median  48.011 ns/cell   min  40.379   vs prod: median +99.7%  min +91.2%
rank  22  prod      median  24.176 ns/cell   min  21.222
rank  22  clean     median  47.834 ns/cell   min  40.203   vs prod: median +97.9%  min +89.4%
rank  49  prod      median  24.205 ns/cell   min  21.587
rank  49  clean     median  47.964 ns/cell   min  41.629   vs prod: median +98.2%  min +92.8%
rank  34  prod      median  24.352 ns/cell   min  21.472
rank  34  clean     median  47.842 ns/cell   min  40.092   vs prod: median +96.5%  min +86.7%
rank   9  prod      median  24.198 ns/cell   min  22.152
rank   9  clean     median  47.912 ns/cell   min  41.380   vs prod: median +98.0%  min +86.8%
rank  16  prod      median  24.152 ns/cell   min  21.138
rank  16  clean     median  47.878 ns/cell   min  39.922   vs prod: median +98.2%  min +88.9%
rank  69  prod      median  24.101 ns/cell   min  22.207
rank  69  clean     median  47.855 ns/cell   min  41.148   vs prod: median +98.6%  min +85.3%
rank  51  prod      median  24.201 ns/cell   min  22.089
rank  51  clean     median  47.857 ns/cell   min  40.921   vs prod: median +97.7%  min +85.3%
rank  47  prod      median  24.006 ns/cell   min  22.108
rank  47  clean     median  48.045 ns/cell   min  40.863   vs prod: median +100.1%  min +84.8%
rank  53  prod      median  24.079 ns/cell   min  22.153
rank  53  clean     median  47.884 ns/cell   min  40.800   vs prod: median +98.9%  min +84.2%
rank  89  prod      median  23.793 ns/cell   min  22.467
rank  89  clean     median  48.011 ns/cell   min  40.897   vs prod: median +101.8%  min +82.0%
rank  36  prod      median  24.346 ns/cell   min  20.948
rank  36  clean     median  47.879 ns/cell   min  39.453   vs prod: median +96.7%  min +88.3%
rank   3  prod      median  23.909 ns/cell   min  22.543
rank   3  clean     median  47.915 ns/cell   min  40.190   vs prod: median +100.4%  min +78.3%
rank   7  prod      median  23.944 ns/cell   min  22.591
rank   7  clean     median  47.905 ns/cell   min  40.187   vs prod: median +100.1%  min +77.9%
rank  67  prod      median  23.936 ns/cell   min  22.320
rank  67  clean     median  48.038 ns/cell   min  40.235   vs prod: median +100.7%  min +80.3%
rank  32  prod      median  24.599 ns/cell   min  20.489
rank  32  clean     median  47.851 ns/cell   min  38.224   vs prod: median +94.5%  min +86.6%
rank  30  prod      median  24.574 ns/cell   min  20.348
rank  30  clean     median  47.922 ns/cell   min  37.970   vs prod: median +95.0%  min +86.6%
rank  26  prod      median  24.477 ns/cell   min  20.261
rank  26  clean     median  48.075 ns/cell   min  37.977   vs prod: median +96.4%  min +87.4%
rank  13  prod      median  24.074 ns/cell   min  22.001
rank  13  clean     median  47.913 ns/cell   min  39.153   vs prod: median +99.0%  min +78.0%
rank  27  prod      median  23.968 ns/cell   min  21.807
rank  27  clean     median  48.055 ns/cell   min  38.723   vs prod: median +100.5%  min +77.6%
rank  45  prod      median  24.042 ns/cell   min  21.752
rank  45  clean     median  48.078 ns/cell   min  37.997   vs prod: median +100.0%  min +74.7%
rank  37  prod      median  24.227 ns/cell   min  21.830
rank  37  clean     median  47.968 ns/cell   min  37.751   vs prod: median +98.0%  min +72.9%
rank  33  prod      median  24.191 ns/cell   min  21.760
rank  33  clean     median  48.011 ns/cell   min  37.855   vs prod: median +98.5%  min +74.0%
rank  77  prod      median  24.184 ns/cell   min  21.621
rank  77  clean     median  48.044 ns/cell   min  37.673   vs prod: median +98.7%  min +74.2%
variants present: ['prod', 'clean']
mode=saturated  ranks=100  reps=50
grid 273 x 65 x 57

correctness gate (vs production, zeroed scratch dU):
  prod      (reference)  |dU|_max = 2.320116e-04
  clean     max_abs_diff = 0.000000e+00  (0.000e+00 of scale)  bitwise=True
rank   0  prod      median  24.812 ns/cell   min  20.464
rank   0  clean     median  49.051 ns/cell   min  36.807   vs prod: median +97.7%  min +79.9%
rank  38  prod      median  24.701 ns/cell   min  19.830
rank  38  clean     median  47.976 ns/cell   min  36.471   vs prod: median +94.2%  min +83.9%
rank  61  prod      median  24.065 ns/cell   min  21.264
rank  61  clean     median  48.207 ns/cell   min  37.360   vs prod: median +100.3%  min +75.7%
rank  35  prod      median  24.410 ns/cell   min  21.420
rank  35  clean     median  47.887 ns/cell   min  36.991   vs prod: median +96.2%  min +72.7%
rank  10  prod      median  24.657 ns/cell   min  19.576
rank  10  clean     median  48.102 ns/cell   min  36.024   vs prod: median +95.1%  min +84.0%
rank  11  prod      median  24.481 ns/cell   min  21.537
rank  11  clean     median  47.886 ns/cell   min  36.423   vs prod: median +95.6%  min +69.1%
rank   5  prod      median  24.401 ns/cell   min  21.325
rank   5  clean     median  48.004 ns/cell   min  36.322   vs prod: median +96.7%  min +70.3%
rank  44  prod      median  24.886 ns/cell   min  18.767
rank  44  clean     median  48.117 ns/cell   min  35.072   vs prod: median +93.4%  min +86.9%
rank  93  prod      median  24.205 ns/cell   min  20.657
rank  93  clean     median  48.315 ns/cell   min  36.206   vs prod: median +99.6%  min +75.3%
rank  83  prod      median  24.495 ns/cell   min  20.188
rank  83  clean     median  48.161 ns/cell   min  35.753   vs prod: median +96.6%  min +77.1%
rank  97  prod      median  24.556 ns/cell   min  20.050
rank  97  clean     median  47.965 ns/cell   min  35.287   vs prod: median +95.3%  min +76.0%
rank  96  prod      median  24.863 ns/cell   min  18.033
rank  96  clean     median  48.447 ns/cell   min  34.653   vs prod: median +94.9%  min +92.2%
rank  14  prod      median  24.980 ns/cell   min  18.067
rank  14  clean     median  48.312 ns/cell   min  34.546   vs prod: median +93.4%  min +91.2%
rank  29  prod      median  24.953 ns/cell   min  19.579
rank  29  clean     median  48.032 ns/cell   min  35.062   vs prod: median +92.5%  min +79.1%
rank  15  prod      median  25.178 ns/cell   min  19.218
rank  15  clean     median  48.006 ns/cell   min  34.761   vs prod: median +90.7%  min +80.9%
rank  39  prod      median  25.213 ns/cell   min  18.089
rank  39  clean     median  48.480 ns/cell   min  34.940   vs prod: median +92.3%  min +93.2%
rank  82  prod      median  25.715 ns/cell   min  15.965
rank  82  clean     median  48.489 ns/cell   min  33.496   vs prod: median +88.6%  min +109.8%
rank  55  prod      median  26.407 ns/cell   min  17.272
rank  55  clean     median  48.032 ns/cell   min  34.093   vs prod: median +81.9%  min +97.4%
rank  70  prod      median  25.495 ns/cell   min  15.726
rank  70  clean     median  48.795 ns/cell   min  33.573   vs prod: median +91.4%  min +113.5%
rank  71  prod      median  26.381 ns/cell   min  16.657
rank  71  clean     median  48.132 ns/cell   min  33.762   vs prod: median +82.4%  min +102.7%
rank  56  prod      median  25.093 ns/cell   min  15.238
rank  56  clean     median  49.081 ns/cell   min  33.337   vs prod: median +95.6%  min +118.8%
rank  41  prod      median  26.340 ns/cell   min  16.626
rank  41  clean     median  48.246 ns/cell   min  33.778   vs prod: median +83.2%  min +103.2%
rank   1  prod      median  26.577 ns/cell   min  17.077
rank   1  clean     median  48.118 ns/cell   min  33.724   vs prod: median +81.0%  min +97.5%
rank  57  prod      median  25.958 ns/cell   min  15.374
rank  57  clean     median  48.787 ns/cell   min  32.937   vs prod: median +87.9%  min +114.2%
rank  42  prod      median  26.194 ns/cell   min  14.515
rank  42  clean     median  49.017 ns/cell   min  30.390   vs prod: median +87.1%  min +109.4%
rank  87  prod      median  25.528 ns/cell   min  14.716
rank  87  clean     median  49.433 ns/cell   min  32.462   vs prod: median +93.6%  min +120.6%
rank  28  prod      median  26.295 ns/cell   min  14.410
rank  28  clean     median  48.968 ns/cell   min  28.644   vs prod: median +86.2%  min +98.8%
rank  68  prod      median  26.853 ns/cell   min  14.011
rank  68  clean     median  48.903 ns/cell   min  27.240   vs prod: median +82.1%  min +94.4%
rank  43  prod      median  26.952 ns/cell   min  12.733
rank  43  clean     median  49.898 ns/cell   min  26.094   vs prod: median +85.1%  min +104.9%
rank  73  prod      median  27.255 ns/cell   min  12.735
rank  73  clean     median  49.885 ns/cell   min  26.129   vs prod: median +83.0%  min +105.2%
rank  25  prod      median  27.086 ns/cell   min  12.673
rank  25  clean     median  50.120 ns/cell   min  26.096   vs prod: median +85.0%  min +105.9%

=== aggregate ===

--- serial (1 rank(s)) ---
  prod     median-of-ranks   9.372 ns/cell   min-across-ranks   9.322   spread 9.37-9.37
  clean    median-of-ranks  25.724 ns/cell   min-across-ranks  25.033   spread 25.72-25.72
  => clean vs prod: +174.5% (median of ranks)

--- saturated (100 rank(s)) ---
  prod     median-of-ranks  24.076 ns/cell   min-across-ranks  12.673   spread 23.32-27.26
  clean    median-of-ranks  47.949 ns/cell   min-across-ranks  26.094   spread 47.55-50.12
  => clean vs prod: +99.2% (median of ranks)

done. raw rows: /rds/project/rds-7OSWtyyYICQ/jb753/ember-paper/ember/tools/bench_residual_ab.jsonl
