sapphire modules
=== node: cpu-r-74  model name	: Intel(R) Xeon(R) Platinum 8480+ ===
 ~ pyyaml==6.0.3
Package installed successfully

=== serial ===
grid 273 x 65 x 57  sf=1.0
correctness (must be bitwise):
  BJ=8(prod)   (reference)
  BJ=16        bitwise=True  maxdiff=0.000e+00
  BJ=32        bitwise=True  maxdiff=0.000e+00
  BJ=64        bitwise=True  maxdiff=0.000e+00
  BJ=128       bitwise=True  maxdiff=0.000e+00
rank   0  BJ=8(prod)   median   8.122  min   8.106     +0.0%
rank   0  BJ=16        median   6.800  min   6.783    -16.3%
rank   0  BJ=32        median   5.980  min   5.969    -26.4%
rank   0  BJ=64        median   7.733  min   7.694     -4.8%
rank   0  BJ=128       median   7.856  min   7.812     -3.3%

=== saturated (100 ranks) ===
rank  19  BJ=8(prod)   median  30.938  min  30.487     +0.0%
rank  19  BJ=16        median  28.916  min  28.558     -6.5%
rank  19  BJ=32        median  28.662  min  28.307     -7.4%
rank  19  BJ=64        median  29.843  min  29.558     -3.5%
rank  19  BJ=128       median  29.990  min  29.684     -3.1%
rank  91  BJ=8(prod)   median  31.213  min  30.707     +0.0%
rank  91  BJ=16        median  29.069  min  28.816     -6.9%
rank  91  BJ=32        median  28.794  min  28.556     -7.7%
rank  91  BJ=64        median  30.444  min  30.030     -2.5%
rank  91  BJ=128       median  30.291  min  29.749     -3.0%
rank  89  BJ=8(prod)   median  31.258  min  30.977     +0.0%
rank  89  BJ=16        median  29.241  min  28.981     -6.5%
rank  89  BJ=32        median  28.832  min  28.593     -7.8%
rank  89  BJ=64        median  30.385  min  30.131     -2.8%
rank  89  BJ=128       median  30.613  min  30.164     -2.1%
rank  21  BJ=8(prod)   median  31.743  min  31.516     +0.0%
rank  21  BJ=16        median  29.470  min  29.218     -7.2%
rank  21  BJ=32        median  28.954  min  28.685     -8.8%
rank  21  BJ=64        median  30.687  min  30.388     -3.3%
rank  21  BJ=128       median  30.914  min  30.480     -2.6%
rank  27  BJ=8(prod)   median  31.697  min  31.434     +0.0%
rank  27  BJ=16        median  29.459  min  29.234     -7.1%
rank  27  BJ=32        median  28.970  min  28.724     -8.6%
rank  27  BJ=64        median  30.596  min  30.187     -3.5%
rank  27  BJ=128       median  30.748  min  30.492     -3.0%
rank   3  BJ=8(prod)   median  31.685  min  31.400     +0.0%
rank   3  BJ=16        median  29.633  min  29.251     -6.5%
rank   3  BJ=32        median  29.098  min  28.929     -8.2%
rank   3  BJ=64        median  30.733  min  30.438     -3.0%
rank   3  BJ=128       median  30.860  min  30.488     -2.6%
rank  67  BJ=8(prod)   median  31.648  min  31.475     +0.0%
rank  67  BJ=16        median  29.517  min  29.178     -6.7%
rank  67  BJ=32        median  29.087  min  28.888     -8.1%
rank  67  BJ=64        median  30.848  min  30.462     -2.5%
rank  67  BJ=128       median  31.003  min  30.702     -2.0%
rank  25  BJ=8(prod)   median  31.775  min  31.483     +0.0%
rank  25  BJ=16        median  29.470  min  29.151     -7.3%
rank  25  BJ=32        median  29.140  min  28.949     -8.3%
rank  25  BJ=64        median  31.119  min  30.744     -2.1%
rank  25  BJ=128       median  31.001  min  30.628     -2.4%
rank  59  BJ=8(prod)   median  31.641  min  31.367     +0.0%
rank  59  BJ=16        median  29.479  min  29.220     -6.8%
rank  59  BJ=32        median  29.048  min  28.688     -8.2%
rank  59  BJ=64        median  30.797  min  30.439     -2.7%
rank  59  BJ=128       median  30.936  min  30.685     -2.2%
rank  93  BJ=8(prod)   median  31.563  min  31.302     +0.0%
rank  93  BJ=16        median  29.631  min  29.155     -6.1%
rank  93  BJ=32        median  29.019  min  28.449     -8.1%
rank  93  BJ=64        median  30.863  min  30.512     -2.2%
rank  93  BJ=128       median  30.815  min  30.361     -2.4%
rank  99  BJ=8(prod)   median  31.760  min  31.474     +0.0%
rank  99  BJ=16        median  29.567  min  29.320     -6.9%
rank  99  BJ=32        median  29.205  min  29.027     -8.0%
rank  99  BJ=64        median  31.448  min  30.960     -1.0%
rank  99  BJ=128       median  31.229  min  30.764     -1.7%
rank  49  BJ=8(prod)   median  31.703  min  31.397     +0.0%
rank  49  BJ=16        median  29.512  min  29.330     -6.9%
rank  49  BJ=32        median  29.232  min  29.025     -7.8%
rank  49  BJ=64        median  31.019  min  30.698     -2.2%
rank  49  BJ=128       median  31.025  min  30.685     -2.1%
rank  75  BJ=8(prod)   median  31.734  min  31.436     +0.0%
rank  75  BJ=16        median  29.460  min  29.123     -7.2%
rank  75  BJ=32        median  29.085  min  28.832     -8.3%
rank  75  BJ=64        median  30.998  min  30.540     -2.3%
rank  75  BJ=128       median  30.868  min  30.481     -2.7%
rank  71  BJ=8(prod)   median  31.675  min  31.335     +0.0%
rank  71  BJ=16        median  29.597  min  29.286     -6.6%
rank  71  BJ=32        median  29.209  min  28.959     -7.8%
rank  71  BJ=64        median  30.907  min  30.472     -2.4%
rank  71  BJ=128       median  31.027  min  30.582     -2.0%
rank  17  BJ=8(prod)   median  31.870  min  31.675     +0.0%
rank  17  BJ=16        median  29.537  min  29.276     -7.3%
rank  17  BJ=32        median  29.144  min  28.939     -8.6%
rank  17  BJ=64        median  30.842  min  30.532     -3.2%
rank  17  BJ=128       median  31.002  min  30.716     -2.7%
rank  31  BJ=8(prod)   median  31.554  min  31.153     +0.0%
rank  31  BJ=16        median  29.454  min  29.020     -6.7%
rank  31  BJ=32        median  29.073  min  28.785     -7.9%
rank  31  BJ=64        median  30.650  min  30.296     -2.9%
rank  31  BJ=128       median  30.695  min  30.262     -2.7%
rank  39  BJ=8(prod)   median  31.583  min  31.236     +0.0%
rank  39  BJ=16        median  29.725  min  29.251     -5.9%
rank  39  BJ=32        median  29.143  min  28.951     -7.7%
rank  39  BJ=64        median  30.884  min  30.544     -2.2%
rank  39  BJ=128       median  31.149  min  30.756     -1.4%
rank  41  BJ=8(prod)   median  31.657  min  31.442     +0.0%
rank  41  BJ=16        median  29.552  min  29.244     -6.6%
rank  41  BJ=32        median  29.275  min  28.976     -7.5%
rank  41  BJ=64        median  30.844  min  30.448     -2.6%
rank  41  BJ=128       median  31.250  min  31.005     -1.3%
rank  47  BJ=8(prod)   median  31.738  min  31.515     +0.0%
rank  47  BJ=16        median  29.496  min  29.197     -7.1%
rank  47  BJ=32        median  29.074  min  28.743     -8.4%
rank  47  BJ=64        median  30.718  min  30.351     -3.2%
rank  47  BJ=128       median  30.990  min  30.763     -2.4%
rank  65  BJ=8(prod)   median  31.389  min  31.013     +0.0%
rank  65  BJ=16        median  29.490  min  28.885     -6.0%
rank  65  BJ=32        median  28.997  min  28.609     -7.6%
rank  65  BJ=64        median  30.497  min  30.003     -2.8%
rank  65  BJ=128       median  30.686  min  30.227     -2.2%
rank  95  BJ=8(prod)   median  31.740  min  31.499     +0.0%
rank  95  BJ=16        median  29.502  min  29.319     -7.1%
rank  95  BJ=32        median  29.084  min  28.856     -8.4%
rank  95  BJ=64        median  31.304  min  30.831     -1.4%
rank  95  BJ=128       median  30.984  min  30.700     -2.4%
rank   9  BJ=8(prod)   median  31.737  min  31.407     +0.0%
rank   9  BJ=16        median  29.549  min  29.393     -6.9%
rank   9  BJ=32        median  29.185  min  28.918     -8.0%
rank   9  BJ=64        median  30.854  min  30.572     -2.8%
rank   9  BJ=128       median  31.133  min  30.862     -1.9%
rank  15  BJ=8(prod)   median  31.828  min  31.462     +0.0%
rank  15  BJ=16        median  29.928  min  29.538     -6.0%
rank  15  BJ=32        median  29.295  min  29.000     -8.0%
rank  15  BJ=64        median  31.170  min  30.822     -2.1%
rank  15  BJ=128       median  31.413  min  30.988     -1.3%
rank  29  BJ=8(prod)   median  31.873  min  31.610     +0.0%
rank  29  BJ=16        median  29.470  min  29.186     -7.5%
rank  29  BJ=32        median  29.269  min  28.919     -8.2%
rank  29  BJ=64        median  30.922  min  30.495     -3.0%
rank  29  BJ=128       median  31.139  min  30.714     -2.3%
rank  35  BJ=8(prod)   median  31.670  min  31.305     +0.0%
rank  35  BJ=16        median  29.707  min  29.450     -6.2%
rank  35  BJ=32        median  29.156  min  28.860     -7.9%
rank  35  BJ=64        median  31.132  min  30.854     -1.7%
rank  35  BJ=128       median  31.032  min  30.791     -2.0%
rank  45  BJ=8(prod)   median  31.917  min  31.505     +0.0%
rank  45  BJ=16        median  29.503  min  29.239     -7.6%
rank  45  BJ=32        median  29.252  min  28.907     -8.4%
rank  45  BJ=64        median  30.869  min  30.563     -3.3%
rank  45  BJ=128       median  31.026  min  30.698     -2.8%
rank  51  BJ=8(prod)   median  31.707  min  31.458     +0.0%
rank  51  BJ=16        median  29.616  min  29.384     -6.6%
rank  51  BJ=32        median  29.231  min  28.973     -7.8%
rank  51  BJ=64        median  31.173  min  30.771     -1.7%
rank  51  BJ=128       median  31.113  min  30.886     -1.9%
rank  61  BJ=8(prod)   median  31.778  min  31.421     +0.0%
rank  61  BJ=16        median  29.776  min  29.159     -6.3%
rank  61  BJ=32        median  29.093  min  28.855     -8.4%
rank  61  BJ=64        median  31.051  min  30.700     -2.3%
rank  61  BJ=128       median  31.028  min  30.747     -2.4%
rank  79  BJ=8(prod)   median  31.611  min  31.328     +0.0%
rank  79  BJ=16        median  29.385  min  29.129     -7.0%
rank  79  BJ=32        median  29.097  min  28.884     -8.0%
rank  79  BJ=64        median  31.069  min  30.685     -1.7%
rank  79  BJ=128       median  31.070  min  30.713     -1.7%
rank  81  BJ=8(prod)   median  31.674  min  31.474     +0.0%
rank  81  BJ=16        median  29.794  min  29.383     -5.9%
rank  81  BJ=32        median  29.163  min  28.907     -7.9%
rank  81  BJ=64        median  30.869  min  30.603     -2.5%
rank  81  BJ=128       median  31.094  min  30.843     -1.8%
rank  83  BJ=8(prod)   median  31.644  min  31.380     +0.0%
rank  83  BJ=16        median  29.517  min  29.212     -6.7%
rank  83  BJ=32        median  29.089  min  28.682     -8.1%
rank  83  BJ=64        median  30.899  min  30.557     -2.4%
rank  83  BJ=128       median  31.045  min  30.821     -1.9%
rank   5  BJ=8(prod)   median  32.030  min  31.809     +0.0%
rank   5  BJ=16        median  29.613  min  29.212     -7.5%
rank   5  BJ=32        median  29.320  min  28.949     -8.5%
rank   5  BJ=64        median  31.247  min  30.876     -2.4%
rank   5  BJ=128       median  31.299  min  30.981     -2.3%
rank   7  BJ=8(prod)   median  31.646  min  31.305     +0.0%
rank   7  BJ=16        median  29.743  min  29.293     -6.0%
rank   7  BJ=32        median  29.194  min  28.827     -7.8%
rank   7  BJ=64        median  31.092  min  30.785     -1.8%
rank   7  BJ=128       median  31.172  min  30.902     -1.5%
rank  13  BJ=8(prod)   median  31.848  min  31.637     +0.0%
rank  13  BJ=16        median  29.608  min  29.292     -7.0%
rank  13  BJ=32        median  29.446  min  29.183     -7.5%
rank  13  BJ=64        median  31.271  min  30.968     -1.8%
rank  13  BJ=128       median  31.364  min  31.005     -1.5%
rank  33  BJ=8(prod)   median  31.802  min  31.375     +0.0%
rank  33  BJ=16        median  29.556  min  29.404     -7.1%
rank  33  BJ=32        median  29.342  min  29.129     -7.7%
rank  33  BJ=64        median  30.982  min  30.547     -2.6%
rank  33  BJ=128       median  31.458  min  31.042     -1.1%
rank  37  BJ=8(prod)   median  31.695  min  31.472     +0.0%
rank  37  BJ=16        median  29.810  min  28.304     -5.9%
rank  37  BJ=32        median  29.272  min  27.416     -7.6%
rank  37  BJ=64        median  30.920  min  30.630     -2.4%
rank  37  BJ=128       median  31.299  min  30.879     -1.2%
rank  53  BJ=8(prod)   median  31.740  min  31.427     +0.0%
rank  53  BJ=16        median  29.778  min  29.387     -6.2%
rank  53  BJ=32        median  29.249  min  29.033     -7.8%
rank  53  BJ=64        median  31.191  min  30.772     -1.7%
rank  53  BJ=128       median  31.324  min  30.742     -1.3%
rank  55  BJ=8(prod)   median  31.868  min  31.664     +0.0%
rank  55  BJ=16        median  29.890  min  29.479     -6.2%
rank  55  BJ=32        median  29.397  min  29.110     -7.8%
rank  55  BJ=64        median  31.407  min  31.036     -1.4%
rank  55  BJ=128       median  31.306  min  30.941     -1.8%
rank  69  BJ=8(prod)   median  31.643  min  31.345     +0.0%
rank  69  BJ=16        median  29.853  min  29.545     -5.7%
rank  69  BJ=32        median  29.192  min  28.869     -7.7%
rank  69  BJ=64        median  31.293  min  30.695     -1.1%
rank  69  BJ=128       median  31.355  min  31.013     -0.9%
rank  73  BJ=8(prod)   median  31.827  min  31.382     +0.0%
rank  73  BJ=16        median  29.877  min  29.491     -6.1%
rank  73  BJ=32        median  29.427  min  29.142     -7.5%
rank  73  BJ=64        median  31.146  min  30.685     -2.1%
rank  73  BJ=128       median  31.363  min  30.918     -1.5%
rank  87  BJ=8(prod)   median  31.894  min  31.544     +0.0%
rank  87  BJ=16        median  29.669  min  29.390     -7.0%
rank  87  BJ=32        median  29.246  min  28.953     -8.3%
rank  87  BJ=64        median  31.067  min  30.752     -2.6%
rank  87  BJ=128       median  31.123  min  30.592     -2.4%
rank  11  BJ=8(prod)   median  31.775  min  31.566     +0.0%
rank  11  BJ=16        median  29.619  min  29.362     -6.8%
rank  11  BJ=32        median  29.283  min  29.010     -7.8%
rank  11  BJ=64        median  31.026  min  30.829     -2.4%
rank  11  BJ=128       median  31.339  min  30.982     -1.4%
rank  23  BJ=8(prod)   median  31.602  min  31.288     +0.0%
rank  23  BJ=16        median  29.775  min  29.520     -5.8%
rank  23  BJ=32        median  29.311  min  29.011     -7.2%
rank  23  BJ=64        median  31.112  min  30.587     -1.5%
rank  23  BJ=128       median  31.238  min  30.937     -1.2%
rank  63  BJ=8(prod)   median  31.658  min  31.348     +0.0%
rank  63  BJ=16        median  29.635  min  29.295     -6.4%
rank  63  BJ=32        median  29.183  min  28.841     -7.8%
rank  63  BJ=64        median  31.050  min  30.619     -1.9%
rank  63  BJ=128       median  31.207  min  30.851     -1.4%
rank  77  BJ=8(prod)   median  31.865  min  31.553     +0.0%
rank  77  BJ=16        median  29.766  min  29.493     -6.6%
rank  77  BJ=32        median  29.160  min  28.924     -8.5%
rank  77  BJ=64        median  31.108  min  30.676     -2.4%
rank  77  BJ=128       median  31.194  min  30.570     -2.1%
rank  85  BJ=8(prod)   median  31.790  min  31.481     +0.0%
rank  85  BJ=16        median  29.819  min  29.412     -6.2%
rank  85  BJ=32        median  29.298  min  29.051     -7.8%
rank  85  BJ=64        median  31.093  min  30.811     -2.2%
rank  85  BJ=128       median  31.278  min  30.877     -1.6%
rank  43  BJ=8(prod)   median  31.684  min  31.378     +0.0%
rank  43  BJ=16        median  29.969  min  29.523     -5.4%
rank  43  BJ=32        median  29.353  min  29.079     -7.4%
rank  43  BJ=64        median  31.300  min  30.974     -1.2%
rank  43  BJ=128       median  31.407  min  31.126     -0.9%
rank  97  BJ=8(prod)   median  31.952  min  31.495     +0.0%
rank  97  BJ=16        median  29.916  min  29.460     -6.4%
rank  97  BJ=32        median  29.565  min  29.304     -7.5%
rank  97  BJ=64        median  31.364  min  31.129     -1.8%
rank  97  BJ=128       median  31.423  min  31.170     -1.7%
rank  57  BJ=8(prod)   median  31.876  min  31.557     +0.0%
rank  57  BJ=16        median  30.005  min  29.572     -5.9%
rank  57  BJ=32        median  29.449  min  29.249     -7.6%
rank  57  BJ=64        median  31.634  min  31.298     -0.8%
rank  57  BJ=128       median  31.559  min  31.278     -1.0%
rank   1  BJ=8(prod)   median  34.149  min  33.298     +0.0%
rank   1  BJ=16        median  34.066  min  33.519     -0.2%
rank   1  BJ=32        median  34.399  min  34.017     +0.7%
rank   1  BJ=64        median  35.503  min  34.741     +4.0%
rank   1  BJ=128       median  35.632  min  30.147     +4.3%
rank  84  BJ=8(prod)   median  30.928  min  30.632     +0.0%
rank  84  BJ=16        median  28.953  min  28.717     -6.4%
rank  84  BJ=32        median  28.715  min  28.465     -7.2%
rank  84  BJ=64        median  29.899  min  29.597     -3.3%
rank  84  BJ=128       median  29.951  min  29.675     -3.2%
rank  20  BJ=8(prod)   median  31.027  min  30.703     +0.0%
rank  20  BJ=16        median  28.991  min  28.753     -6.6%
rank  20  BJ=32        median  28.718  min  28.513     -7.4%
rank  20  BJ=64        median  29.974  min  29.664     -3.4%
rank  20  BJ=128       median  30.067  min  29.667     -3.1%
rank  98  BJ=8(prod)   median  31.581  min  31.301     +0.0%
rank  98  BJ=16        median  29.411  min  29.265     -6.9%
rank  98  BJ=32        median  29.001  min  28.831     -8.2%
rank  98  BJ=64        median  30.727  min  30.290     -2.7%
rank  98  BJ=128       median  30.831  min  30.400     -2.4%
rank   2  BJ=8(prod)   median  31.775  min  31.376     +0.0%
rank   2  BJ=16        median  29.628  min  29.313     -6.8%
rank   2  BJ=32        median  28.965  min  28.583     -8.8%
rank   2  BJ=64        median  30.689  min  30.386     -3.4%
rank   2  BJ=128       median  30.800  min  30.445     -3.1%
rank  70  BJ=8(prod)   median  31.553  min  31.192     +0.0%
rank  70  BJ=16        median  29.528  min  29.184     -6.4%
rank  70  BJ=32        median  28.943  min  28.606     -8.3%
rank  70  BJ=64        median  30.650  min  30.265     -2.9%
rank  70  BJ=128       median  30.951  min  30.646     -1.9%
rank   6  BJ=8(prod)   median  31.774  min  31.521     +0.0%
rank   6  BJ=16        median  29.563  min  29.313     -7.0%
rank   6  BJ=32        median  28.986  min  28.564     -8.8%
rank   6  BJ=64        median  30.815  min  30.316     -3.0%
rank   6  BJ=128       median  31.024  min  30.699     -2.4%
rank  22  BJ=8(prod)   median  31.874  min  31.682     +0.0%
rank  22  BJ=16        median  29.584  min  29.225     -7.2%
rank  22  BJ=32        median  29.099  min  28.891     -8.7%
rank  22  BJ=64        median  30.868  min  30.547     -3.2%
rank  22  BJ=128       median  30.957  min  30.625     -2.9%
rank  34  BJ=8(prod)   median  31.814  min  31.534     +0.0%
rank  34  BJ=16        median  29.506  min  29.289     -7.3%
rank  34  BJ=32        median  29.122  min  28.827     -8.5%
rank  34  BJ=64        median  30.958  min  30.600     -2.7%
rank  34  BJ=128       median  31.153  min  30.787     -2.1%
rank  46  BJ=8(prod)   median  31.856  min  31.605     +0.0%
rank  46  BJ=16        median  29.623  min  29.292     -7.0%
rank  46  BJ=32        median  29.229  min  28.935     -8.2%
rank  46  BJ=64        median  31.075  min  30.542     -2.5%
rank  46  BJ=128       median  31.143  min  30.759     -2.2%
rank  52  BJ=8(prod)   median  31.717  min  31.521     +0.0%
rank  52  BJ=16        median  29.568  min  29.384     -6.8%
rank  52  BJ=32        median  29.104  min  28.915     -8.2%
rank  52  BJ=64        median  30.939  min  30.525     -2.5%
rank  52  BJ=128       median  31.009  min  30.430     -2.2%
rank  68  BJ=8(prod)   median  31.799  min  31.608     +0.0%
rank  68  BJ=16        median  29.743  min  29.559     -6.5%
rank  68  BJ=32        median  29.260  min  28.999     -8.0%
rank  68  BJ=64        median  31.239  min  30.835     -1.8%
rank  68  BJ=128       median  31.209  min  30.927     -1.9%
rank  80  BJ=8(prod)   median  31.810  min  31.430     +0.0%
rank  80  BJ=16        median  29.590  min  29.263     -7.0%
rank  80  BJ=32        median  29.114  min  28.788     -8.5%
rank  80  BJ=64        median  30.727  min  30.322     -3.4%
rank  80  BJ=128       median  31.049  min  30.570     -2.4%
rank  18  BJ=8(prod)   median  31.844  min  31.681     +0.0%
rank  18  BJ=16        median  29.632  min  29.342     -6.9%
rank  18  BJ=32        median  29.202  min  29.013     -8.3%
rank  18  BJ=64        median  30.866  min  30.456     -3.1%
rank  18  BJ=128       median  31.218  min  30.920     -2.0%
rank  26  BJ=8(prod)   median  31.805  min  31.460     +0.0%
rank  26  BJ=16        median  29.661  min  29.431     -6.7%
rank  26  BJ=32        median  29.195  min  28.845     -8.2%
rank  26  BJ=64        median  30.881  min  30.545     -2.9%
rank  26  BJ=128       median  31.128  min  30.741     -2.1%
rank  30  BJ=8(prod)   median  31.814  min  31.518     +0.0%
rank  30  BJ=16        median  29.553  min  29.363     -7.1%
rank  30  BJ=32        median  29.154  min  28.981     -8.4%
rank  30  BJ=64        median  31.353  min  30.903     -1.4%
rank  30  BJ=128       median  31.068  min  30.646     -2.3%
rank  32  BJ=8(prod)   median  31.791  min  31.598     +0.0%
rank  32  BJ=16        median  29.599  min  29.469     -6.9%
rank  32  BJ=32        median  29.089  min  28.818     -8.5%
rank  32  BJ=64        median  31.106  min  30.831     -2.2%
rank  32  BJ=128       median  31.082  min  30.780     -2.2%
rank  42  BJ=8(prod)   median  31.702  min  31.499     +0.0%
rank  42  BJ=16        median  29.640  min  29.430     -6.5%
rank  42  BJ=32        median  29.196  min  28.994     -7.9%
rank  42  BJ=64        median  31.479  min  31.161     -0.7%
rank  42  BJ=128       median  31.243  min  30.961     -1.4%
rank  44  BJ=8(prod)   median  31.810  min  31.579     +0.0%
rank  44  BJ=16        median  29.643  min  29.424     -6.8%
rank  44  BJ=32        median  29.160  min  28.865     -8.3%
rank  44  BJ=64        median  30.773  min  30.411     -3.3%
rank  44  BJ=128       median  31.140  min  30.705     -2.1%
rank  48  BJ=8(prod)   median  31.725  min  31.426     +0.0%
rank  48  BJ=16        median  29.709  min  29.192     -6.4%
rank  48  BJ=32        median  29.111  min  28.713     -8.2%
rank  48  BJ=64        median  31.163  min  30.742     -1.8%
rank  48  BJ=128       median  31.155  min  30.697     -1.8%
rank  54  BJ=8(prod)   median  31.931  min  31.726     +0.0%
rank  54  BJ=16        median  29.741  min  29.533     -6.9%
rank  54  BJ=32        median  29.139  min  28.836     -8.7%
rank  54  BJ=64        median  30.833  min  30.526     -3.4%
rank  54  BJ=128       median  31.191  min  30.903     -2.3%
rank  76  BJ=8(prod)   median  31.874  min  31.668     +0.0%
rank  76  BJ=16        median  29.657  min  29.332     -7.0%
rank  76  BJ=32        median  29.181  min  29.030     -8.4%
rank  76  BJ=64        median  31.099  min  30.815     -2.4%
rank  76  BJ=128       median  31.186  min  30.827     -2.2%
rank  90  BJ=8(prod)   median  31.835  min  31.569     +0.0%
rank  90  BJ=16        median  29.692  min  29.470     -6.7%
rank  90  BJ=32        median  29.111  min  28.969     -8.6%
rank  90  BJ=64        median  31.136  min  30.717     -2.2%
rank  90  BJ=128       median  31.167  min  30.835     -2.1%
rank  92  BJ=8(prod)   median  31.772  min  31.591     +0.0%
rank  92  BJ=16        median  29.573  min  28.930     -6.9%
rank  92  BJ=32        median  29.224  min  28.850     -8.0%
rank  92  BJ=64        median  31.040  min  30.620     -2.3%
rank  92  BJ=128       median  31.031  min  30.566     -2.3%
rank  10  BJ=8(prod)   median  31.839  min  31.541     +0.0%
rank  10  BJ=16        median  29.652  min  29.471     -6.9%
rank  10  BJ=32        median  29.275  min  29.115     -8.1%
rank  10  BJ=64        median  31.174  min  30.812     -2.1%
rank  10  BJ=128       median  31.359  min  30.969     -1.5%
rank  14  BJ=8(prod)   median  32.029  min  31.800     +0.0%
rank  14  BJ=16        median  29.648  min  29.493     -7.4%
rank  14  BJ=32        median  29.242  min  29.045     -8.7%
rank  14  BJ=64        median  31.329  min  30.968     -2.2%
rank  14  BJ=128       median  31.237  min  30.924     -2.5%
rank  28  BJ=8(prod)   median  31.827  min  31.632     +0.0%
rank  28  BJ=16        median  29.810  min  29.559     -6.3%
rank  28  BJ=32        median  29.285  min  28.975     -8.0%
rank  28  BJ=64        median  31.270  min  30.993     -1.8%
rank  28  BJ=128       median  31.369  min  30.870     -1.4%
rank  36  BJ=8(prod)   median  31.747  min  31.516     +0.0%
rank  36  BJ=16        median  29.605  min  29.403     -6.7%
rank  36  BJ=32        median  29.166  min  28.927     -8.1%
rank  36  BJ=64        median  31.012  min  30.741     -2.3%
rank  36  BJ=128       median  31.268  min  30.857     -1.5%
rank  50  BJ=8(prod)   median  31.756  min  31.498     +0.0%
rank  50  BJ=16        median  29.679  min  29.488     -6.5%
rank  50  BJ=32        median  29.252  min  28.999     -7.9%
rank  50  BJ=64        median  31.082  min  30.627     -2.1%
rank  50  BJ=128       median  31.226  min  30.862     -1.7%
rank  56  BJ=8(prod)   median  31.802  min  31.585     +0.0%
rank  56  BJ=16        median  29.780  min  29.490     -6.4%
rank  56  BJ=32        median  29.262  min  29.046     -8.0%
rank  56  BJ=64        median  31.203  min  30.711     -1.9%
rank  56  BJ=128       median  31.422  min  31.021     -1.2%
rank  60  BJ=8(prod)   median  31.827  min  31.553     +0.0%
rank  60  BJ=16        median  29.689  min  29.465     -6.7%
rank  60  BJ=32        median  29.266  min  29.011     -8.0%
rank  60  BJ=64        median  31.185  min  30.621     -2.0%
rank  60  BJ=128       median  31.365  min  31.056     -1.5%
rank  74  BJ=8(prod)   median  31.702  min  31.402     +0.0%
rank  74  BJ=16        median  29.619  min  29.293     -6.6%
rank  74  BJ=32        median  29.059  min  28.762     -8.3%
rank  74  BJ=64        median  31.036  min  30.521     -2.1%
rank  74  BJ=128       median  31.237  min  30.843     -1.5%
rank  82  BJ=8(prod)   median  31.798  min  31.559     +0.0%
rank  82  BJ=16        median  29.755  min  29.535     -6.4%
rank  82  BJ=32        median  29.218  min  28.987     -8.1%
rank  82  BJ=64        median  31.235  min  30.931     -1.8%
rank  82  BJ=128       median  31.378  min  30.974     -1.3%
rank  86  BJ=8(prod)   median  31.890  min  31.647     +0.0%
rank  86  BJ=16        median  29.739  min  29.503     -6.7%
rank  86  BJ=32        median  29.286  min  29.101     -8.2%
rank  86  BJ=64        median  31.343  min  30.803     -1.7%
rank  86  BJ=128       median  31.308  min  31.060     -1.8%
rank  88  BJ=8(prod)   median  31.702  min  31.443     +0.0%
rank  88  BJ=16        median  29.593  min  29.346     -6.7%
rank  88  BJ=32        median  29.185  min  28.972     -7.9%
rank  88  BJ=64        median  31.092  min  30.715     -1.9%
rank  88  BJ=128       median  31.260  min  30.891     -1.4%
rank  94  BJ=8(prod)   median  31.834  min  31.620     +0.0%
rank  94  BJ=16        median  29.715  min  29.479     -6.7%
rank  94  BJ=32        median  29.260  min  29.036     -8.1%
rank  94  BJ=64        median  31.501  min  31.222     -1.0%
rank  94  BJ=128       median  31.446  min  31.123     -1.2%
rank   4  BJ=8(prod)   median  31.648  min  31.309     +0.0%
rank   4  BJ=16        median  29.666  min  29.487     -6.3%
rank   4  BJ=32        median  29.261  min  28.992     -7.5%
rank   4  BJ=64        median  31.016  min  30.696     -2.0%
rank   4  BJ=128       median  31.433  min  31.111     -0.7%
rank   8  BJ=8(prod)   median  31.874  min  31.555     +0.0%
rank   8  BJ=16        median  29.758  min  29.350     -6.6%
rank   8  BJ=32        median  29.134  min  28.865     -8.6%
rank   8  BJ=64        median  31.225  min  30.875     -2.0%
rank   8  BJ=128       median  31.192  min  30.638     -2.1%
rank  12  BJ=8(prod)   median  31.905  min  31.702     +0.0%
rank  12  BJ=16        median  29.915  min  29.736     -6.2%
rank  12  BJ=32        median  29.247  min  29.003     -8.3%
rank  12  BJ=64        median  30.961  min  30.793     -3.0%
rank  12  BJ=128       median  31.285  min  30.958     -1.9%
rank  38  BJ=8(prod)   median  31.930  min  31.727     +0.0%
rank  38  BJ=16        median  29.654  min  29.476     -7.1%
rank  38  BJ=32        median  29.278  min  29.123     -8.3%
rank  38  BJ=64        median  31.286  min  30.991     -2.0%
rank  38  BJ=128       median  31.285  min  30.973     -2.0%
rank  40  BJ=8(prod)   median  31.936  min  31.661     +0.0%
rank  40  BJ=16        median  29.754  min  29.434     -6.8%
rank  40  BJ=32        median  29.310  min  29.103     -8.2%
rank  40  BJ=64        median  31.334  min  31.065     -1.9%
rank  40  BJ=128       median  31.381  min  30.956     -1.7%
rank  58  BJ=8(prod)   median  31.919  min  31.771     +0.0%
rank  58  BJ=16        median  29.729  min  29.586     -6.9%
rank  58  BJ=32        median  29.396  min  29.268     -7.9%
rank  58  BJ=64        median  31.352  min  31.044     -1.8%
rank  58  BJ=128       median  31.535  min  31.240     -1.2%
rank  62  BJ=8(prod)   median  31.856  min  31.630     +0.0%
rank  62  BJ=16        median  29.683  min  29.487     -6.8%
rank  62  BJ=32        median  29.354  min  29.129     -7.9%
rank  62  BJ=64        median  31.176  min  30.817     -2.1%
rank  62  BJ=128       median  31.341  min  30.822     -1.6%
rank  64  BJ=8(prod)   median  31.772  min  31.514     +0.0%
rank  64  BJ=16        median  29.622  min  29.406     -6.8%
rank  64  BJ=32        median  29.142  min  28.904     -8.3%
rank  64  BJ=64        median  30.850  min  30.490     -2.9%
rank  64  BJ=128       median  31.169  min  30.787     -1.9%
rank  66  BJ=8(prod)   median  31.863  min  31.566     +0.0%
rank  66  BJ=16        median  29.765  min  29.600     -6.6%
rank  66  BJ=32        median  29.354  min  29.102     -7.9%
rank  66  BJ=64        median  31.347  min  30.967     -1.6%
rank  66  BJ=128       median  31.541  min  31.002     -1.0%
rank  72  BJ=8(prod)   median  31.807  min  31.622     +0.0%
rank  72  BJ=16        median  29.757  min  29.564     -6.4%
rank  72  BJ=32        median  29.336  min  29.121     -7.8%
rank  72  BJ=64        median  31.124  min  30.688     -2.1%
rank  72  BJ=128       median  31.674  min  31.310     -0.4%
rank  78  BJ=8(prod)   median  31.699  min  31.537     +0.0%
rank  78  BJ=16        median  29.767  min  29.504     -6.1%
rank  78  BJ=32        median  29.222  min  28.990     -7.8%
rank  78  BJ=64        median  31.480  min  30.953     -0.7%
rank  78  BJ=128       median  31.515  min  31.235     -0.6%
rank  96  BJ=8(prod)   median  32.013  min  31.822     +0.0%
rank  96  BJ=16        median  29.803  min  29.645     -6.9%
rank  96  BJ=32        median  29.409  min  29.252     -8.1%
rank  96  BJ=64        median  31.336  min  30.998     -2.1%
rank  96  BJ=128       median  31.317  min  31.059     -2.2%
rank  24  BJ=8(prod)   median  32.147  min  31.957     +0.0%
rank  24  BJ=16        median  30.100  min  29.829     -6.4%
rank  24  BJ=32        median  29.515  min  29.273     -8.2%
rank  24  BJ=64        median  31.708  min  31.290     -1.4%
rank  24  BJ=128       median  31.717  min  31.362     -1.3%
rank  16  BJ=8(prod)   median  32.280  min  31.870     +0.0%
rank  16  BJ=16        median  30.086  min  29.646     -6.8%
rank  16  BJ=32        median  29.545  min  29.129     -8.5%
rank  16  BJ=64        median  31.487  min  30.994     -2.5%
rank  16  BJ=128       median  31.622  min  31.100     -2.0%
grid 273 x 65 x 57  sf=1.0
correctness (must be bitwise):
  BJ=8(prod)   (reference)
  BJ=16        bitwise=True  maxdiff=0.000e+00
  BJ=32        bitwise=True  maxdiff=0.000e+00
  BJ=64        bitwise=True  maxdiff=0.000e+00
  BJ=128       bitwise=True  maxdiff=0.000e+00
rank   0  BJ=8(prod)   median  33.518  min  32.855     +0.0%
rank   0  BJ=16        median  33.313  min  32.951     -0.6%
rank   0  BJ=32        median  34.127  min  33.774     +1.8%
rank   0  BJ=64        median  34.883  min  34.546     +4.1%
rank   0  BJ=128       median  35.061  min  30.472     +4.6%

=== aggregate ===

--- serial (1 rank(s)) ---
  BJ=8(prod)     8.122 ns/cell   vs BJ=8(prod): median  +0.00%  wins 0/1
  BJ=16          6.800 ns/cell   vs BJ=8(prod): median -16.28%  wins 1/1
  BJ=32          5.980 ns/cell   vs BJ=8(prod): median -26.38%  wins 1/1
  BJ=64          7.733 ns/cell   vs BJ=8(prod): median  -4.79%  wins 1/1
  BJ=128         7.856 ns/cell   vs BJ=8(prod): median  -3.27%  wins 1/1

--- saturated (100 rank(s)) ---
  BJ=8(prod)    31.775 ns/cell   vs BJ=8(prod): median  +0.00%  wins 0/100
  BJ=16         29.637 ns/cell   vs BJ=8(prod): median  -6.72%  wins 100/100
  BJ=32         29.196 ns/cell   vs BJ=8(prod): median  -8.06%  wins 98/100
  BJ=64         31.072 ns/cell   vs BJ=8(prod): median  -2.21%  wins 98/100
  BJ=128        31.188 ns/cell   vs BJ=8(prod): median  -1.93%  wins 98/100
