sapphire modules
=== node: cpu-r-92  model name	: Intel(R) Xeon(R) Platinum 8480+ ===
=== building with ifort ON THIS NODE (-xHost targets sapphire) ===
gfortran: GNU Fortran (GCC) 8.5.0 20210514 (Red Hat 8.5.0-28)
Fortran syntax passed
Installing package...
Package installed successfully

=== Gate 1: did the candidate vectorize? ===
  iface_flow_row: 26 mentions
  jface_flow_row: 31 mentions
  kface_flow_plane: 30 mentions
  node_quantities: 3 mentions
  avg_along_i: 3 mentions
  avg_along_j: 4 mentions
  avg_along_k: 4 mentions
  face_flux: 5 mentions
  (full report: /rds/project/rds-7OSWtyyYICQ/jb753/ember-paper/ember/tools/opt_report_residual_ab.txt)
   remark #15344: loop was not vectorized: vector dependence prevents vectorization. First dependence is shown below. Use level 5 report for details
   remark #15344: loop was not vectorized: vector dependence prevents vectorization. First dependence is shown below. Use level 5 report for details
   remark #15344: loop was not vectorized: vector dependence prevents vectorization. First dependence is shown below. Use level 5 report for details
      remark #15344: loop was not vectorized: vector dependence prevents vectorization. First dependence is shown below. Use level 5 report for details
         remark #15344: loop was not vectorized: vector dependence prevents vectorization. First dependence is shown below. Use level 5 report for details
      remark #15344: loop was not vectorized: vector dependence prevents vectorization. First dependence is shown below. Use level 5 report for details
         remark #15344: loop was not vectorized: vector dependence prevents vectorization. First dependence is shown below. Use level 5 report for details
   remark #15344: loop was not vectorized: vector dependence prevents vectorization. First dependence is shown below. Use level 5 report for details
      remark #15344: loop was not vectorized: vector dependence prevents vectorization. First dependence is shown below. Use level 5 report for details
         remark #15344: loop was not vectorized: vector dependence prevents vectorization. First dependence is shown below. Use level 5 report for details
      remark #15344: loop was not vectorized: vector dependence prevents vectorization. First dependence is shown below. Use level 5 report for details
         remark #15344: loop was not vectorized: vector dependence prevents vectorization. First dependence is shown below. Use level 5 report for details
   remark #15344: loop was not vectorized: vector dependence prevents vectorization. First dependence is shown below. Use level 5 report for details
      remark #15344: loop was not vectorized: vector dependence prevents vectorization. First dependence is shown below. Use level 5 report for details
         remark #15344: loop was not vectorized: vector dependence prevents vectorization. First dependence is shown below. Use level 5 report for details
   remark #15344: loop was not vectorized: vector dependence prevents vectorization. First dependence is shown below. Use level 5 report for details
   remark #15344: loop was not vectorized: vector dependence prevents vectorization. First dependence is shown below. Use level 5 report for details
   remark #15344: loop was not vectorized: vector dependence prevents vectorization. First dependence is shown below. Use level 5 report for details
      remark #15344: loop was not vectorized: vector dependence prevents vectorization. First dependence is shown below. Use level 5 report for details
   remark #15344: loop was not vectorized: vector dependence prevents vectorization. First dependence is shown below. Use level 5 report for details

=== Gate 2 + serial regime (1 rank, pinned) ===
variants present: ['prod', 'clean', 'tiled@96x16x8', 'tiled@64x16x8', 'tiled@48x24x8', 'tiled@32x32x8', 'tiled@128x16x4', 'naive', 'consa']
mode=serial  ranks=1  reps=50
grid 273 x 65 x 57

correctness gate (vs production, zeroed scratch dU):
  prod      (reference)  |dU|_max = 2.320116e-04
  clean     max_abs_diff = 0.000000e+00  (0.000e+00 of scale)  bitwise=True
  tiled@96x16x8  max_abs_diff = 2.328306e-09  (1.004e-05 of scale)  bitwise=False
  tiled@64x16x8  max_abs_diff = 2.328306e-09  (1.004e-05 of scale)  bitwise=False
  tiled@48x24x8  max_abs_diff = 2.361048e-09  (1.018e-05 of scale)  bitwise=False
  tiled@32x32x8  max_abs_diff = 2.328306e-09  (1.004e-05 of scale)  bitwise=False
  tiled@128x16x4  max_abs_diff = 2.328306e-09  (1.004e-05 of scale)  bitwise=False
  naive     max_abs_diff = 0.000000e+00  (0.000e+00 of scale)  bitwise=True
  consa     max_abs_diff = 1.862645e-09  (8.028e-06 of scale)  bitwise=False
  note: non-bitwise variants are expected if they reassociate;
  judge by 'of scale' (~1e-7 is float32 ulp noise, not a bug).
rank   0  prod      median  10.063 ns/cell   min   9.955
rank   0  clean     median  24.956 ns/cell   min  24.739   vs prod: median +148.0%  min +148.5%
rank   0  tiled@96x16x8  median  25.762 ns/cell   min  25.685   vs prod: median +156.0%  min +158.0%
rank   0  tiled@64x16x8  median  25.182 ns/cell   min  25.111   vs prod: median +150.3%  min +152.2%
rank   0  tiled@48x24x8  median  27.143 ns/cell   min  27.054   vs prod: median +169.7%  min +171.8%
rank   0  tiled@32x32x8  median  32.092 ns/cell   min  31.986   vs prod: median +218.9%  min +221.3%
rank   0  tiled@128x16x4  median  23.848 ns/cell   min  23.755   vs prod: median +137.0%  min +138.6%
rank   0  naive     median  27.454 ns/cell   min  27.409   vs prod: median +172.8%  min +175.3%
rank   0  consa     median  10.005 ns/cell   min   9.957   vs prod: median -0.6%  min +0.0%

=== saturated regime (100 ranks, each with its own 1M-cell grid) ===
rank  46  prod      median  22.313 ns/cell   min  20.813
rank  46  clean     median  41.997 ns/cell   min  39.475   vs prod: median +88.2%  min +89.7%
rank  46  tiled@96x16x8  median  67.151 ns/cell   min  62.116   vs prod: median +201.0%  min +198.5%
rank  46  tiled@64x16x8  median  64.325 ns/cell   min  59.354   vs prod: median +188.3%  min +185.2%
rank  46  tiled@48x24x8  median  72.412 ns/cell   min  69.229   vs prod: median +224.5%  min +232.6%
rank  46  tiled@32x32x8  median  85.720 ns/cell   min  81.381   vs prod: median +284.2%  min +291.0%
rank  46  tiled@128x16x4  median  53.015 ns/cell   min  49.992   vs prod: median +137.6%  min +140.2%
rank  46  naive     median  46.781 ns/cell   min  42.111   vs prod: median +109.7%  min +102.3%
rank  46  consa     median  20.926 ns/cell   min  19.978   vs prod: median -6.2%  min -4.0%
rank  92  prod      median  23.105 ns/cell   min  21.578
rank  92  clean     median  42.125 ns/cell   min  40.660   vs prod: median +82.3%  min +88.4%
rank  92  tiled@96x16x8  median  67.933 ns/cell   min  65.864   vs prod: median +194.0%  min +205.2%
rank  92  tiled@64x16x8  median  64.010 ns/cell   min  60.529   vs prod: median +177.0%  min +180.5%
rank  92  tiled@48x24x8  median  72.971 ns/cell   min  68.487   vs prod: median +215.8%  min +217.4%
rank  92  tiled@32x32x8  median  86.197 ns/cell   min  80.284   vs prod: median +273.1%  min +272.1%
rank  92  tiled@128x16x4  median  52.873 ns/cell   min  49.543   vs prod: median +128.8%  min +129.6%
rank  92  naive     median  46.567 ns/cell   min  43.947   vs prod: median +101.5%  min +103.7%
rank  92  consa     median  21.520 ns/cell   min  20.772   vs prod: median -6.9%  min -3.7%
rank  88  prod      median  23.010 ns/cell   min  21.891
rank  88  clean     median  42.257 ns/cell   min  40.508   vs prod: median +83.6%  min +85.0%
rank  88  tiled@96x16x8  median  68.700 ns/cell   min  65.721   vs prod: median +198.6%  min +200.2%
rank  88  tiled@64x16x8  median  64.366 ns/cell   min  60.722   vs prod: median +179.7%  min +177.4%
rank  88  tiled@48x24x8  median  73.257 ns/cell   min  68.784   vs prod: median +218.4%  min +214.2%
rank  88  tiled@32x32x8  median  86.546 ns/cell   min  80.915   vs prod: median +276.1%  min +269.6%
rank  88  tiled@128x16x4  median  52.922 ns/cell   min  49.674   vs prod: median +130.0%  min +126.9%
rank  88  naive     median  46.630 ns/cell   min  43.804   vs prod: median +102.7%  min +100.1%
rank  88  consa     median  21.565 ns/cell   min  20.651   vs prod: median -6.3%  min -5.7%
rank  60  prod      median  23.056 ns/cell   min  21.862
rank  60  clean     median  42.079 ns/cell   min  40.081   vs prod: median +82.5%  min +83.3%
rank  60  tiled@96x16x8  median  68.820 ns/cell   min  66.106   vs prod: median +198.5%  min +202.4%
rank  60  tiled@64x16x8  median  64.751 ns/cell   min  61.094   vs prod: median +180.8%  min +179.5%
rank  60  tiled@48x24x8  median  72.875 ns/cell   min  68.218   vs prod: median +216.1%  min +212.0%
rank  60  tiled@32x32x8  median  86.422 ns/cell   min  81.195   vs prod: median +274.8%  min +271.4%
rank  60  tiled@128x16x4  median  52.977 ns/cell   min  49.747   vs prod: median +129.8%  min +127.6%
rank  60  naive     median  46.347 ns/cell   min  43.729   vs prod: median +101.0%  min +100.0%
rank  60  consa     median  21.335 ns/cell   min  20.525   vs prod: median -7.5%  min -6.1%
rank  64  prod      median  22.992 ns/cell   min  21.721
rank  64  clean     median  42.439 ns/cell   min  40.410   vs prod: median +84.6%  min +86.0%
rank  64  tiled@96x16x8  median  68.908 ns/cell   min  66.169   vs prod: median +199.7%  min +204.6%
rank  64  tiled@64x16x8  median  64.633 ns/cell   min  61.232   vs prod: median +181.1%  min +181.9%
rank  64  tiled@48x24x8  median  72.919 ns/cell   min  68.493   vs prod: median +217.2%  min +215.3%
rank  64  tiled@32x32x8  median  85.424 ns/cell   min  80.836   vs prod: median +271.5%  min +272.2%
rank  64  tiled@128x16x4  median  53.277 ns/cell   min  49.986   vs prod: median +131.7%  min +130.1%
rank  64  naive     median  46.206 ns/cell   min  43.797   vs prod: median +101.0%  min +101.6%
rank  64  consa     median  21.415 ns/cell   min  20.510   vs prod: median -6.9%  min -5.6%
rank  91  prod      median  24.666 ns/cell   min  22.984
rank  91  clean     median  42.966 ns/cell   min  41.870   vs prod: median +74.2%  min +82.2%
rank  91  tiled@96x16x8  median  70.564 ns/cell   min  67.513   vs prod: median +186.1%  min +193.7%
rank  91  tiled@64x16x8  median  64.784 ns/cell   min  60.360   vs prod: median +162.7%  min +162.6%
rank  91  tiled@48x24x8  median  72.232 ns/cell   min  69.066   vs prod: median +192.8%  min +200.5%
rank  91  tiled@32x32x8  median  84.586 ns/cell   min  80.645   vs prod: median +242.9%  min +250.9%
rank  91  tiled@128x16x4  median  52.175 ns/cell   min  49.310   vs prod: median +111.5%  min +114.5%
rank  91  naive     median  47.068 ns/cell   min  45.478   vs prod: median +90.8%  min +97.9%
rank  91  consa     median  22.513 ns/cell   min  21.202   vs prod: median -8.7%  min -7.8%
rank  75  prod      median  24.542 ns/cell   min  23.063
rank  75  clean     median  42.876 ns/cell   min  41.206   vs prod: median +74.7%  min +78.7%
rank  75  tiled@96x16x8  median  69.757 ns/cell   min  66.432   vs prod: median +184.2%  min +188.1%
rank  75  tiled@64x16x8  median  65.041 ns/cell   min  60.063   vs prod: median +165.0%  min +160.4%
rank  75  tiled@48x24x8  median  72.553 ns/cell   min  69.228   vs prod: median +195.6%  min +200.2%
rank  75  tiled@32x32x8  median  84.136 ns/cell   min  80.713   vs prod: median +242.8%  min +250.0%
rank  75  tiled@128x16x4  median  52.162 ns/cell   min  49.495   vs prod: median +112.5%  min +114.6%
rank  75  naive     median  47.218 ns/cell   min  45.252   vs prod: median +92.4%  min +96.2%
rank  75  consa     median  22.857 ns/cell   min  21.478   vs prod: median -6.9%  min -6.9%
rank  93  prod      median  24.612 ns/cell   min  23.092
rank  93  clean     median  42.963 ns/cell   min  41.854   vs prod: median +74.6%  min +81.2%
rank  93  tiled@96x16x8  median  70.833 ns/cell   min  66.547   vs prod: median +187.8%  min +188.2%
rank  93  tiled@64x16x8  median  65.119 ns/cell   min  60.667   vs prod: median +164.6%  min +162.7%
rank  93  tiled@48x24x8  median  72.503 ns/cell   min  68.867   vs prod: median +194.6%  min +198.2%
rank  93  tiled@32x32x8  median  83.831 ns/cell   min  80.568   vs prod: median +240.6%  min +248.9%
rank  93  tiled@128x16x4  median  52.264 ns/cell   min  49.307   vs prod: median +112.4%  min +113.5%
rank  93  naive     median  47.459 ns/cell   min  45.370   vs prod: median +92.8%  min +96.5%
rank  93  consa     median  23.104 ns/cell   min  21.088   vs prod: median -6.1%  min -8.7%
rank  52  prod      median  23.124 ns/cell   min  22.188
rank  52  clean     median  42.213 ns/cell   min  40.213   vs prod: median +82.6%  min +81.2%
rank  52  tiled@96x16x8  median  68.953 ns/cell   min  66.224   vs prod: median +198.2%  min +198.5%
rank  52  tiled@64x16x8  median  64.204 ns/cell   min  60.993   vs prod: median +177.7%  min +174.9%
rank  52  tiled@48x24x8  median  75.480 ns/cell   min  68.446   vs prod: median +226.4%  min +208.5%
rank  52  tiled@32x32x8  median  84.644 ns/cell   min  80.459   vs prod: median +266.0%  min +262.6%
rank  52  tiled@128x16x4  median  53.726 ns/cell   min  50.342   vs prod: median +132.3%  min +126.9%
rank  52  naive     median  46.871 ns/cell   min  44.727   vs prod: median +102.7%  min +101.6%
rank  52  consa     median  21.760 ns/cell   min  20.174   vs prod: median -5.9%  min -9.1%
rank  19  prod      median  24.331 ns/cell   min  23.211
rank  19  clean     median  42.753 ns/cell   min  41.339   vs prod: median +75.7%  min +78.1%
rank  19  tiled@96x16x8  median  71.415 ns/cell   min  64.757   vs prod: median +193.5%  min +179.0%
rank  19  tiled@64x16x8  median  64.885 ns/cell   min  62.768   vs prod: median +166.7%  min +170.4%
rank  19  tiled@48x24x8  median  72.188 ns/cell   min  68.941   vs prod: median +196.7%  min +197.0%
rank  19  tiled@32x32x8  median  83.208 ns/cell   min  80.070   vs prod: median +242.0%  min +245.0%
rank  19  tiled@128x16x4  median  52.905 ns/cell   min  50.193   vs prod: median +117.4%  min +116.2%
rank  19  naive     median  48.018 ns/cell   min  46.420   vs prod: median +97.4%  min +100.0%
rank  19  consa     median  23.277 ns/cell   min  21.819   vs prod: median -4.3%  min -6.0%
rank  98  prod      median  22.806 ns/cell   min  21.499
rank  98  clean     median  41.977 ns/cell   min  40.789   vs prod: median +84.1%  min +89.7%
rank  98  tiled@96x16x8  median  70.548 ns/cell   min  67.549   vs prod: median +209.3%  min +214.2%
rank  98  tiled@64x16x8  median  64.754 ns/cell   min  60.658   vs prod: median +183.9%  min +182.1%
rank  98  tiled@48x24x8  median  77.254 ns/cell   min  68.708   vs prod: median +238.7%  min +219.6%
rank  98  tiled@32x32x8  median  83.717 ns/cell   min  79.520   vs prod: median +267.1%  min +269.9%
rank  98  tiled@128x16x4  median  54.556 ns/cell   min  51.632   vs prod: median +139.2%  min +140.2%
rank  98  naive     median  46.997 ns/cell   min  45.589   vs prod: median +106.1%  min +112.1%
rank  98  consa     median  21.336 ns/cell   min  19.689   vs prod: median -6.4%  min -8.4%
rank  84  prod      median  22.937 ns/cell   min  21.530
rank  84  clean     median  42.041 ns/cell   min  40.863   vs prod: median +83.3%  min +89.8%
rank  84  tiled@96x16x8  median  69.656 ns/cell   min  66.814   vs prod: median +203.7%  min +210.3%
rank  84  tiled@64x16x8  median  64.858 ns/cell   min  60.838   vs prod: median +182.8%  min +182.6%
rank  84  tiled@48x24x8  median  77.391 ns/cell   min  68.925   vs prod: median +237.4%  min +220.1%
rank  84  tiled@32x32x8  median  84.320 ns/cell   min  80.049   vs prod: median +267.6%  min +271.8%
rank  84  tiled@128x16x4  median  53.903 ns/cell   min  51.148   vs prod: median +135.0%  min +137.6%
rank  84  naive     median  46.937 ns/cell   min  45.533   vs prod: median +104.6%  min +111.5%
rank  84  consa     median  21.340 ns/cell   min  20.005   vs prod: median -7.0%  min -7.1%
rank  80  prod      median  23.086 ns/cell   min  21.748
rank  80  clean     median  42.262 ns/cell   min  40.431   vs prod: median +83.1%  min +85.9%
rank  80  tiled@96x16x8  median  69.356 ns/cell   min  67.271   vs prod: median +200.4%  min +209.3%
rank  80  tiled@64x16x8  median  66.838 ns/cell   min  60.712   vs prod: median +189.5%  min +179.2%
rank  80  tiled@48x24x8  median  74.091 ns/cell   min  69.024   vs prod: median +220.9%  min +217.4%
rank  80  tiled@32x32x8  median  85.330 ns/cell   min  80.690   vs prod: median +269.6%  min +271.0%
rank  80  tiled@128x16x4  median  53.951 ns/cell   min  50.562   vs prod: median +133.7%  min +132.5%
rank  80  naive     median  46.855 ns/cell   min  44.187   vs prod: median +103.0%  min +103.2%
rank  80  consa     median  21.316 ns/cell   min  19.146   vs prod: median -7.7%  min -12.0%
rank  58  prod      median  23.216 ns/cell   min  21.504
rank  58  clean     median  42.264 ns/cell   min  40.333   vs prod: median +82.0%  min +87.6%
rank  58  tiled@96x16x8  median  69.854 ns/cell   min  67.899   vs prod: median +200.9%  min +215.8%
rank  58  tiled@64x16x8  median  66.742 ns/cell   min  60.648   vs prod: median +187.5%  min +182.0%
rank  58  tiled@48x24x8  median  73.525 ns/cell   min  68.576   vs prod: median +216.7%  min +218.9%
rank  58  tiled@32x32x8  median  84.866 ns/cell   min  79.593   vs prod: median +265.5%  min +270.1%
rank  58  tiled@128x16x4  median  54.567 ns/cell   min  52.196   vs prod: median +135.0%  min +142.7%
rank  58  naive     median  46.867 ns/cell   min  43.863   vs prod: median +101.9%  min +104.0%
rank  58  consa     median  21.330 ns/cell   min  18.636   vs prod: median -8.1%  min -13.3%
rank  95  prod      median  24.016 ns/cell   min  23.210
rank  95  clean     median  42.790 ns/cell   min  40.601   vs prod: median +78.2%  min +74.9%
rank  95  tiled@96x16x8  median  71.711 ns/cell   min  66.024   vs prod: median +198.6%  min +184.5%
rank  95  tiled@64x16x8  median  64.974 ns/cell   min  62.530   vs prod: median +170.5%  min +169.4%
rank  95  tiled@48x24x8  median  71.877 ns/cell   min  69.034   vs prod: median +199.3%  min +197.4%
rank  95  tiled@32x32x8  median  83.472 ns/cell   min  79.743   vs prod: median +247.6%  min +243.6%
rank  95  tiled@128x16x4  median  53.250 ns/cell   min  50.863   vs prod: median +121.7%  min +119.1%
rank  95  naive     median  48.139 ns/cell   min  46.590   vs prod: median +100.4%  min +100.7%
rank  95  consa     median  23.312 ns/cell   min  22.095   vs prod: median -2.9%  min -4.8%
rank  59  prod      median  23.792 ns/cell   min  22.701
rank  59  clean     median  42.932 ns/cell   min  40.617   vs prod: median +80.4%  min +78.9%
rank  59  tiled@96x16x8  median  71.878 ns/cell   min  67.329   vs prod: median +202.1%  min +196.6%
rank  59  tiled@64x16x8  median  65.135 ns/cell   min  62.228   vs prod: median +173.8%  min +174.1%
rank  59  tiled@48x24x8  median  72.579 ns/cell   min  69.279   vs prod: median +205.1%  min +205.2%
rank  59  tiled@32x32x8  median  83.598 ns/cell   min  79.929   vs prod: median +251.4%  min +252.1%
rank  59  tiled@128x16x4  median  53.125 ns/cell   min  50.230   vs prod: median +123.3%  min +121.3%
rank  59  naive     median  48.254 ns/cell   min  46.269   vs prod: median +102.8%  min +103.8%
rank  59  consa     median  23.294 ns/cell   min  21.770   vs prod: median -2.1%  min -4.1%
rank  89  prod      median  23.926 ns/cell   min  22.724
rank  89  clean     median  43.090 ns/cell   min  41.033   vs prod: median +80.1%  min +80.6%
rank  89  tiled@96x16x8  median  71.334 ns/cell   min  67.374   vs prod: median +198.1%  min +196.5%
rank  89  tiled@64x16x8  median  64.656 ns/cell   min  61.650   vs prod: median +170.2%  min +171.3%
rank  89  tiled@48x24x8  median  72.051 ns/cell   min  68.592   vs prod: median +201.1%  min +201.8%
rank  89  tiled@32x32x8  median  82.911 ns/cell   min  78.881   vs prod: median +246.5%  min +247.1%
rank  89  tiled@128x16x4  median  54.412 ns/cell   min  51.986   vs prod: median +127.4%  min +128.8%
rank  89  naive     median  48.405 ns/cell   min  46.526   vs prod: median +102.3%  min +104.7%
rank  89  consa     median  22.928 ns/cell   min  21.520   vs prod: median -4.2%  min -5.3%
rank  47  prod      median  23.800 ns/cell   min  22.506
rank  47  clean     median  43.213 ns/cell   min  41.305   vs prod: median +81.6%  min +83.5%
rank  47  tiled@96x16x8  median  71.910 ns/cell   min  66.389   vs prod: median +202.1%  min +195.0%
rank  47  tiled@64x16x8  median  64.973 ns/cell   min  61.623   vs prod: median +173.0%  min +173.8%
rank  47  tiled@48x24x8  median  72.410 ns/cell   min  69.064   vs prod: median +204.2%  min +206.9%
rank  47  tiled@32x32x8  median  83.281 ns/cell   min  79.580   vs prod: median +249.9%  min +253.6%
rank  47  tiled@128x16x4  median  54.197 ns/cell   min  51.211   vs prod: median +127.7%  min +127.5%
rank  47  naive     median  48.281 ns/cell   min  46.559   vs prod: median +102.9%  min +106.9%
rank  47  consa     median  22.865 ns/cell   min  21.380   vs prod: median -3.9%  min -5.0%
rank  23  prod      median  23.678 ns/cell   min  21.517
rank  23  clean     median  43.108 ns/cell   min  40.438   vs prod: median +82.1%  min +87.9%
rank  23  tiled@96x16x8  median  72.696 ns/cell   min  68.309   vs prod: median +207.0%  min +217.5%
rank  23  tiled@64x16x8  median  64.862 ns/cell   min  61.696   vs prod: median +173.9%  min +186.7%
rank  23  tiled@48x24x8  median  71.965 ns/cell   min  68.640   vs prod: median +203.9%  min +219.0%
rank  23  tiled@32x32x8  median  82.927 ns/cell   min  79.321   vs prod: median +250.2%  min +268.7%
rank  23  tiled@128x16x4  median  54.794 ns/cell   min  51.232   vs prod: median +131.4%  min +138.1%
rank  23  naive     median  47.989 ns/cell   min  45.209   vs prod: median +102.7%  min +110.1%
rank  23  consa     median  22.561 ns/cell   min  19.972   vs prod: median -4.7%  min -7.2%
rank  79  prod      median  23.719 ns/cell   min  21.652
rank  79  clean     median  43.071 ns/cell   min  40.337   vs prod: median +81.6%  min +86.3%
rank  79  tiled@96x16x8  median  72.196 ns/cell   min  67.828   vs prod: median +204.4%  min +213.3%
rank  79  tiled@64x16x8  median  64.825 ns/cell   min  61.957   vs prod: median +173.3%  min +186.2%
rank  79  tiled@48x24x8  median  72.139 ns/cell   min  68.665   vs prod: median +204.1%  min +217.1%
rank  79  tiled@32x32x8  median  83.114 ns/cell   min  79.637   vs prod: median +250.4%  min +267.8%
rank  79  tiled@128x16x4  median  54.539 ns/cell   min  51.234   vs prod: median +129.9%  min +136.6%
rank  79  naive     median  47.977 ns/cell   min  45.091   vs prod: median +102.3%  min +108.3%
rank  79  consa     median  22.476 ns/cell   min  19.927   vs prod: median -5.2%  min -8.0%
rank  69  prod      median  23.609 ns/cell   min  21.852
rank  69  clean     median  43.023 ns/cell   min  40.938   vs prod: median +82.2%  min +87.3%
rank  69  tiled@96x16x8  median  71.908 ns/cell   min  67.774   vs prod: median +204.6%  min +210.2%
rank  69  tiled@64x16x8  median  64.727 ns/cell   min  61.228   vs prod: median +174.2%  min +180.2%
rank  69  tiled@48x24x8  median  71.537 ns/cell   min  68.432   vs prod: median +203.0%  min +213.2%
rank  69  tiled@32x32x8  median  83.298 ns/cell   min  79.225   vs prod: median +252.8%  min +262.6%
rank  69  tiled@128x16x4  median  55.973 ns/cell   min  53.588   vs prod: median +137.1%  min +145.2%
rank  69  naive     median  48.592 ns/cell   min  44.700   vs prod: median +105.8%  min +104.6%
rank  69  consa     median  22.540 ns/cell   min  19.054   vs prod: median -4.5%  min -12.8%
rank  83  prod      median  23.652 ns/cell   min  21.915
rank  83  clean     median  43.059 ns/cell   min  40.692   vs prod: median +82.1%  min +85.7%
rank  83  tiled@96x16x8  median  71.459 ns/cell   min  67.589   vs prod: median +202.1%  min +208.4%
rank  83  tiled@64x16x8  median  64.835 ns/cell   min  61.682   vs prod: median +174.1%  min +181.5%
rank  83  tiled@48x24x8  median  71.723 ns/cell   min  68.272   vs prod: median +203.2%  min +211.5%
rank  83  tiled@32x32x8  median  82.909 ns/cell   min  79.466   vs prod: median +250.5%  min +262.6%
rank  83  tiled@128x16x4  median  55.666 ns/cell   min  52.169   vs prod: median +135.4%  min +138.1%
rank  83  naive     median  48.223 ns/cell   min  44.552   vs prod: median +103.9%  min +103.3%
rank  83  consa     median  22.397 ns/cell   min  19.000   vs prod: median -5.3%  min -13.3%
rank  99  prod      median  23.552 ns/cell   min  21.853
rank  99  clean     median  43.181 ns/cell   min  41.027   vs prod: median +83.3%  min +87.7%
rank  99  tiled@96x16x8  median  72.167 ns/cell   min  67.926   vs prod: median +206.4%  min +210.8%
rank  99  tiled@64x16x8  median  64.668 ns/cell   min  61.279   vs prod: median +174.6%  min +180.4%
rank  99  tiled@48x24x8  median  71.201 ns/cell   min  68.359   vs prod: median +202.3%  min +212.8%
rank  99  tiled@32x32x8  median  82.971 ns/cell   min  78.811   vs prod: median +252.3%  min +260.6%
rank  99  tiled@128x16x4  median  56.073 ns/cell   min  54.275   vs prod: median +138.1%  min +148.4%
rank  99  naive     median  48.390 ns/cell   min  44.456   vs prod: median +105.5%  min +103.4%
rank  99  consa     median  22.438 ns/cell   min  18.764   vs prod: median -4.7%  min -14.1%
rank  86  prod      median  23.177 ns/cell   min  21.982
rank  86  clean     median  42.834 ns/cell   min  41.024   vs prod: median +84.8%  min +86.6%
rank  86  tiled@96x16x8  median  75.215 ns/cell   min  69.001   vs prod: median +224.5%  min +213.9%
rank  86  tiled@64x16x8  median  66.192 ns/cell   min  61.007   vs prod: median +185.6%  min +177.5%
rank  86  tiled@48x24x8  median  69.996 ns/cell   min  68.146   vs prod: median +202.0%  min +210.0%
rank  86  tiled@32x32x8  median  85.582 ns/cell   min  79.355   vs prod: median +269.3%  min +261.0%
rank  86  tiled@128x16x4  median  54.826 ns/cell   min  47.441   vs prod: median +136.6%  min +115.8%
rank  86  naive     median  47.792 ns/cell   min  44.437   vs prod: median +106.2%  min +102.2%
rank  86  consa     median  22.173 ns/cell   min  19.891   vs prod: median -4.3%  min -9.5%
rank  76  prod      median  22.925 ns/cell   min  21.700
rank  76  clean     median  42.378 ns/cell   min  40.558   vs prod: median +84.9%  min +86.9%
rank  76  tiled@96x16x8  median  75.894 ns/cell   min  70.694   vs prod: median +231.1%  min +225.8%
rank  76  tiled@64x16x8  median  66.222 ns/cell   min  61.135   vs prod: median +188.9%  min +181.7%
rank  76  tiled@48x24x8  median  70.568 ns/cell   min  69.069   vs prod: median +207.8%  min +218.3%
rank  76  tiled@32x32x8  median  85.620 ns/cell   min  80.065   vs prod: median +273.5%  min +269.0%
rank  76  tiled@128x16x4  median  55.317 ns/cell   min  47.909   vs prod: median +141.3%  min +120.8%
rank  76  naive     median  47.485 ns/cell   min  44.381   vs prod: median +107.1%  min +104.5%
rank  76  consa     median  21.817 ns/cell   min  19.419   vs prod: median -4.8%  min -10.5%
rank  48  prod      median  23.122 ns/cell   min  22.001
rank  48  clean     median  42.834 ns/cell   min  40.815   vs prod: median +85.3%  min +85.5%
rank  48  tiled@96x16x8  median  75.430 ns/cell   min  67.432   vs prod: median +226.2%  min +206.5%
rank  48  tiled@64x16x8  median  64.874 ns/cell   min  60.687   vs prod: median +180.6%  min +175.8%
rank  48  tiled@48x24x8  median  69.944 ns/cell   min  67.792   vs prod: median +202.5%  min +208.1%
rank  48  tiled@32x32x8  median  86.125 ns/cell   min  79.408   vs prod: median +272.5%  min +260.9%
rank  48  tiled@128x16x4  median  55.219 ns/cell   min  47.477   vs prod: median +138.8%  min +115.8%
rank  48  naive     median  47.684 ns/cell   min  43.905   vs prod: median +106.2%  min +99.6%
rank  48  consa     median  21.842 ns/cell   min  18.803   vs prod: median -5.5%  min -14.5%
rank  22  prod      median  23.181 ns/cell   min  22.136
rank  22  clean     median  43.084 ns/cell   min  40.902   vs prod: median +85.9%  min +84.8%
rank  22  tiled@96x16x8  median  76.209 ns/cell   min  66.752   vs prod: median +228.8%  min +201.6%
rank  22  tiled@64x16x8  median  64.355 ns/cell   min  60.736   vs prod: median +177.6%  min +174.4%
rank  22  tiled@48x24x8  median  70.289 ns/cell   min  68.017   vs prod: median +203.2%  min +207.3%
rank  22  tiled@32x32x8  median  86.128 ns/cell   min  79.882   vs prod: median +271.5%  min +260.9%
rank  22  tiled@128x16x4  median  55.353 ns/cell   min  47.721   vs prod: median +138.8%  min +115.6%
rank  22  naive     median  47.609 ns/cell   min  44.050   vs prod: median +105.4%  min +99.0%
rank  22  consa     median  21.861 ns/cell   min  19.070   vs prod: median -5.7%  min -13.8%
rank  90  prod      median  23.001 ns/cell   min  21.984
rank  90  clean     median  42.960 ns/cell   min  40.882   vs prod: median +86.8%  min +86.0%
rank  90  tiled@96x16x8  median  75.991 ns/cell   min  66.154   vs prod: median +230.4%  min +200.9%
rank  90  tiled@64x16x8  median  64.175 ns/cell   min  60.936   vs prod: median +179.0%  min +177.2%
rank  90  tiled@48x24x8  median  70.227 ns/cell   min  67.688   vs prod: median +205.3%  min +207.9%
rank  90  tiled@32x32x8  median  86.645 ns/cell   min  79.901   vs prod: median +276.7%  min +263.4%
rank  90  tiled@128x16x4  median  55.482 ns/cell   min  47.321   vs prod: median +141.2%  min +115.3%
rank  90  naive     median  47.556 ns/cell   min  43.753   vs prod: median +106.8%  min +99.0%
rank  90  consa     median  21.682 ns/cell   min  18.618   vs prod: median -5.7%  min -15.3%
rank  62  prod      median  23.179 ns/cell   min  21.857
rank  62  clean     median  42.923 ns/cell   min  40.848   vs prod: median +85.2%  min +86.9%
rank  62  tiled@96x16x8  median  75.999 ns/cell   min  67.896   vs prod: median +227.9%  min +210.6%
rank  62  tiled@64x16x8  median  64.336 ns/cell   min  60.749   vs prod: median +177.6%  min +177.9%
rank  62  tiled@48x24x8  median  69.993 ns/cell   min  68.194   vs prod: median +202.0%  min +212.0%
rank  62  tiled@32x32x8  median  86.461 ns/cell   min  78.702   vs prod: median +273.0%  min +260.1%
rank  62  tiled@128x16x4  median  55.094 ns/cell   min  47.164   vs prod: median +137.7%  min +115.8%
rank  62  naive     median  47.585 ns/cell   min  43.319   vs prod: median +105.3%  min +98.2%
rank  62  consa     median  21.838 ns/cell   min  18.309   vs prod: median -5.8%  min -16.2%
rank  66  prod      median  23.198 ns/cell   min  21.944
rank  66  clean     median  43.149 ns/cell   min  41.161   vs prod: median +86.0%  min +87.6%
rank  66  tiled@96x16x8  median  76.178 ns/cell   min  67.330   vs prod: median +228.4%  min +206.8%
rank  66  tiled@64x16x8  median  64.109 ns/cell   min  60.888   vs prod: median +176.4%  min +177.5%
rank  66  tiled@48x24x8  median  70.023 ns/cell   min  67.631   vs prod: median +201.8%  min +208.2%
rank  66  tiled@32x32x8  median  86.354 ns/cell   min  78.778   vs prod: median +272.2%  min +259.0%
rank  66  tiled@128x16x4  median  55.200 ns/cell   min  46.949   vs prod: median +137.9%  min +113.9%
rank  66  naive     median  47.608 ns/cell   min  43.174   vs prod: median +105.2%  min +96.7%
rank  66  consa     median  21.938 ns/cell   min  18.255   vs prod: median -5.4%  min -16.8%
rank  78  prod      median  22.897 ns/cell   min  21.817
rank  78  clean     median  43.179 ns/cell   min  41.226   vs prod: median +88.6%  min +89.0%
rank  78  tiled@96x16x8  median  76.587 ns/cell   min  66.038   vs prod: median +234.5%  min +202.7%
rank  78  tiled@64x16x8  median  63.651 ns/cell   min  60.844   vs prod: median +178.0%  min +178.9%
rank  78  tiled@48x24x8  median  70.672 ns/cell   min  67.791   vs prod: median +208.7%  min +210.7%
rank  78  tiled@32x32x8  median  87.245 ns/cell   min  79.871   vs prod: median +281.0%  min +266.1%
rank  78  tiled@128x16x4  median  55.177 ns/cell   min  47.086   vs prod: median +141.0%  min +115.8%
rank  78  naive     median  47.366 ns/cell   min  42.943   vs prod: median +106.9%  min +96.8%
rank  78  consa     median  21.876 ns/cell   min  18.147   vs prod: median -4.5%  min -16.8%
rank  94  prod      median  23.017 ns/cell   min  21.488
rank  94  clean     median  43.188 ns/cell   min  41.786   vs prod: median +87.6%  min +94.5%
rank  94  tiled@96x16x8  median  76.298 ns/cell   min  66.028   vs prod: median +231.5%  min +207.3%
rank  94  tiled@64x16x8  median  62.714 ns/cell   min  60.761   vs prod: median +172.5%  min +182.8%
rank  94  tiled@48x24x8  median  70.674 ns/cell   min  67.843   vs prod: median +207.1%  min +215.7%
rank  94  tiled@32x32x8  median  87.842 ns/cell   min  78.556   vs prod: median +281.6%  min +265.6%
rank  94  tiled@128x16x4  median  55.428 ns/cell   min  47.162   vs prod: median +140.8%  min +119.5%
rank  94  naive     median  47.353 ns/cell   min  42.126   vs prod: median +105.7%  min +96.0%
rank  94  consa     median  22.047 ns/cell   min  17.734   vs prod: median -4.2%  min -17.5%
rank  27  prod      median  23.394 ns/cell   min  22.194
rank  27  clean     median  43.145 ns/cell   min  42.072   vs prod: median +84.4%  min +89.6%
rank  27  tiled@96x16x8  median  71.472 ns/cell   min  66.693   vs prod: median +205.5%  min +200.5%
rank  27  tiled@64x16x8  median  65.513 ns/cell   min  61.579   vs prod: median +180.0%  min +177.5%
rank  27  tiled@48x24x8  median  70.637 ns/cell   min  68.179   vs prod: median +202.0%  min +207.2%
rank  27  tiled@32x32x8  median  84.104 ns/cell   min  79.248   vs prod: median +259.5%  min +257.1%
rank  27  tiled@128x16x4  median  57.350 ns/cell   min  47.243   vs prod: median +145.2%  min +112.9%
rank  27  naive     median  47.888 ns/cell   min  40.921   vs prod: median +104.7%  min +84.4%
rank  27  consa     median  22.365 ns/cell   min  18.656   vs prod: median -4.4%  min -15.9%
rank  85  prod      median  23.760 ns/cell   min  22.497
rank  85  clean     median  42.855 ns/cell   min  41.148   vs prod: median +80.4%  min +82.9%
rank  85  tiled@96x16x8  median  72.005 ns/cell   min  68.023   vs prod: median +203.0%  min +202.4%
rank  85  tiled@64x16x8  median  64.422 ns/cell   min  61.360   vs prod: median +171.1%  min +172.7%
rank  85  tiled@48x24x8  median  69.881 ns/cell   min  67.513   vs prod: median +194.1%  min +200.1%
rank  85  tiled@32x32x8  median  85.313 ns/cell   min  79.322   vs prod: median +259.1%  min +252.6%
rank  85  tiled@128x16x4  median  58.527 ns/cell   min  45.661   vs prod: median +146.3%  min +103.0%
rank  85  naive     median  47.529 ns/cell   min  40.732   vs prod: median +100.0%  min +81.1%
rank  85  consa     median  22.056 ns/cell   min  18.608   vs prod: median -7.2%  min -17.3%
rank  63  prod      median  23.645 ns/cell   min  22.013
rank  63  clean     median  42.518 ns/cell   min  39.452   vs prod: median +79.8%  min +79.2%
rank  63  tiled@96x16x8  median  72.091 ns/cell   min  68.560   vs prod: median +204.9%  min +211.5%
rank  63  tiled@64x16x8  median  63.922 ns/cell   min  61.310   vs prod: median +170.3%  min +178.5%
rank  63  tiled@48x24x8  median  69.801 ns/cell   min  67.214   vs prod: median +195.2%  min +205.3%
rank  63  tiled@32x32x8  median  86.324 ns/cell   min  79.759   vs prod: median +265.1%  min +262.3%
rank  63  tiled@128x16x4  median  59.232 ns/cell   min  44.295   vs prod: median +150.5%  min +101.2%
rank  63  naive     median  47.699 ns/cell   min  40.136   vs prod: median +101.7%  min +82.3%
rank  63  consa     median  21.858 ns/cell   min  17.773   vs prod: median -7.6%  min -19.3%
rank  81  prod      median  23.671 ns/cell   min  22.014
rank  81  clean     median  42.596 ns/cell   min  39.652   vs prod: median +80.0%  min +80.1%
rank  81  tiled@96x16x8  median  72.294 ns/cell   min  68.758   vs prod: median +205.4%  min +212.3%
rank  81  tiled@64x16x8  median  64.012 ns/cell   min  61.599   vs prod: median +170.4%  min +179.8%
rank  81  tiled@48x24x8  median  69.946 ns/cell   min  67.737   vs prod: median +195.5%  min +207.7%
rank  81  tiled@32x32x8  median  85.544 ns/cell   min  79.619   vs prod: median +261.4%  min +261.7%
rank  81  tiled@128x16x4  median  58.058 ns/cell   min  44.580   vs prod: median +145.3%  min +102.5%
rank  81  naive     median  47.700 ns/cell   min  40.303   vs prod: median +101.5%  min +83.1%
rank  81  consa     median  21.737 ns/cell   min  17.967   vs prod: median -8.2%  min -18.4%
rank  21  prod      median  24.062 ns/cell   min  21.881
rank  21  clean     median  42.752 ns/cell   min  40.846   vs prod: median +77.7%  min +86.7%
rank  21  tiled@96x16x8  median  70.606 ns/cell   min  67.050   vs prod: median +193.4%  min +206.4%
rank  21  tiled@64x16x8  median  62.564 ns/cell   min  60.092   vs prod: median +160.0%  min +174.6%
rank  21  tiled@48x24x8  median  68.858 ns/cell   min  66.537   vs prod: median +186.2%  min +204.1%
rank  21  tiled@32x32x8  median  91.702 ns/cell   min  78.819   vs prod: median +281.1%  min +260.2%
rank  21  tiled@128x16x4  median  57.944 ns/cell   min  44.767   vs prod: median +140.8%  min +104.6%
rank  21  naive     median  48.236 ns/cell   min  40.099   vs prod: median +100.5%  min +83.3%
rank  21  consa     median  22.193 ns/cell   min  17.272   vs prod: median -7.8%  min -21.1%
rank  12  prod      median  25.745 ns/cell   min  25.018
rank  12  clean     median  42.929 ns/cell   min  41.776   vs prod: median +66.7%  min +67.0%
rank  12  tiled@96x16x8  median  67.343 ns/cell   min  65.081   vs prod: median +161.6%  min +160.1%
rank  12  tiled@64x16x8  median  62.893 ns/cell   min  60.100   vs prod: median +144.3%  min +140.2%
rank  12  tiled@48x24x8  median  71.074 ns/cell   min  63.930   vs prod: median +176.1%  min +155.5%
rank  12  tiled@32x32x8  median  88.729 ns/cell   min  77.209   vs prod: median +244.6%  min +208.6%
rank  12  tiled@128x16x4  median  57.331 ns/cell   min  44.285   vs prod: median +122.7%  min +77.0%
rank  12  naive     median  49.032 ns/cell   min  40.514   vs prod: median +90.4%  min +61.9%
rank  12  consa     median  24.922 ns/cell   min  19.590   vs prod: median -3.2%  min -21.7%
rank  18  prod      median  25.561 ns/cell   min  24.741
rank  18  clean     median  42.830 ns/cell   min  41.750   vs prod: median +67.6%  min +68.8%
rank  18  tiled@96x16x8  median  67.391 ns/cell   min  65.654   vs prod: median +163.6%  min +165.4%
rank  18  tiled@64x16x8  median  62.814 ns/cell   min  59.752   vs prod: median +145.7%  min +141.5%
rank  18  tiled@48x24x8  median  71.615 ns/cell   min  64.069   vs prod: median +180.2%  min +159.0%
rank  18  tiled@32x32x8  median  88.239 ns/cell   min  77.122   vs prod: median +245.2%  min +211.7%
rank  18  tiled@128x16x4  median  56.750 ns/cell   min  43.758   vs prod: median +122.0%  min +76.9%
rank  18  naive     median  49.461 ns/cell   min  40.481   vs prod: median +93.5%  min +63.6%
rank  18  consa     median  25.212 ns/cell   min  19.812   vs prod: median -1.4%  min -19.9%
rank  72  prod      median  25.534 ns/cell   min  24.731
rank  72  clean     median  42.898 ns/cell   min  41.509   vs prod: median +68.0%  min +67.8%
rank  72  tiled@96x16x8  median  67.023 ns/cell   min  65.313   vs prod: median +162.5%  min +164.1%
rank  72  tiled@64x16x8  median  62.867 ns/cell   min  59.596   vs prod: median +146.2%  min +141.0%
rank  72  tiled@48x24x8  median  71.600 ns/cell   min  64.624   vs prod: median +180.4%  min +161.3%
rank  72  tiled@32x32x8  median  88.501 ns/cell   min  77.031   vs prod: median +246.6%  min +211.5%
rank  72  tiled@128x16x4  median  57.159 ns/cell   min  44.367   vs prod: median +123.9%  min +79.4%
rank  72  naive     median  49.493 ns/cell   min  40.549   vs prod: median +93.8%  min +64.0%
rank  72  consa     median  25.175 ns/cell   min  19.822   vs prod: median -1.4%  min -19.9%
rank  35  prod      median  23.999 ns/cell   min  22.106
rank  35  clean     median  42.834 ns/cell   min  41.257   vs prod: median +78.5%  min +86.6%
rank  35  tiled@96x16x8  median  71.091 ns/cell   min  68.017   vs prod: median +196.2%  min +207.7%
rank  35  tiled@64x16x8  median  63.422 ns/cell   min  61.117   vs prod: median +164.3%  min +176.5%
rank  35  tiled@48x24x8  median  69.858 ns/cell   min  67.402   vs prod: median +191.1%  min +204.9%
rank  35  tiled@32x32x8  median  87.655 ns/cell   min  76.690   vs prod: median +265.2%  min +246.9%
rank  35  tiled@128x16x4  median  57.303 ns/cell   min  45.023   vs prod: median +138.8%  min +103.7%
rank  35  naive     median  48.158 ns/cell   min  39.636   vs prod: median +100.7%  min +79.3%
rank  35  consa     median  22.606 ns/cell   min  17.833   vs prod: median -5.8%  min -19.3%
rank  54  prod      median  24.788 ns/cell   min  24.054
rank  54  clean     median  42.585 ns/cell   min  42.104   vs prod: median +71.8%  min +75.0%
rank  54  tiled@96x16x8  median  66.371 ns/cell   min  65.205   vs prod: median +167.8%  min +171.1%
rank  54  tiled@64x16x8  median  62.926 ns/cell   min  58.452   vs prod: median +153.9%  min +143.0%
rank  54  tiled@48x24x8  median  71.915 ns/cell   min  62.642   vs prod: median +190.1%  min +160.4%
rank  54  tiled@32x32x8  median  90.023 ns/cell   min  76.760   vs prod: median +263.2%  min +219.1%
rank  54  tiled@128x16x4  median  56.610 ns/cell   min  43.149   vs prod: median +128.4%  min +79.4%
rank  54  naive     median  49.890 ns/cell   min  40.629   vs prod: median +101.3%  min +68.9%
rank  54  consa     median  24.785 ns/cell   min  18.796   vs prod: median -0.0%  min -21.9%
rank   4  prod      median  24.999 ns/cell   min  24.082
rank   4  clean     median  42.667 ns/cell   min  42.096   vs prod: median +70.7%  min +74.8%
rank   4  tiled@96x16x8  median  66.679 ns/cell   min  65.256   vs prod: median +166.7%  min +171.0%
rank   4  tiled@64x16x8  median  63.080 ns/cell   min  59.092   vs prod: median +152.3%  min +145.4%
rank   4  tiled@48x24x8  median  72.013 ns/cell   min  63.248   vs prod: median +188.1%  min +162.6%
rank   4  tiled@32x32x8  median  89.438 ns/cell   min  77.060   vs prod: median +257.8%  min +220.0%
rank   4  tiled@128x16x4  median  56.690 ns/cell   min  43.611   vs prod: median +126.8%  min +81.1%
rank   4  naive     median  49.681 ns/cell   min  41.018   vs prod: median +98.7%  min +70.3%
rank   4  consa     median  25.159 ns/cell   min  18.791   vs prod: median +0.6%  min -22.0%
rank  16  prod      median  24.497 ns/cell   min  23.868
rank  16  clean     median  42.571 ns/cell   min  41.962   vs prod: median +73.8%  min +75.8%
rank  16  tiled@96x16x8  median  67.283 ns/cell   min  66.059   vs prod: median +174.7%  min +176.8%
rank  16  tiled@64x16x8  median  62.891 ns/cell   min  58.700   vs prod: median +156.7%  min +145.9%
rank  16  tiled@48x24x8  median  72.301 ns/cell   min  63.665   vs prod: median +195.1%  min +166.7%
rank  16  tiled@32x32x8  median  89.145 ns/cell   min  76.650   vs prod: median +263.9%  min +221.1%
rank  16  tiled@128x16x4  median  56.482 ns/cell   min  43.515   vs prod: median +130.6%  min +82.3%
rank  16  naive     median  49.661 ns/cell   min  40.912   vs prod: median +102.7%  min +71.4%
rank  16  consa     median  24.436 ns/cell   min  18.481   vs prod: median -0.2%  min -22.6%
rank  50  prod      median  23.882 ns/cell   min  23.207
rank  50  clean     median  42.274 ns/cell   min  41.737   vs prod: median +77.0%  min +79.8%
rank  50  tiled@96x16x8  median  67.584 ns/cell   min  66.335   vs prod: median +183.0%  min +185.8%
rank  50  tiled@64x16x8  median  63.291 ns/cell   min  58.252   vs prod: median +165.0%  min +151.0%
rank  50  tiled@48x24x8  median  72.094 ns/cell   min  62.882   vs prod: median +201.9%  min +171.0%
rank  50  tiled@32x32x8  median  90.568 ns/cell   min  76.109   vs prod: median +279.2%  min +228.0%
rank  50  tiled@128x16x4  median  57.017 ns/cell   min  43.555   vs prod: median +138.7%  min +87.7%
rank  50  naive     median  49.555 ns/cell   min  40.777   vs prod: median +107.5%  min +75.7%
rank  50  consa     median  24.070 ns/cell   min  18.027   vs prod: median +0.8%  min -22.3%
rank   2  prod      median  24.230 ns/cell   min  23.176
rank   2  clean     median  42.443 ns/cell   min  41.876   vs prod: median +75.2%  min +80.7%
rank   2  tiled@96x16x8  median  67.130 ns/cell   min  65.595   vs prod: median +177.1%  min +183.0%
rank   2  tiled@64x16x8  median  62.789 ns/cell   min  58.367   vs prod: median +159.1%  min +151.8%
rank   2  tiled@48x24x8  median  72.124 ns/cell   min  62.982   vs prod: median +197.7%  min +171.8%
rank   2  tiled@32x32x8  median  90.167 ns/cell   min  76.110   vs prod: median +272.1%  min +228.4%
rank   2  tiled@128x16x4  median  57.523 ns/cell   min  44.084   vs prod: median +137.4%  min +90.2%
rank   2  naive     median  49.735 ns/cell   min  41.165   vs prod: median +105.3%  min +77.6%
rank   2  consa     median  24.371 ns/cell   min  18.029   vs prod: median +0.6%  min -22.2%
rank  32  prod      median  24.695 ns/cell   min  23.949
rank  32  clean     median  42.638 ns/cell   min  41.879   vs prod: median +72.7%  min +74.9%
rank  32  tiled@96x16x8  median  67.076 ns/cell   min  65.695   vs prod: median +171.6%  min +174.3%
rank  32  tiled@64x16x8  median  62.295 ns/cell   min  58.560   vs prod: median +152.3%  min +144.5%
rank  32  tiled@48x24x8  median  72.237 ns/cell   min  63.824   vs prod: median +192.5%  min +166.5%
rank  32  tiled@32x32x8  median  89.429 ns/cell   min  77.127   vs prod: median +262.1%  min +222.0%
rank  32  tiled@128x16x4  median  56.841 ns/cell   min  43.928   vs prod: median +130.2%  min +83.4%
rank  32  naive     median  49.601 ns/cell   min  41.384   vs prod: median +100.9%  min +72.8%
rank  32  consa     median  24.771 ns/cell   min  18.374   vs prod: median +0.3%  min -23.3%
rank  74  prod      median  23.763 ns/cell   min  22.805
rank  74  clean     median  42.372 ns/cell   min  41.588   vs prod: median +78.3%  min +82.4%
rank  74  tiled@96x16x8  median  67.889 ns/cell   min  66.555   vs prod: median +185.7%  min +191.8%
rank  74  tiled@64x16x8  median  62.768 ns/cell   min  58.585   vs prod: median +164.1%  min +156.9%
rank  74  tiled@48x24x8  median  72.142 ns/cell   min  63.026   vs prod: median +203.6%  min +176.4%
rank  74  tiled@32x32x8  median  90.437 ns/cell   min  76.608   vs prod: median +280.6%  min +235.9%
rank  74  tiled@128x16x4  median  57.189 ns/cell   min  43.283   vs prod: median +140.7%  min +89.8%
rank  74  naive     median  49.833 ns/cell   min  41.032   vs prod: median +109.7%  min +79.9%
rank  74  consa     median  23.925 ns/cell   min  17.438   vs prod: median +0.7%  min -23.5%
rank  34  prod      median  23.879 ns/cell   min  22.795
rank  34  clean     median  42.517 ns/cell   min  41.413   vs prod: median +78.1%  min +81.7%
rank  34  tiled@96x16x8  median  66.817 ns/cell   min  65.606   vs prod: median +179.8%  min +187.8%
rank  34  tiled@64x16x8  median  63.028 ns/cell   min  59.001   vs prod: median +163.9%  min +158.8%
rank  34  tiled@48x24x8  median  72.378 ns/cell   min  63.269   vs prod: median +203.1%  min +177.6%
rank  34  tiled@32x32x8  median  90.609 ns/cell   min  77.005   vs prod: median +279.4%  min +237.8%
rank  34  tiled@128x16x4  median  58.167 ns/cell   min  44.333   vs prod: median +143.6%  min +94.5%
rank  34  naive     median  49.663 ns/cell   min  40.760   vs prod: median +108.0%  min +78.8%
rank  34  consa     median  24.063 ns/cell   min  17.259   vs prod: median +0.8%  min -24.3%
rank  26  prod      median  23.585 ns/cell   min  22.742
rank  26  clean     median  42.661 ns/cell   min  41.471   vs prod: median +80.9%  min +82.4%
rank  26  tiled@96x16x8  median  67.369 ns/cell   min  65.258   vs prod: median +185.6%  min +186.9%
rank  26  tiled@64x16x8  median  62.775 ns/cell   min  57.921   vs prod: median +166.2%  min +154.7%
rank  26  tiled@48x24x8  median  72.120 ns/cell   min  62.175   vs prod: median +205.8%  min +173.4%
rank  26  tiled@32x32x8  median  90.560 ns/cell   min  75.316   vs prod: median +284.0%  min +231.2%
rank  26  tiled@128x16x4  median  58.995 ns/cell   min  44.468   vs prod: median +150.1%  min +95.5%
rank  26  naive     median  49.403 ns/cell   min  40.167   vs prod: median +109.5%  min +76.6%
rank  26  consa     median  23.855 ns/cell   min  16.764   vs prod: median +1.1%  min -26.3%
rank   6  prod      median  23.110 ns/cell   min  22.582
rank   6  clean     median  42.384 ns/cell   min  40.959   vs prod: median +83.4%  min +81.4%
rank   6  tiled@96x16x8  median  67.342 ns/cell   min  65.102   vs prod: median +191.4%  min +188.3%
rank   6  tiled@64x16x8  median  63.130 ns/cell   min  57.931   vs prod: median +173.2%  min +156.5%
rank   6  tiled@48x24x8  median  72.752 ns/cell   min  62.789   vs prod: median +214.8%  min +178.0%
rank   6  tiled@32x32x8  median  90.392 ns/cell   min  75.179   vs prod: median +291.1%  min +232.9%
rank   6  tiled@128x16x4  median  59.315 ns/cell   min  45.230   vs prod: median +156.7%  min +100.3%
rank   6  naive     median  49.463 ns/cell   min  39.834   vs prod: median +114.0%  min +76.4%
rank   6  consa     median  23.324 ns/cell   min  16.394   vs prod: median +0.9%  min -27.4%
rank  51  prod      median  24.130 ns/cell   min  22.687
rank  51  clean     median  43.072 ns/cell   min  42.246   vs prod: median +78.5%  min +86.2%
rank  51  tiled@96x16x8  median  69.840 ns/cell   min  66.786   vs prod: median +189.4%  min +194.4%
rank  51  tiled@64x16x8  median  62.720 ns/cell   min  60.495   vs prod: median +159.9%  min +166.7%
rank  51  tiled@48x24x8  median  69.381 ns/cell   min  66.930   vs prod: median +187.5%  min +195.0%
rank  51  tiled@32x32x8  median  90.044 ns/cell   min  70.952   vs prod: median +273.2%  min +212.7%
rank  51  tiled@128x16x4  median  58.576 ns/cell   min  44.751   vs prod: median +142.8%  min +97.3%
rank  51  naive     median  48.479 ns/cell   min  37.886   vs prod: median +100.9%  min +67.0%
rank  51  consa     median  22.587 ns/cell   min  16.755   vs prod: median -6.4%  min -26.1%
rank  36  prod      median  22.874 ns/cell   min  22.371
rank  36  clean     median  42.315 ns/cell   min  40.890   vs prod: median +85.0%  min +82.8%
rank  36  tiled@96x16x8  median  68.546 ns/cell   min  65.895   vs prod: median +199.7%  min +194.6%
rank  36  tiled@64x16x8  median  63.048 ns/cell   min  57.616   vs prod: median +175.6%  min +157.6%
rank  36  tiled@48x24x8  median  72.701 ns/cell   min  62.702   vs prod: median +217.8%  min +180.3%
rank  36  tiled@32x32x8  median  89.845 ns/cell   min  73.509   vs prod: median +292.8%  min +228.6%
rank  36  tiled@128x16x4  median  60.560 ns/cell   min  45.619   vs prod: median +164.8%  min +103.9%
rank  36  naive     median  48.874 ns/cell   min  39.091   vs prod: median +113.7%  min +74.7%
rank  36  consa     median  22.725 ns/cell   min  15.692   vs prod: median -0.7%  min -29.9%
rank   9  prod      median  25.400 ns/cell   min  23.433
rank   9  clean     median  43.212 ns/cell   min  42.487   vs prod: median +70.1%  min +81.3%
rank   9  tiled@96x16x8  median  68.581 ns/cell   min  66.722   vs prod: median +170.0%  min +184.7%
rank   9  tiled@64x16x8  median  62.980 ns/cell   min  59.581   vs prod: median +148.0%  min +154.3%
rank   9  tiled@48x24x8  median  69.710 ns/cell   min  67.140   vs prod: median +174.5%  min +186.5%
rank   9  tiled@32x32x8  median  90.123 ns/cell   min  71.435   vs prod: median +254.8%  min +204.9%
rank   9  tiled@128x16x4  median  57.966 ns/cell   min  45.050   vs prod: median +128.2%  min +92.3%
rank   9  naive     median  48.077 ns/cell   min  38.084   vs prod: median +89.3%  min +62.5%
rank   9  consa     median  23.002 ns/cell   min  16.867   vs prod: median -9.4%  min -28.0%
rank  24  prod      median  22.612 ns/cell   min  22.060
rank  24  clean     median  42.182 ns/cell   min  40.732   vs prod: median +86.6%  min +84.6%
rank  24  tiled@96x16x8  median  67.995 ns/cell   min  64.590   vs prod: median +200.7%  min +192.8%
rank  24  tiled@64x16x8  median  63.256 ns/cell   min  57.256   vs prod: median +179.7%  min +159.5%
rank  24  tiled@48x24x8  median  72.913 ns/cell   min  63.280   vs prod: median +222.5%  min +186.9%
rank  24  tiled@32x32x8  median  90.754 ns/cell   min  71.355   vs prod: median +301.4%  min +223.5%
rank  24  tiled@128x16x4  median  60.806 ns/cell   min  45.979   vs prod: median +168.9%  min +108.4%
rank  24  naive     median  48.539 ns/cell   min  38.211   vs prod: median +114.7%  min +73.2%
rank  24  consa     median  22.467 ns/cell   min  15.125   vs prod: median -0.6%  min -31.4%
rank  31  prod      median  24.746 ns/cell   min  23.363
rank  31  clean     median  43.194 ns/cell   min  42.027   vs prod: median +74.5%  min +79.9%
rank  31  tiled@96x16x8  median  68.218 ns/cell   min  65.701   vs prod: median +175.7%  min +181.2%
rank  31  tiled@64x16x8  median  62.520 ns/cell   min  58.928   vs prod: median +152.6%  min +152.2%
rank  31  tiled@48x24x8  median  70.596 ns/cell   min  66.469   vs prod: median +185.3%  min +184.5%
rank  31  tiled@32x32x8  median  90.327 ns/cell   min  71.039   vs prod: median +265.0%  min +204.1%
rank  31  tiled@128x16x4  median  57.560 ns/cell   min  43.885   vs prod: median +132.6%  min +87.8%
rank  31  naive     median  48.284 ns/cell   min  38.041   vs prod: median +95.1%  min +62.8%
rank  31  consa     median  23.392 ns/cell   min  16.514   vs prod: median -5.5%  min -29.3%
rank  17  prod      median  24.205 ns/cell   min  23.186
rank  17  clean     median  42.855 ns/cell   min  41.128   vs prod: median +77.0%  min +77.4%
rank  17  tiled@96x16x8  median  67.670 ns/cell   min  65.364   vs prod: median +179.6%  min +181.9%
rank  17  tiled@64x16x8  median  62.388 ns/cell   min  59.104   vs prod: median +157.7%  min +154.9%
rank  17  tiled@48x24x8  median  72.142 ns/cell   min  61.888   vs prod: median +198.0%  min +166.9%
rank  17  tiled@32x32x8  median  89.658 ns/cell   min  71.310   vs prod: median +270.4%  min +207.6%
rank  17  tiled@128x16x4  median  58.541 ns/cell   min  44.091   vs prod: median +141.9%  min +90.2%
rank  17  naive     median  47.976 ns/cell   min  37.765   vs prod: median +98.2%  min +62.9%
rank  17  consa     median  23.208 ns/cell   min  16.617   vs prod: median -4.1%  min -28.3%
rank  65  prod      median  24.608 ns/cell   min  23.419
rank  65  clean     median  42.975 ns/cell   min  41.163   vs prod: median +74.6%  min +75.8%
rank  65  tiled@96x16x8  median  67.841 ns/cell   min  65.349   vs prod: median +175.7%  min +179.0%
rank  65  tiled@64x16x8  median  63.105 ns/cell   min  59.384   vs prod: median +156.4%  min +153.6%
rank  65  tiled@48x24x8  median  69.940 ns/cell   min  60.011   vs prod: median +184.2%  min +156.2%
rank  65  tiled@32x32x8  median  90.196 ns/cell   min  69.527   vs prod: median +266.5%  min +196.9%
rank  65  tiled@128x16x4  median  58.350 ns/cell   min  42.432   vs prod: median +137.1%  min +81.2%
rank  65  naive     median  47.876 ns/cell   min  37.630   vs prod: median +94.6%  min +60.7%
rank  65  consa     median  23.457 ns/cell   min  16.607   vs prod: median -4.7%  min -29.1%
rank  37  prod      median  24.504 ns/cell   min  22.093
rank  37  clean     median  42.524 ns/cell   min  41.113   vs prod: median +73.5%  min +86.1%
rank  11  prod      median  24.458 ns/cell   min  22.292
rank  11  clean     median  42.652 ns/cell   min  41.186   vs prod: median +74.4%  min +84.8%
rank  37  tiled@96x16x8  median  68.227 ns/cell   min  65.395   vs prod: median +178.4%  min +196.0%
rank  37  tiled@64x16x8  median  62.204 ns/cell   min  58.990   vs prod: median +153.9%  min +167.0%
rank  37  tiled@48x24x8  median  71.713 ns/cell   min  58.650   vs prod: median +192.7%  min +165.5%
rank  37  tiled@32x32x8  median  89.890 ns/cell   min  71.072   vs prod: median +266.8%  min +221.7%
rank  37  tiled@128x16x4  median  58.798 ns/cell   min  41.935   vs prod: median +140.0%  min +89.8%
rank  37  naive     median  48.349 ns/cell   min  37.919   vs prod: median +97.3%  min +71.6%
rank  37  consa     median  23.223 ns/cell   min  15.990   vs prod: median -5.2%  min -27.6%
rank  11  tiled@96x16x8  median  67.663 ns/cell   min  65.048   vs prod: median +176.7%  min +191.8%
rank  11  tiled@64x16x8  median  62.290 ns/cell   min  58.969   vs prod: median +154.7%  min +164.5%
rank  11  tiled@48x24x8  median  71.997 ns/cell   min  59.072   vs prod: median +194.4%  min +165.0%
rank  11  tiled@32x32x8  median  89.187 ns/cell   min  70.193   vs prod: median +264.7%  min +214.9%
rank  11  tiled@128x16x4  median  59.057 ns/cell   min  42.570   vs prod: median +141.5%  min +91.0%
rank  11  naive     median  48.432 ns/cell   min  38.215   vs prod: median +98.0%  min +71.4%
rank  11  consa     median  23.313 ns/cell   min  16.384   vs prod: median -4.7%  min -26.5%
rank  67  prod      median  23.455 ns/cell   min  21.992
rank  67  clean     median  42.269 ns/cell   min  40.697   vs prod: median +80.2%  min +85.1%
rank  67  tiled@96x16x8  median  68.213 ns/cell   min  64.658   vs prod: median +190.8%  min +194.0%
rank  67  tiled@64x16x8  median  62.120 ns/cell   min  57.941   vs prod: median +164.8%  min +163.5%
rank  67  tiled@48x24x8  median  72.793 ns/cell   min  57.593   vs prod: median +210.3%  min +161.9%
rank  67  tiled@32x32x8  median  89.717 ns/cell   min  68.280   vs prod: median +282.5%  min +210.5%
rank  67  tiled@128x16x4  median  59.067 ns/cell   min  41.280   vs prod: median +151.8%  min +87.7%
rank  67  naive     median  48.071 ns/cell   min  37.790   vs prod: median +105.0%  min +71.8%
rank  67  consa     median  22.369 ns/cell   min  15.870   vs prod: median -4.6%  min -27.8%
rank   7  prod      median  23.842 ns/cell   min  21.939
rank   7  clean     median  42.786 ns/cell   min  41.212   vs prod: median +79.5%  min +87.9%
rank   7  tiled@96x16x8  median  68.530 ns/cell   min  65.108   vs prod: median +187.4%  min +196.8%
rank   7  tiled@64x16x8  median  62.332 ns/cell   min  58.917   vs prod: median +161.4%  min +168.6%
rank   7  tiled@48x24x8  median  73.092 ns/cell   min  58.593   vs prod: median +206.6%  min +167.1%
rank   7  tiled@32x32x8  median  89.705 ns/cell   min  70.391   vs prod: median +276.3%  min +220.8%
rank   7  tiled@128x16x4  median  59.026 ns/cell   min  42.099   vs prod: median +147.6%  min +91.9%
rank   7  naive     median  48.072 ns/cell   min  37.944   vs prod: median +101.6%  min +73.0%
rank   7  consa     median  22.797 ns/cell   min  15.875   vs prod: median -4.4%  min -27.6%
rank  20  prod      median  22.273 ns/cell   min  21.130
rank  20  clean     median  42.067 ns/cell   min  40.523   vs prod: median +88.9%  min +91.8%
rank  20  tiled@96x16x8  median  68.135 ns/cell   min  60.198   vs prod: median +205.9%  min +184.9%
rank  20  tiled@64x16x8  median  63.244 ns/cell   min  55.849   vs prod: median +183.9%  min +164.3%
rank  20  tiled@48x24x8  median  73.581 ns/cell   min  58.797   vs prod: median +230.4%  min +178.3%
rank  20  tiled@32x32x8  median  91.636 ns/cell   min  71.766   vs prod: median +311.4%  min +239.6%
rank  20  tiled@128x16x4  median  62.319 ns/cell   min  38.808   vs prod: median +179.8%  min +83.7%
rank  20  naive     median  48.148 ns/cell   min  35.471   vs prod: median +116.2%  min +67.9%
rank  20  consa     median  21.660 ns/cell   min  13.717   vs prod: median -2.8%  min -35.1%
rank  40  prod      median  22.914 ns/cell   min  21.877
rank  40  clean     median  41.976 ns/cell   min  40.351   vs prod: median +83.2%  min +84.4%
rank  40  tiled@96x16x8  median  67.967 ns/cell   min  59.942   vs prod: median +196.6%  min +174.0%
rank  40  tiled@64x16x8  median  63.544 ns/cell   min  56.074   vs prod: median +177.3%  min +156.3%
rank  40  tiled@48x24x8  median  73.333 ns/cell   min  58.420   vs prod: median +220.0%  min +167.0%
rank  40  tiled@32x32x8  median  90.957 ns/cell   min  71.453   vs prod: median +296.9%  min +226.6%
rank  40  tiled@128x16x4  median  62.030 ns/cell   min  38.208   vs prod: median +170.7%  min +74.6%
rank  40  naive     median  48.590 ns/cell   min  35.236   vs prod: median +112.1%  min +61.1%
rank  40  consa     median  22.172 ns/cell   min  13.694   vs prod: median -3.2%  min -37.4%
rank  53  prod      median  23.487 ns/cell   min  22.355
rank  53  clean     median  42.380 ns/cell   min  40.660   vs prod: median +80.4%  min +81.9%
rank  53  tiled@96x16x8  median  68.260 ns/cell   min  64.557   vs prod: median +190.6%  min +188.8%
rank  53  tiled@64x16x8  median  62.660 ns/cell   min  55.720   vs prod: median +166.8%  min +149.3%
rank  53  tiled@48x24x8  median  72.784 ns/cell   min  58.361   vs prod: median +209.9%  min +161.1%
rank  53  tiled@32x32x8  median  89.248 ns/cell   min  68.244   vs prod: median +280.0%  min +205.3%
rank  53  tiled@128x16x4  median  59.422 ns/cell   min  41.094   vs prod: median +153.0%  min +83.8%
rank  53  naive     median  48.181 ns/cell   min  37.107   vs prod: median +105.1%  min +66.0%
rank  53  consa     median  22.378 ns/cell   min  15.044   vs prod: median -4.7%  min -32.7%
rank   3  prod      median  23.474 ns/cell   min  22.092
rank   3  clean     median  42.322 ns/cell   min  40.726   vs prod: median +80.3%  min +84.3%
rank   3  tiled@96x16x8  median  68.562 ns/cell   min  64.629   vs prod: median +192.1%  min +192.5%
rank   3  tiled@64x16x8  median  62.920 ns/cell   min  55.918   vs prod: median +168.0%  min +153.1%
rank   3  tiled@48x24x8  median  73.234 ns/cell   min  58.631   vs prod: median +212.0%  min +165.4%
rank   3  tiled@32x32x8  median  89.350 ns/cell   min  69.743   vs prod: median +280.6%  min +215.7%
rank   3  tiled@128x16x4  median  58.968 ns/cell   min  40.952   vs prod: median +151.2%  min +85.4%
rank   3  naive     median  48.106 ns/cell   min  37.172   vs prod: median +104.9%  min +68.3%
rank   3  consa     median  22.672 ns/cell   min  14.866   vs prod: median -3.4%  min -32.7%
rank  77  prod      median  23.138 ns/cell   min  21.755
rank  77  clean     median  41.628 ns/cell   min  38.521   vs prod: median +79.9%  min +77.1%
rank  77  tiled@96x16x8  median  68.761 ns/cell   min  63.417   vs prod: median +197.2%  min +191.5%
rank  77  tiled@64x16x8  median  62.198 ns/cell   min  50.879   vs prod: median +168.8%  min +133.9%
rank  77  tiled@48x24x8  median  73.608 ns/cell   min  57.698   vs prod: median +218.1%  min +165.2%
rank  77  tiled@32x32x8  median  91.763 ns/cell   min  64.626   vs prod: median +296.6%  min +197.1%
rank  77  tiled@128x16x4  median  59.962 ns/cell   min  39.088   vs prod: median +159.1%  min +79.7%
rank  77  naive     median  48.292 ns/cell   min  34.987   vs prod: median +108.7%  min +60.8%
rank  77  consa     median  22.123 ns/cell   min  14.368   vs prod: median -4.4%  min -34.0%
rank   8  prod      median  22.737 ns/cell   min  21.264
rank   8  clean     median  42.059 ns/cell   min  39.247   vs prod: median +85.0%  min +84.6%
rank   8  tiled@96x16x8  median  68.279 ns/cell   min  59.050   vs prod: median +200.3%  min +177.7%
rank   8  tiled@64x16x8  median  63.378 ns/cell   min  51.327   vs prod: median +178.7%  min +141.4%
rank   8  tiled@48x24x8  median  74.189 ns/cell   min  59.425   vs prod: median +226.3%  min +179.5%
rank   8  tiled@32x32x8  median  92.922 ns/cell   min  60.497   vs prod: median +308.7%  min +184.5%
rank   8  tiled@128x16x4  median  63.419 ns/cell   min  35.217   vs prod: median +178.9%  min +65.6%
rank   8  naive     median  47.799 ns/cell   min  34.879   vs prod: median +110.2%  min +64.0%
rank   8  consa     median  21.751 ns/cell   min  12.901   vs prod: median -4.3%  min -39.3%
rank  39  prod      median  23.420 ns/cell   min  22.285
rank  39  clean     median  41.942 ns/cell   min  38.965   vs prod: median +79.1%  min +74.9%
rank  39  tiled@96x16x8  median  68.604 ns/cell   min  57.480   vs prod: median +192.9%  min +157.9%
rank  39  tiled@64x16x8  median  62.732 ns/cell   min  51.352   vs prod: median +167.9%  min +130.4%
rank  39  tiled@48x24x8  median  73.669 ns/cell   min  57.403   vs prod: median +214.6%  min +157.6%
rank  39  tiled@32x32x8  median  92.041 ns/cell   min  63.242   vs prod: median +293.0%  min +183.8%
rank  39  tiled@128x16x4  median  60.535 ns/cell   min  37.264   vs prod: median +158.5%  min +67.2%
rank  39  naive     median  48.489 ns/cell   min  34.084   vs prod: median +107.0%  min +52.9%
rank  39  consa     median  22.788 ns/cell   min  14.539   vs prod: median -2.7%  min -34.8%
rank  49  prod      median  23.211 ns/cell   min  21.949
rank  49  clean     median  41.629 ns/cell   min  38.841   vs prod: median +79.3%  min +77.0%
rank  49  tiled@96x16x8  median  68.888 ns/cell   min  53.804   vs prod: median +196.8%  min +145.1%
rank  49  tiled@64x16x8  median  63.764 ns/cell   min  50.710   vs prod: median +174.7%  min +131.0%
rank  49  tiled@48x24x8  median  74.392 ns/cell   min  55.086   vs prod: median +220.5%  min +151.0%
rank  49  tiled@32x32x8  median  94.343 ns/cell   min  60.985   vs prod: median +306.5%  min +177.9%
rank  49  tiled@128x16x4  median  60.104 ns/cell   min  34.340   vs prod: median +158.9%  min +56.5%
rank  49  naive     median  47.824 ns/cell   min  33.499   vs prod: median +106.0%  min +52.6%
rank  49  consa     median  22.266 ns/cell   min  13.985   vs prod: median -4.1%  min -36.3%
rank  13  prod      median  22.818 ns/cell   min  21.329
rank  13  clean     median  41.978 ns/cell   min  37.689   vs prod: median +84.0%  min +76.7%
rank  13  tiled@96x16x8  median  69.365 ns/cell   min  54.441   vs prod: median +204.0%  min +155.2%
rank  13  tiled@64x16x8  median  63.996 ns/cell   min  50.134   vs prod: median +180.5%  min +135.0%
rank  13  tiled@48x24x8  median  74.868 ns/cell   min  54.031   vs prod: median +228.1%  min +153.3%
rank  13  tiled@32x32x8  median  93.040 ns/cell   min  59.121   vs prod: median +307.8%  min +177.2%
rank  13  tiled@128x16x4  median  58.041 ns/cell   min  33.618   vs prod: median +154.4%  min +57.6%
rank  13  naive     median  47.784 ns/cell   min  33.003   vs prod: median +109.4%  min +54.7%
rank  13  consa     median  21.993 ns/cell   min  13.463   vs prod: median -3.6%  min -36.9%
rank  61  prod      median  23.043 ns/cell   min  21.088
rank  61  clean     median  42.090 ns/cell   min  37.335   vs prod: median +82.7%  min +77.0%
rank  61  tiled@96x16x8  median  69.094 ns/cell   min  53.812   vs prod: median +199.9%  min +155.2%
rank  61  tiled@64x16x8  median  64.212 ns/cell   min  48.872   vs prod: median +178.7%  min +131.8%
rank  61  tiled@48x24x8  median  75.179 ns/cell   min  52.519   vs prod: median +226.3%  min +149.0%
rank  61  tiled@32x32x8  median  91.757 ns/cell   min  57.623   vs prod: median +298.2%  min +173.2%
rank  61  tiled@128x16x4  median  58.351 ns/cell   min  33.563   vs prod: median +153.2%  min +59.2%
rank  61  naive     median  47.871 ns/cell   min  32.816   vs prod: median +107.8%  min +55.6%
rank  61  consa     median  22.044 ns/cell   min  13.405   vs prod: median -4.3%  min -36.4%
rank  29  prod      median  23.536 ns/cell   min  21.268
rank  29  clean     median  41.629 ns/cell   min  37.262   vs prod: median +76.9%  min +75.2%
rank  29  tiled@96x16x8  median  68.226 ns/cell   min  53.676   vs prod: median +189.9%  min +152.4%
rank  29  tiled@64x16x8  median  63.845 ns/cell   min  50.257   vs prod: median +171.3%  min +136.3%
rank  29  tiled@48x24x8  median  75.268 ns/cell   min  52.975   vs prod: median +219.8%  min +149.1%
rank  29  tiled@32x32x8  median  94.556 ns/cell   min  56.761   vs prod: median +301.8%  min +166.9%
rank  29  tiled@128x16x4  median  61.110 ns/cell   min  33.676   vs prod: median +159.6%  min +58.3%
rank  29  naive     median  47.947 ns/cell   min  32.498   vs prod: median +103.7%  min +52.8%
rank  29  consa     median  22.466 ns/cell   min  13.195   vs prod: median -4.5%  min -38.0%
rank  30  prod      median  22.753 ns/cell   min  18.292
rank  30  clean     median  41.812 ns/cell   min  35.666   vs prod: median +83.8%  min +95.0%
rank  30  tiled@96x16x8  median  69.745 ns/cell   min  54.733   vs prod: median +206.5%  min +199.2%
rank  30  tiled@64x16x8  median  65.176 ns/cell   min  41.112   vs prod: median +186.4%  min +124.8%
rank  30  tiled@48x24x8  median  76.665 ns/cell   min  40.330   vs prod: median +236.9%  min +120.5%
rank  30  tiled@32x32x8  median  91.429 ns/cell   min  44.040   vs prod: median +301.8%  min +140.8%
rank  30  tiled@128x16x4  median  55.517 ns/cell   min  29.597   vs prod: median +144.0%  min +61.8%
rank  30  naive     median  47.104 ns/cell   min  30.132   vs prod: median +107.0%  min +64.7%
rank  30  consa     median  21.224 ns/cell   min  12.444   vs prod: median -6.7%  min -32.0%
rank  38  prod      median  23.504 ns/cell   min  21.468
rank  38  clean     median  42.446 ns/cell   min  34.674   vs prod: median +80.6%  min +61.5%
rank  38  tiled@96x16x8  median  71.307 ns/cell   min  39.726   vs prod: median +203.4%  min +85.0%
rank  38  tiled@64x16x8  median  66.179 ns/cell   min  36.336   vs prod: median +181.6%  min +69.3%
rank  38  tiled@48x24x8  median  75.221 ns/cell   min  35.552   vs prod: median +220.0%  min +65.6%
rank  38  tiled@32x32x8  median  89.274 ns/cell   min  41.892   vs prod: median +279.8%  min +95.1%
rank  38  tiled@128x16x4  median  55.971 ns/cell   min  30.198   vs prod: median +138.1%  min +40.7%
rank  38  naive     median  46.851 ns/cell   min  29.741   vs prod: median +99.3%  min +38.5%
rank  38  consa     median  21.526 ns/cell   min  12.327   vs prod: median -8.4%  min -42.6%
rank  33  prod      median  23.130 ns/cell   min  18.755
rank  33  clean     median  42.159 ns/cell   min  34.016   vs prod: median +82.3%  min +81.4%
rank  33  tiled@96x16x8  median  70.253 ns/cell   min  45.772   vs prod: median +203.7%  min +144.1%
rank  33  tiled@64x16x8  median  66.239 ns/cell   min  38.483   vs prod: median +186.4%  min +105.2%
rank  33  tiled@48x24x8  median  75.960 ns/cell   min  40.665   vs prod: median +228.4%  min +116.8%
rank  33  tiled@32x32x8  median  92.400 ns/cell   min  44.147   vs prod: median +299.5%  min +135.4%
rank  33  tiled@128x16x4  median  57.771 ns/cell   min  29.221   vs prod: median +149.8%  min +55.8%
rank  33  naive     median  47.435 ns/cell   min  29.806   vs prod: median +105.1%  min +58.9%
rank  33  consa     median  21.829 ns/cell   min  12.657   vs prod: median -5.6%  min -32.5%
rank  45  prod      median  23.089 ns/cell   min  17.920
rank  45  clean     median  42.273 ns/cell   min  33.930   vs prod: median +83.1%  min +89.3%
rank  45  tiled@96x16x8  median  72.030 ns/cell   min  42.755   vs prod: median +212.0%  min +138.6%
rank  45  tiled@64x16x8  median  67.166 ns/cell   min  37.154   vs prod: median +190.9%  min +107.3%
rank  45  tiled@48x24x8  median  75.894 ns/cell   min  39.340   vs prod: median +228.7%  min +119.5%
rank  45  tiled@32x32x8  median  90.719 ns/cell   min  41.865   vs prod: median +292.9%  min +133.6%
rank  45  tiled@128x16x4  median  56.802 ns/cell   min  29.090   vs prod: median +146.0%  min +62.3%
rank  45  naive     median  47.340 ns/cell   min  29.725   vs prod: median +105.0%  min +65.9%
rank  45  consa     median  21.858 ns/cell   min  12.493   vs prod: median -5.3%  min -30.3%
rank  10  prod      median  23.767 ns/cell   min  15.866
rank  10  clean     median  42.573 ns/cell   min  32.336   vs prod: median +79.1%  min +103.8%
rank  10  tiled@96x16x8  median  72.153 ns/cell   min  36.627   vs prod: median +203.6%  min +130.9%
rank  10  tiled@64x16x8  median  66.657 ns/cell   min  32.376   vs prod: median +180.5%  min +104.1%
rank  10  tiled@48x24x8  median  73.761 ns/cell   min  35.106   vs prod: median +210.4%  min +121.3%
rank  10  tiled@32x32x8  median  89.709 ns/cell   min  41.859   vs prod: median +277.5%  min +163.8%
rank  10  tiled@128x16x4  median  56.185 ns/cell   min  29.025   vs prod: median +136.4%  min +82.9%
rank  10  naive     median  47.450 ns/cell   min  29.550   vs prod: median +99.6%  min +86.2%
rank  10  consa     median  21.962 ns/cell   min  12.437   vs prod: median -7.6%  min -21.6%
rank  70  prod      median  24.145 ns/cell   min  15.690
rank  70  clean     median  42.855 ns/cell   min  32.017   vs prod: median +77.5%  min +104.1%
rank  70  tiled@96x16x8  median  72.347 ns/cell   min  35.967   vs prod: median +199.6%  min +129.2%
rank  70  tiled@64x16x8  median  66.263 ns/cell   min  31.891   vs prod: median +174.4%  min +103.2%
rank  70  tiled@48x24x8  median  73.804 ns/cell   min  34.534   vs prod: median +205.7%  min +120.1%
rank  70  tiled@32x32x8  median  89.232 ns/cell   min  41.308   vs prod: median +269.6%  min +163.3%
rank  70  tiled@128x16x4  median  56.509 ns/cell   min  28.691   vs prod: median +134.0%  min +82.9%
rank  70  naive     median  47.460 ns/cell   min  29.469   vs prod: median +96.6%  min +87.8%
rank  70  consa     median  22.367 ns/cell   min  12.396   vs prod: median -7.4%  min -21.0%
rank   5  prod      median  23.934 ns/cell   min  15.639
rank   5  clean     median  42.473 ns/cell   min  30.434   vs prod: median +77.5%  min +94.6%
rank   5  tiled@96x16x8  median  72.740 ns/cell   min  38.091   vs prod: median +203.9%  min +143.6%
rank   5  tiled@64x16x8  median  67.810 ns/cell   min  32.582   vs prod: median +183.3%  min +108.3%
rank   5  tiled@48x24x8  median  75.063 ns/cell   min  34.170   vs prod: median +213.6%  min +118.5%
rank   5  tiled@32x32x8  median  90.405 ns/cell   min  41.939   vs prod: median +277.7%  min +168.2%
rank   5  tiled@128x16x4  median  56.445 ns/cell   min  29.150   vs prod: median +135.8%  min +86.4%
rank   5  naive     median  47.713 ns/cell   min  29.662   vs prod: median +99.4%  min +89.7%
rank   5  consa     median  22.326 ns/cell   min  12.442   vs prod: median -6.7%  min -20.4%
rank  44  prod      median  24.292 ns/cell   min  14.148
rank  44  clean     median  42.976 ns/cell   min  28.524   vs prod: median +76.9%  min +101.6%
rank  44  tiled@96x16x8  median  71.349 ns/cell   min  33.375   vs prod: median +193.7%  min +135.9%
rank  44  tiled@64x16x8  median  64.947 ns/cell   min  32.173   vs prod: median +167.4%  min +127.4%
rank  44  tiled@48x24x8  median  73.929 ns/cell   min  34.184   vs prod: median +204.3%  min +141.6%
rank  44  tiled@32x32x8  median  90.619 ns/cell   min  40.585   vs prod: median +273.0%  min +186.9%
rank  44  tiled@128x16x4  median  58.218 ns/cell   min  29.722   vs prod: median +139.7%  min +110.1%
rank  44  naive     median  47.595 ns/cell   min  29.319   vs prod: median +95.9%  min +107.2%
rank  44  consa     median  22.781 ns/cell   min  12.265   vs prod: median -6.2%  min -13.3%
rank  97  prod      median  24.296 ns/cell   min  15.494
rank  97  clean     median  42.772 ns/cell   min  29.838   vs prod: median +76.0%  min +92.6%
rank  97  tiled@96x16x8  median  72.764 ns/cell   min  36.634   vs prod: median +199.5%  min +136.4%
rank  97  tiled@64x16x8  median  66.541 ns/cell   min  31.899   vs prod: median +173.9%  min +105.9%
rank  97  tiled@48x24x8  median  74.418 ns/cell   min  34.666   vs prod: median +206.3%  min +123.7%
rank  97  tiled@32x32x8  median  89.920 ns/cell   min  41.796   vs prod: median +270.1%  min +169.8%
rank  97  tiled@128x16x4  median  57.822 ns/cell   min  29.561   vs prod: median +138.0%  min +90.8%
rank  97  naive     median  47.881 ns/cell   min  29.626   vs prod: median +97.1%  min +91.2%
rank  97  consa     median  22.399 ns/cell   min  12.378   vs prod: median -7.8%  min -20.1%
rank  71  prod      median  24.384 ns/cell   min  14.506
rank  71  clean     median  42.722 ns/cell   min  27.699   vs prod: median +75.2%  min +91.0%
rank  71  tiled@96x16x8  median  72.921 ns/cell   min  31.964   vs prod: median +199.1%  min +120.4%
rank  71  tiled@64x16x8  median  65.817 ns/cell   min  31.287   vs prod: median +169.9%  min +115.7%
rank  71  tiled@48x24x8  median  74.610 ns/cell   min  34.089   vs prod: median +206.0%  min +135.0%
rank  71  tiled@32x32x8  median  91.193 ns/cell   min  39.994   vs prod: median +274.0%  min +175.7%
rank  71  tiled@128x16x4  median  58.653 ns/cell   min  28.820   vs prod: median +140.5%  min +98.7%
rank  71  naive     median  48.163 ns/cell   min  29.538   vs prod: median +97.5%  min +103.6%
rank  71  consa     median  22.833 ns/cell   min  12.298   vs prod: median -6.4%  min -15.2%
rank  56  prod      median  24.803 ns/cell   min  13.611
rank  56  clean     median  43.044 ns/cell   min  26.981   vs prod: median +73.5%  min +98.2%
rank  56  tiled@96x16x8  median  70.087 ns/cell   min  32.537   vs prod: median +182.6%  min +139.0%
rank  56  tiled@64x16x8  median  65.024 ns/cell   min  30.793   vs prod: median +162.2%  min +126.2%
rank  56  tiled@48x24x8  median  74.476 ns/cell   min  33.901   vs prod: median +200.3%  min +149.1%
rank  56  tiled@32x32x8  median  90.500 ns/cell   min  39.580   vs prod: median +264.9%  min +190.8%
rank  56  tiled@128x16x4  median  57.776 ns/cell   min  28.480   vs prod: median +132.9%  min +109.2%
rank  56  naive     median  47.826 ns/cell   min  29.295   vs prod: median +92.8%  min +115.2%
rank  56  consa     median  23.045 ns/cell   min  12.138   vs prod: median -7.1%  min -10.8%
rank  55  prod      median  24.017 ns/cell   min  14.606
rank  55  clean     median  42.775 ns/cell   min  27.659   vs prod: median +78.1%  min +89.4%
rank  55  tiled@96x16x8  median  72.905 ns/cell   min  32.339   vs prod: median +203.6%  min +121.4%
rank  55  tiled@64x16x8  median  66.287 ns/cell   min  31.748   vs prod: median +176.0%  min +117.4%
rank  55  tiled@48x24x8  median  74.373 ns/cell   min  34.257   vs prod: median +209.7%  min +134.5%
rank  55  tiled@32x32x8  median  91.646 ns/cell   min  40.408   vs prod: median +281.6%  min +176.6%
rank  55  tiled@128x16x4  median  58.118 ns/cell   min  28.995   vs prod: median +142.0%  min +98.5%
rank  55  naive     median  47.867 ns/cell   min  29.588   vs prod: median +99.3%  min +102.6%
rank  55  consa     median  22.758 ns/cell   min  12.447   vs prod: median -5.2%  min -14.8%
rank  41  prod      median  24.160 ns/cell   min  13.933
rank  41  clean     median  42.715 ns/cell   min  26.539   vs prod: median +76.8%  min +90.5%
rank  41  tiled@96x16x8  median  72.565 ns/cell   min  32.809   vs prod: median +200.3%  min +135.5%
rank  41  tiled@64x16x8  median  66.219 ns/cell   min  32.040   vs prod: median +174.1%  min +130.0%
rank  41  tiled@48x24x8  median  74.559 ns/cell   min  34.026   vs prod: median +208.6%  min +144.2%
rank  41  tiled@32x32x8  median  91.554 ns/cell   min  40.664   vs prod: median +278.9%  min +191.9%
rank  41  tiled@128x16x4  median  58.675 ns/cell   min  29.472   vs prod: median +142.9%  min +111.5%
rank  41  naive     median  48.092 ns/cell   min  29.601   vs prod: median +99.1%  min +112.5%
rank  41  consa     median  22.862 ns/cell   min  12.255   vs prod: median -5.4%  min -12.0%
rank  96  prod      median  23.632 ns/cell   min  13.769
rank  96  clean     median  42.952 ns/cell   min  27.865   vs prod: median +81.8%  min +102.4%
rank  96  tiled@96x16x8  median  70.229 ns/cell   min  32.227   vs prod: median +197.2%  min +134.1%
rank  96  tiled@64x16x8  median  65.266 ns/cell   min  31.184   vs prod: median +176.2%  min +126.5%
rank  96  tiled@48x24x8  median  75.416 ns/cell   min  33.910   vs prod: median +219.1%  min +146.3%
rank  96  tiled@32x32x8  median  91.974 ns/cell   min  39.973   vs prod: median +289.2%  min +190.3%
rank  96  tiled@128x16x4  median  58.293 ns/cell   min  29.236   vs prod: median +146.7%  min +112.3%
rank  96  naive     median  48.026 ns/cell   min  29.438   vs prod: median +103.2%  min +113.8%
rank  96  consa     median  22.348 ns/cell   min  12.302   vs prod: median -5.4%  min -10.7%
rank  87  prod      median  24.699 ns/cell   min  13.217
rank  87  clean     median  42.674 ns/cell   min  27.114   vs prod: median +72.8%  min +105.1%
rank  87  tiled@96x16x8  median  71.914 ns/cell   min  32.793   vs prod: median +191.2%  min +148.1%
rank  87  tiled@64x16x8  median  65.749 ns/cell   min  31.234   vs prod: median +166.2%  min +136.3%
rank  87  tiled@48x24x8  median  75.077 ns/cell   min  33.298   vs prod: median +204.0%  min +151.9%
rank  87  tiled@32x32x8  median  91.962 ns/cell   min  40.186   vs prod: median +272.3%  min +204.0%
rank  87  tiled@128x16x4  median  59.443 ns/cell   min  29.236   vs prod: median +140.7%  min +121.2%
rank  87  naive     median  47.930 ns/cell   min  29.415   vs prod: median +94.1%  min +122.5%
rank  87  consa     median  23.080 ns/cell   min  12.011   vs prod: median -6.6%  min -9.1%
rank  14  prod      median  23.506 ns/cell   min  13.574
rank  14  clean     median  42.515 ns/cell   min  26.562   vs prod: median +80.9%  min +95.7%
rank  14  tiled@96x16x8  median  70.026 ns/cell   min  32.207   vs prod: median +197.9%  min +137.3%
rank  14  tiled@64x16x8  median  65.839 ns/cell   min  31.330   vs prod: median +180.1%  min +130.8%
rank  14  tiled@48x24x8  median  75.770 ns/cell   min  33.137   vs prod: median +222.3%  min +144.1%
rank  14  tiled@32x32x8  median  92.240 ns/cell   min  39.611   vs prod: median +292.4%  min +191.8%
rank  14  tiled@128x16x4  median  58.270 ns/cell   min  29.050   vs prod: median +147.9%  min +114.0%
rank  14  naive     median  47.901 ns/cell   min  29.365   vs prod: median +103.8%  min +116.3%
rank  14  consa     median  22.524 ns/cell   min  12.192   vs prod: median -4.2%  min -10.2%
variants present: ['prod', 'clean', 'tiled@96x16x8', 'tiled@64x16x8', 'tiled@48x24x8', 'tiled@32x32x8', 'tiled@128x16x4', 'naive', 'consa']
mode=saturated  ranks=100  reps=50
grid 273 x 65 x 57

correctness gate (vs production, zeroed scratch dU):
  prod      (reference)  |dU|_max = 2.320116e-04
  clean     max_abs_diff = 0.000000e+00  (0.000e+00 of scale)  bitwise=True
  tiled@96x16x8  max_abs_diff = 2.328306e-09  (1.004e-05 of scale)  bitwise=False
  tiled@64x16x8  max_abs_diff = 2.328306e-09  (1.004e-05 of scale)  bitwise=False
  tiled@48x24x8  max_abs_diff = 2.328306e-09  (1.004e-05 of scale)  bitwise=False
  tiled@32x32x8  max_abs_diff = 2.328306e-09  (1.004e-05 of scale)  bitwise=False
  tiled@128x16x4  max_abs_diff = 2.328306e-09  (1.004e-05 of scale)  bitwise=False
  naive     max_abs_diff = 2.328306e-10  (1.004e-06 of scale)  bitwise=False
  consa     max_abs_diff = 1.862645e-09  (8.028e-06 of scale)  bitwise=False
  note: non-bitwise variants are expected if they reassociate;
  judge by 'of scale' (~1e-7 is float32 ulp noise, not a bug).
rank   0  prod      median  24.332 ns/cell   min  13.952
rank   0  clean     median  42.601 ns/cell   min  26.778   vs prod: median +75.1%  min +91.9%
rank   0  tiled@96x16x8  median  71.092 ns/cell   min  33.098   vs prod: median +192.2%  min +137.2%
rank   0  tiled@64x16x8  median  65.938 ns/cell   min  31.306   vs prod: median +171.0%  min +124.4%
rank   0  tiled@48x24x8  median  74.233 ns/cell   min  32.810   vs prod: median +205.1%  min +135.2%
rank   0  tiled@32x32x8  median  88.419 ns/cell   min  38.434   vs prod: median +263.4%  min +175.5%
rank   0  tiled@128x16x4  median  60.236 ns/cell   min  29.601   vs prod: median +147.6%  min +112.2%
rank   0  naive     median  47.762 ns/cell   min  29.240   vs prod: median +96.3%  min +109.6%
rank   0  consa     median  24.382 ns/cell   min  12.945   vs prod: median +0.2%  min -7.2%
rank  82  prod      median  23.742 ns/cell   min  13.047
rank  82  clean     median  42.441 ns/cell   min  26.568   vs prod: median +78.8%  min +103.6%
rank  82  tiled@96x16x8  median  71.410 ns/cell   min  32.054   vs prod: median +200.8%  min +145.7%
rank  82  tiled@64x16x8  median  66.141 ns/cell   min  30.441   vs prod: median +178.6%  min +133.3%
rank  82  tiled@48x24x8  median  75.712 ns/cell   min  32.564   vs prod: median +218.9%  min +149.6%
rank  82  tiled@32x32x8  median  91.576 ns/cell   min  38.868   vs prod: median +285.7%  min +197.9%
rank  82  tiled@128x16x4  median  58.676 ns/cell   min  28.582   vs prod: median +147.1%  min +119.1%
rank  82  naive     median  47.624 ns/cell   min  29.176   vs prod: median +100.6%  min +123.6%
rank  82  consa     median  22.536 ns/cell   min  11.845   vs prod: median -5.1%  min -9.2%
rank  15  prod      median  23.640 ns/cell   min  13.471
rank  15  clean     median  42.560 ns/cell   min  26.504   vs prod: median +80.0%  min +96.8%
rank  15  tiled@96x16x8  median  72.314 ns/cell   min  32.696   vs prod: median +205.9%  min +142.7%
rank  15  tiled@64x16x8  median  66.541 ns/cell   min  31.321   vs prod: median +181.5%  min +132.5%
rank  15  tiled@48x24x8  median  77.072 ns/cell   min  34.277   vs prod: median +226.0%  min +154.5%
rank  15  tiled@32x32x8  median  94.442 ns/cell   min  39.397   vs prod: median +299.5%  min +192.5%
rank  15  tiled@128x16x4  median  59.402 ns/cell   min  28.634   vs prod: median +151.3%  min +112.6%
rank  15  naive     median  48.157 ns/cell   min  29.454   vs prod: median +103.7%  min +118.7%
rank  15  consa     median  22.256 ns/cell   min  12.109   vs prod: median -5.9%  min -10.1%
rank   1  prod      median  24.490 ns/cell   min  14.123
rank   1  clean     median  42.737 ns/cell   min  26.570   vs prod: median +74.5%  min +88.1%
rank   1  tiled@96x16x8  median  72.687 ns/cell   min  33.088   vs prod: median +196.8%  min +134.3%
rank   1  tiled@64x16x8  median  66.734 ns/cell   min  31.291   vs prod: median +172.5%  min +121.6%
rank   1  tiled@48x24x8  median  75.342 ns/cell   min  33.716   vs prod: median +207.6%  min +138.7%
rank   1  tiled@32x32x8  median  90.294 ns/cell   min  38.520   vs prod: median +268.7%  min +172.7%
rank   1  tiled@128x16x4  median  61.307 ns/cell   min  28.743   vs prod: median +150.3%  min +103.5%
rank   1  naive     median  48.071 ns/cell   min  29.226   vs prod: median +96.3%  min +106.9%
rank   1  consa     median  24.497 ns/cell   min  13.020   vs prod: median +0.0%  min -7.8%
rank  28  prod      median  24.712 ns/cell   min  13.069
rank  28  clean     median  43.096 ns/cell   min  26.841   vs prod: median +74.4%  min +105.4%
rank  28  tiled@96x16x8  median  72.746 ns/cell   min  31.494   vs prod: median +194.4%  min +141.0%
rank  28  tiled@64x16x8  median  66.637 ns/cell   min  30.300   vs prod: median +169.7%  min +131.8%
rank  28  tiled@48x24x8  median  76.058 ns/cell   min  33.246   vs prod: median +207.8%  min +154.4%
rank  28  tiled@32x32x8  median  91.124 ns/cell   min  38.723   vs prod: median +268.7%  min +196.3%
rank  28  tiled@128x16x4  median  58.151 ns/cell   min  28.328   vs prod: median +135.3%  min +116.8%
rank  28  naive     median  47.734 ns/cell   min  29.017   vs prod: median +93.2%  min +122.0%
rank  28  consa     median  23.311 ns/cell   min  11.727   vs prod: median -5.7%  min -10.3%
rank  68  prod      median  24.833 ns/cell   min  12.960
rank  68  clean     median  43.177 ns/cell   min  27.191   vs prod: median +73.9%  min +109.8%
rank  68  tiled@96x16x8  median  72.922 ns/cell   min  31.333   vs prod: median +193.6%  min +141.8%
rank  68  tiled@64x16x8  median  66.486 ns/cell   min  30.414   vs prod: median +167.7%  min +134.7%
rank  68  tiled@48x24x8  median  76.296 ns/cell   min  31.874   vs prod: median +207.2%  min +145.9%
rank  68  tiled@32x32x8  median  89.998 ns/cell   min  38.199   vs prod: median +262.4%  min +194.7%
rank  68  tiled@128x16x4  median  59.300 ns/cell   min  28.648   vs prod: median +138.8%  min +121.1%
rank  68  naive     median  47.826 ns/cell   min  28.833   vs prod: median +92.6%  min +122.5%
rank  68  consa     median  23.103 ns/cell   min  11.343   vs prod: median -7.0%  min -12.5%
rank  57  prod      median  24.516 ns/cell   min  13.386
rank  57  clean     median  43.061 ns/cell   min  26.607   vs prod: median +75.6%  min +98.8%
rank  57  tiled@96x16x8  median  74.428 ns/cell   min  31.047   vs prod: median +203.6%  min +131.9%
rank  57  tiled@64x16x8  median  67.297 ns/cell   min  29.768   vs prod: median +174.5%  min +122.4%
rank  57  tiled@48x24x8  median  75.803 ns/cell   min  32.905   vs prod: median +209.2%  min +145.8%
rank  57  tiled@32x32x8  median  91.414 ns/cell   min  38.409   vs prod: median +272.9%  min +186.9%
rank  57  tiled@128x16x4  median  58.943 ns/cell   min  28.549   vs prod: median +140.4%  min +113.3%
rank  57  naive     median  47.775 ns/cell   min  29.058   vs prod: median +94.9%  min +117.1%
rank  57  consa     median  22.776 ns/cell   min  11.893   vs prod: median -7.1%  min -11.1%
rank  42  prod      median  24.865 ns/cell   min  13.083
rank  42  clean     median  43.102 ns/cell   min  26.369   vs prod: median +73.3%  min +101.5%
rank  42  tiled@96x16x8  median  73.029 ns/cell   min  31.069   vs prod: median +193.7%  min +137.5%
rank  42  tiled@64x16x8  median  66.932 ns/cell   min  29.401   vs prod: median +169.2%  min +124.7%
rank  42  tiled@48x24x8  median  75.267 ns/cell   min  32.465   vs prod: median +202.7%  min +148.1%
rank  42  tiled@32x32x8  median  92.509 ns/cell   min  38.475   vs prod: median +272.0%  min +194.1%
rank  42  tiled@128x16x4  median  59.678 ns/cell   min  28.583   vs prod: median +140.0%  min +118.5%
rank  42  naive     median  47.811 ns/cell   min  28.303   vs prod: median +92.3%  min +116.3%
rank  42  consa     median  23.151 ns/cell   min  10.146   vs prod: median -6.9%  min -22.5%
rank  73  prod      median  26.145 ns/cell   min  12.534
rank  73  clean     median  43.651 ns/cell   min  26.169   vs prod: median +67.0%  min +108.8%
rank  73  tiled@96x16x8  median  75.865 ns/cell   min  30.824   vs prod: median +190.2%  min +145.9%
rank  73  tiled@64x16x8  median  68.814 ns/cell   min  30.158   vs prod: median +163.2%  min +140.6%
rank  73  tiled@48x24x8  median  77.601 ns/cell   min  32.397   vs prod: median +196.8%  min +158.5%
rank  73  tiled@32x32x8  median  92.040 ns/cell   min  38.437   vs prod: median +252.0%  min +206.7%
rank  73  tiled@128x16x4  median  60.426 ns/cell   min  28.637   vs prod: median +131.1%  min +128.5%
rank  73  naive     median  48.127 ns/cell   min  28.972   vs prod: median +84.1%  min +131.1%
rank  73  consa     median  23.911 ns/cell   min  11.695   vs prod: median -8.5%  min -6.7%
rank  43  prod      median  26.277 ns/cell   min  12.417
rank  43  clean     median  43.707 ns/cell   min  26.168   vs prod: median +66.3%  min +110.7%
rank  43  tiled@96x16x8  median  76.030 ns/cell   min  31.282   vs prod: median +189.3%  min +151.9%
rank  43  tiled@64x16x8  median  69.385 ns/cell   min  30.513   vs prod: median +164.1%  min +145.7%
rank  43  tiled@48x24x8  median  78.300 ns/cell   min  32.437   vs prod: median +198.0%  min +161.2%
rank  43  tiled@32x32x8  median  93.760 ns/cell   min  38.009   vs prod: median +256.8%  min +206.1%
rank  43  tiled@128x16x4  median  61.905 ns/cell   min  28.530   vs prod: median +135.6%  min +129.8%
rank  43  naive     median  48.014 ns/cell   min  28.788   vs prod: median +82.7%  min +131.8%
rank  43  consa     median  24.130 ns/cell   min  11.132   vs prod: median -8.2%  min -10.4%
rank  25  prod      median  26.381 ns/cell   min  12.324
rank  25  clean     median  43.796 ns/cell   min  26.211   vs prod: median +66.0%  min +112.7%
rank  25  tiled@96x16x8  median  76.744 ns/cell   min  31.290   vs prod: median +190.9%  min +153.9%
rank  25  tiled@64x16x8  median  69.669 ns/cell   min  29.986   vs prod: median +164.1%  min +143.3%
rank  25  tiled@48x24x8  median  78.643 ns/cell   min  32.617   vs prod: median +198.1%  min +164.7%
rank  25  tiled@32x32x8  median  93.859 ns/cell   min  38.657   vs prod: median +255.8%  min +213.7%
rank  25  tiled@128x16x4  median  62.145 ns/cell   min  28.702   vs prod: median +135.6%  min +132.9%
rank  25  naive     median  48.622 ns/cell   min  28.127   vs prod: median +84.3%  min +128.2%
rank  25  consa     median  24.330 ns/cell   min   9.687   vs prod: median -7.8%  min -21.4%

=== aggregate ===

--- serial (1 rank(s)) ---
  prod     median-of-ranks  10.063 ns/cell   min-across-ranks   9.955   spread 10.06-10.06
  clean    median-of-ranks  24.956 ns/cell   min-across-ranks  24.739   spread 24.96-24.96
  tiled@96x16x8 median-of-ranks  25.762 ns/cell   min-across-ranks  25.685   spread 25.76-25.76
  tiled@64x16x8 median-of-ranks  25.182 ns/cell   min-across-ranks  25.111   spread 25.18-25.18
  tiled@48x24x8 median-of-ranks  27.143 ns/cell   min-across-ranks  27.054   spread 27.14-27.14
  tiled@32x32x8 median-of-ranks  32.092 ns/cell   min-across-ranks  31.986   spread 32.09-32.09
  tiled@128x16x4 median-of-ranks  23.848 ns/cell   min-across-ranks  23.755   spread 23.85-23.85
  naive    median-of-ranks  27.454 ns/cell   min-across-ranks  27.409   spread 27.45-27.45
  consa    median-of-ranks  10.005 ns/cell   min-across-ranks   9.957   spread 10.00-10.00
  => clean vs prod: +148.0% (median of ranks)
  => tiled@96x16x8 vs prod: +156.0% (median of ranks)
  => tiled@64x16x8 vs prod: +150.3% (median of ranks)
  => tiled@48x24x8 vs prod: +169.7% (median of ranks)
  => tiled@32x32x8 vs prod: +218.9% (median of ranks)
  => tiled@128x16x4 vs prod: +137.0% (median of ranks)
  => naive vs prod: +172.8% (median of ranks)
  => consa vs prod: -0.6% (median of ranks)

--- saturated (100 rank(s)) ---
  prod     median-of-ranks  23.731 ns/cell   min-across-ranks  12.324   spread 22.27-26.38
  clean    median-of-ranks  42.694 ns/cell   min-across-ranks  26.168   spread 41.63-43.80
  tiled@96x16x8 median-of-ranks  70.400 ns/cell   min-across-ranks  30.824   spread 66.37-76.74
  tiled@64x16x8 median-of-ranks  64.528 ns/cell   min-across-ranks  29.401   spread 62.12-69.67
  tiled@48x24x8 median-of-ranks  72.768 ns/cell   min-across-ranks  31.874   spread 68.86-78.64
  tiled@32x32x8 median-of-ranks  89.681 ns/cell   min-across-ranks  38.009   spread 82.91-94.56
  tiled@128x16x4 median-of-ranks  57.542 ns/cell   min-across-ranks  28.328   spread 52.16-63.42
  naive    median-of-ranks  47.938 ns/cell   min-across-ranks  28.127   spread 46.21-49.89
  consa    median-of-ranks  22.530 ns/cell   min-across-ranks   9.687   spread 20.93-25.21
  => clean vs prod: +79.9% (median of ranks)
  => tiled@96x16x8 vs prod: +196.7% (median of ranks)
  => tiled@64x16x8 vs prod: +171.9% (median of ranks)
  => tiled@48x24x8 vs prod: +206.6% (median of ranks)
  => tiled@32x32x8 vs prod: +277.9% (median of ranks)
  => tiled@128x16x4 vs prod: +142.5% (median of ranks)
  => naive vs prod: +102.0% (median of ranks)
  => consa vs prod: -5.1% (median of ranks)

done. raw rows: /rds/project/rds-7OSWtyyYICQ/jb753/ember-paper/ember/tools/bench_residual_ab.jsonl
