sapphire modules
=== node: cpu-r-90  model name	: Intel(R) Xeon(R) Platinum 8480+ ===
 ~ pyyaml==6.0.3
Package installed successfully

=== Gate 1: vectorization of damp_residual_merged ===
  smooth_residual_tri_tiled_: vec=9 main-miss=1 dependence=6
      FATAL #15344
      FATAL #15346
      FATAL #15344
      FATAL #15346
  smooth_residual_tri_tiled_IP_tri_coeffs_: vec=0 main-miss=0 dependence=0
  damp_residual_: vec=2 main-miss=0 dependence=0
  damp_residual_merged_: vec=8 main-miss=0 dependence=0
  smooth_residual_tri_km_: vec=9 main-miss=1 dependence=6
      FATAL #15344
      FATAL #15346
      FATAL #15344
      FATAL #15346
  smooth_residual_tri_km_IP_tri_coeffs_: vec=0 main-miss=0 dependence=0

=== serial ===
grid 273 x 65 x 57  dampin=2.0 sf=1.0

correctness gate:
  damp: |dU|_max = 6.748931e-05
  damp_merged vs damp_prod: max_abs_diff = 2.910383e-11 (4.312e-07 of scale)  bitwise=False
  irs_km vs irs_prod: max_abs_diff = 0.000000e+00 (0.000e+00 of scale)  bitwise=True
rank   0  damp_prod    median   2.539 ns/cell  min   2.529
rank   0  damp_merged  median   1.787 ns/cell  min   1.773   vs damp_prod: -29.6%
rank   0  irs_prod     median   8.175 ns/cell  min   8.151
rank   0  irs_km       median   8.332 ns/cell  min   8.295   vs irs_prod: +1.9%

=== saturated (100 ranks) ===
rank  32  damp_prod    median  18.413 ns/cell  min  18.306
rank  32  damp_merged  median  13.304 ns/cell  min  13.186   vs damp_prod: -27.7%
rank  32  irs_prod     median  30.823 ns/cell  min  30.595
rank  32  irs_km       median  34.133 ns/cell  min  33.925   vs irs_prod: +10.7%
rank  60  damp_prod    median  18.407 ns/cell  min  18.276
rank  60  damp_merged  median  13.232 ns/cell  min  13.079   vs damp_prod: -28.1%
rank  60  irs_prod     median  30.712 ns/cell  min  30.286
rank  60  irs_km       median  34.080 ns/cell  min  33.618   vs irs_prod: +11.0%
rank  88  damp_prod    median  18.433 ns/cell  min  18.303
rank  88  damp_merged  median  13.256 ns/cell  min  13.141   vs damp_prod: -28.1%
rank  88  irs_prod     median  30.740 ns/cell  min  30.335
rank  88  irs_km       median  34.032 ns/cell  min  33.741   vs irs_prod: +10.7%
rank  92  damp_prod    median  18.452 ns/cell  min  18.344
rank  92  damp_merged  median  13.273 ns/cell  min  13.118   vs damp_prod: -28.1%
rank  92  irs_prod     median  30.798 ns/cell  min  30.429
rank  92  irs_km       median  33.999 ns/cell  min  33.690   vs irs_prod: +10.4%
rank  98  damp_prod    median  18.551 ns/cell  min  18.416
rank  98  damp_merged  median  13.296 ns/cell  min  13.174   vs damp_prod: -28.3%
rank  98  irs_prod     median  31.133 ns/cell  min  30.903
rank  98  irs_km       median  34.413 ns/cell  min  34.208   vs irs_prod: +10.5%
rank  52  damp_prod    median  18.426 ns/cell  min  18.266
rank  16  damp_prod    median  18.525 ns/cell  min  18.366
rank  16  damp_merged  median  13.371 ns/cell  min  13.216   vs damp_prod: -27.8%
rank  16  irs_prod     median  31.294 ns/cell  min  31.069
rank  16  irs_km       median  34.419 ns/cell  min  34.191   vs irs_prod: +10.0%
rank  52  damp_merged  median  13.337 ns/cell  min  13.253   vs damp_prod: -27.6%
rank  52  irs_prod     median  31.210 ns/cell  min  31.037
rank  52  irs_km       median  34.583 ns/cell  min  34.144   vs irs_prod: +10.8%
rank  62  damp_prod    median  18.588 ns/cell  min  18.380
rank  62  damp_merged  median  13.336 ns/cell  min  13.182   vs damp_prod: -28.3%
rank  62  irs_prod     median  31.327 ns/cell  min  31.127
rank  62  irs_km       median  34.506 ns/cell  min  34.290   vs irs_prod: +10.1%
rank  46  damp_prod    median  18.517 ns/cell  min  18.379
rank  46  damp_merged  median  13.390 ns/cell  min  13.274   vs damp_prod: -27.7%
rank  46  irs_prod     median  31.219 ns/cell  min  31.037
rank  46  irs_km       median  34.436 ns/cell  min  34.179   vs irs_prod: +10.3%
rank  76  damp_prod    median  18.518 ns/cell  min  18.324
rank  76  damp_merged  median  13.369 ns/cell  min  13.247   vs damp_prod: -27.8%
rank  76  irs_prod     median  31.205 ns/cell  min  31.063
rank  76  irs_km       median  34.544 ns/cell  min  34.205   vs irs_prod: +10.7%
rank  64  damp_prod    median  18.646 ns/cell  min  18.361
rank  64  damp_merged  median  13.323 ns/cell  min  13.223   vs damp_prod: -28.5%
rank  64  irs_prod     median  31.305 ns/cell  min  31.069
rank  64  irs_km       median  34.648 ns/cell  min  34.426   vs irs_prod: +10.7%
rank  84  damp_prod    median  18.735 ns/cell  min  18.528
rank  84  damp_merged  median  13.439 ns/cell  min  13.233   vs damp_prod: -28.3%
rank  84  irs_prod     median  31.516 ns/cell  min  31.282
rank  84  irs_km       median  34.591 ns/cell  min  34.366   vs irs_prod: +9.8%
rank  18  damp_prod    median  18.542 ns/cell  min  18.404
rank  18  damp_merged  median  13.417 ns/cell  min  13.302   vs damp_prod: -27.6%
rank  18  irs_prod     median  31.349 ns/cell  min  31.221
rank  18  irs_km       median  34.586 ns/cell  min  34.387   vs irs_prod: +10.3%
rank  48  damp_prod    median  18.598 ns/cell  min  18.467
rank  48  damp_merged  median  13.444 ns/cell  min  13.330   vs damp_prod: -27.7%
rank  48  irs_prod     median  31.435 ns/cell  min  31.125
rank  48  irs_km       median  34.533 ns/cell  min  34.250   vs irs_prod: +9.9%
rank  58  damp_prod    median  18.599 ns/cell  min  18.450
rank  58  damp_merged  median  13.304 ns/cell  min  13.142   vs damp_prod: -28.5%
rank  58  irs_prod     median  31.421 ns/cell  min  31.227
rank  58  irs_km       median  34.692 ns/cell  min  34.496   vs irs_prod: +10.4%
rank  30  damp_prod    median  18.684 ns/cell  min  18.466
rank  30  damp_merged  median  13.369 ns/cell  min  13.264   vs damp_prod: -28.4%
rank  30  irs_prod     median  31.370 ns/cell  min  31.114
rank  30  irs_km       median  34.632 ns/cell  min  34.373   vs irs_prod: +10.4%
rank  90  damp_prod    median  18.679 ns/cell  min  18.506
rank  90  damp_merged  median  13.399 ns/cell  min  13.238   vs damp_prod: -28.3%
rank  90  irs_prod     median  31.418 ns/cell  min  31.211
rank  90  irs_km       median  34.695 ns/cell  min  34.487   vs irs_prod: +10.4%
rank  74  damp_prod    median  18.651 ns/cell  min  18.546
rank  74  damp_merged  median  13.325 ns/cell  min  13.246   vs damp_prod: -28.6%
rank  74  irs_prod     median  31.385 ns/cell  min  31.204
rank  74  irs_km       median  34.665 ns/cell  min  34.462   vs irs_prod: +10.5%
rank  80  damp_prod    median  18.492 ns/cell  min  18.325
rank  80  damp_merged  median  13.404 ns/cell  min  13.202   vs damp_prod: -27.5%
rank  80  irs_prod     median  31.409 ns/cell  min  31.215
rank  80  irs_km       median  34.679 ns/cell  min  34.459   vs irs_prod: +10.4%
rank   2  damp_prod    median  18.748 ns/cell  min  18.540
rank   2  damp_merged  median  13.491 ns/cell  min  13.369   vs damp_prod: -28.0%
rank   2  irs_prod     median  31.627 ns/cell  min  31.353
rank   2  irs_km       median  34.519 ns/cell  min  34.346   vs irs_prod: +9.1%
rank   6  damp_prod    median  18.789 ns/cell  min  18.508
rank   6  damp_merged  median  13.506 ns/cell  min  13.363   vs damp_prod: -28.1%
rank   6  irs_prod     median  31.614 ns/cell  min  31.391
rank   6  irs_km       median  34.500 ns/cell  min  34.143   vs irs_prod: +9.1%
rank  78  damp_prod    median  18.638 ns/cell  min  18.458
rank  78  damp_merged  median  13.452 ns/cell  min  13.311   vs damp_prod: -27.8%
rank  78  irs_prod     median  31.522 ns/cell  min  31.317
rank  78  irs_km       median  34.630 ns/cell  min  34.407   vs irs_prod: +9.9%
rank  86  damp_prod    median  18.707 ns/cell  min  18.597
rank  86  damp_merged  median  13.461 ns/cell  min  13.306   vs damp_prod: -28.0%
rank  86  irs_prod     median  31.702 ns/cell  min  31.449
rank  86  irs_km       median  34.622 ns/cell  min  34.338   vs irs_prod: +9.2%
grid 273 x 65 x 57  dampin=2.0 sf=1.0

correctness gate:
  damp: |dU|_max = 6.748932e-05
  damp_merged vs damp_prod: max_abs_diff = 1.818989e-11 (2.695e-07 of scale)  bitwise=False
  irs_km vs irs_prod: max_abs_diff = 0.000000e+00 (0.000e+00 of scale)  bitwise=True
rank   0  damp_prod    median  18.384 ns/cell  min  18.180
rank   0  damp_merged  median  13.160 ns/cell  min  13.011   vs damp_prod: -28.4%
rank   0  irs_prod     median  31.528 ns/cell  min  31.282
rank   0  irs_km       median  34.625 ns/cell  min  34.369   vs irs_prod: +9.8%
rank  12  damp_prod    median  18.648 ns/cell  min  18.441
rank  12  damp_merged  median  13.412 ns/cell  min  13.277   vs damp_prod: -28.1%
rank  12  irs_prod     median  31.430 ns/cell  min  31.299
rank  12  irs_km       median  34.657 ns/cell  min  34.455   vs irs_prod: +10.3%
rank  42  damp_prod    median  18.745 ns/cell  min  18.611
rank  42  damp_merged  median  13.508 ns/cell  min  13.349   vs damp_prod: -27.9%
rank  42  irs_prod     median  31.695 ns/cell  min  31.540
rank  42  irs_km       median  34.748 ns/cell  min  34.501   vs irs_prod: +9.6%
rank  20  damp_prod    median  18.765 ns/cell  min  18.622
rank  20  damp_merged  median  13.452 ns/cell  min  13.304   vs damp_prod: -28.3%
rank  20  irs_prod     median  31.527 ns/cell  min  31.294
rank  20  irs_km       median  34.713 ns/cell  min  34.473   vs irs_prod: +10.1%
rank  26  damp_prod    median  18.697 ns/cell  min  18.548
rank  26  damp_merged  median  13.433 ns/cell  min  13.311   vs damp_prod: -28.2%
rank  26  irs_prod     median  31.580 ns/cell  min  31.443
rank  26  irs_km       median  34.597 ns/cell  min  34.256   vs irs_prod: +9.6%
rank  36  damp_prod    median  18.630 ns/cell  min  18.366
rank  36  damp_merged  median  13.446 ns/cell  min  13.339   vs damp_prod: -27.8%
rank  36  irs_prod     median  31.568 ns/cell  min  31.297
rank  36  irs_km       median  34.660 ns/cell  min  34.323   vs irs_prod: +9.8%
rank  40  damp_prod    median  18.753 ns/cell  min  18.587
rank  40  damp_merged  median  13.508 ns/cell  min  13.321   vs damp_prod: -28.0%
rank  40  irs_prod     median  31.715 ns/cell  min  31.539
rank  40  irs_km       median  34.674 ns/cell  min  34.484   vs irs_prod: +9.3%
rank  44  damp_prod    median  18.736 ns/cell  min  18.523
rank  44  damp_merged  median  13.442 ns/cell  min  13.309   vs damp_prod: -28.3%
rank  44  irs_prod     median  31.563 ns/cell  min  31.261
rank  44  irs_km       median  34.721 ns/cell  min  34.422   vs irs_prod: +10.0%
rank  54  damp_prod    median  18.867 ns/cell  min  18.683
rank  54  damp_merged  median  13.663 ns/cell  min  13.514   vs damp_prod: -27.6%
rank  54  irs_prod     median  31.887 ns/cell  min  31.575
rank  54  irs_km       median  34.585 ns/cell  min  34.326   vs irs_prod: +8.5%
rank  66  damp_prod    median  18.776 ns/cell  min  18.618
rank  66  damp_merged  median  13.548 ns/cell  min  13.340   vs damp_prod: -27.8%
rank  66  irs_prod     median  31.751 ns/cell  min  31.504
rank  66  irs_km       median  34.576 ns/cell  min  34.320   vs irs_prod: +8.9%
rank  82  damp_prod    median  18.732 ns/cell  min  18.553
rank  82  damp_merged  median  13.476 ns/cell  min  13.253   vs damp_prod: -28.1%
rank  82  irs_prod     median  31.534 ns/cell  min  31.292
rank  82  irs_km       median  34.577 ns/cell  min  34.344   vs irs_prod: +9.7%
rank  56  damp_prod    median  18.735 ns/cell  min  18.558
rank  56  damp_merged  median  13.481 ns/cell  min  13.308   vs damp_prod: -28.0%
rank  56  irs_prod     median  31.599 ns/cell  min  31.379
rank  56  irs_km       median  34.693 ns/cell  min  34.498   vs irs_prod: +9.8%
rank  68  damp_prod    median  18.875 ns/cell  min  18.632
rank  68  damp_merged  median  13.625 ns/cell  min  13.469   vs damp_prod: -27.8%
rank  68  irs_prod     median  31.785 ns/cell  min  31.539
rank  68  irs_km       median  34.457 ns/cell  min  34.203   vs irs_prod: +8.4%
rank  94  damp_prod    median  18.853 ns/cell  min  18.712
rank  94  damp_merged  median  13.558 ns/cell  min  13.377   vs damp_prod: -28.1%
rank  94  irs_prod     median  31.814 ns/cell  min  31.563
rank  94  irs_km       median  34.704 ns/cell  min  34.527   vs irs_prod: +9.1%
rank  50  damp_prod    median  18.877 ns/cell  min  18.721
rank  50  damp_merged  median  13.621 ns/cell  min  13.473   vs damp_prod: -27.8%
rank  50  irs_prod     median  31.949 ns/cell  min  31.676
rank  50  irs_km       median  34.659 ns/cell  min  34.489   vs irs_prod: +8.5%
rank  72  damp_prod    median  18.775 ns/cell  min  18.591
rank  72  damp_merged  median  13.503 ns/cell  min  13.328   vs damp_prod: -28.1%
rank  72  irs_prod     median  31.747 ns/cell  min  31.419
rank  72  irs_km       median  34.717 ns/cell  min  34.482   vs irs_prod: +9.4%
rank  70  damp_prod    median  18.800 ns/cell  min  18.640
rank  70  damp_merged  median  13.611 ns/cell  min  13.467   vs damp_prod: -27.6%
rank  70  irs_prod     median  31.926 ns/cell  min  31.756
rank  70  irs_km       median  34.725 ns/cell  min  34.456   vs irs_prod: +8.8%
rank   4  damp_prod    median  18.821 ns/cell  min  18.670
rank   4  damp_merged  median  13.558 ns/cell  min  13.351   vs damp_prod: -28.0%
rank   4  irs_prod     median  31.909 ns/cell  min  31.728
rank   4  irs_km       median  34.745 ns/cell  min  34.495   vs irs_prod: +8.9%
rank  24  damp_prod    median  18.814 ns/cell  min  18.670
rank  24  damp_merged  median  13.690 ns/cell  min  13.553   vs damp_prod: -27.2%
rank  24  irs_prod     median  31.981 ns/cell  min  31.709
rank  24  irs_km       median  34.748 ns/cell  min  34.558   vs irs_prod: +8.6%
rank  22  damp_prod    median  18.946 ns/cell  min  18.832
rank  22  damp_merged  median  13.725 ns/cell  min  13.562   vs damp_prod: -27.6%
rank  22  irs_prod     median  31.958 ns/cell  min  31.693
rank  22  irs_km       median  34.817 ns/cell  min  34.607   vs irs_prod: +8.9%
rank  34  damp_prod    median  19.025 ns/cell  min  18.841
rank  34  damp_merged  median  13.972 ns/cell  min  13.790   vs damp_prod: -26.6%
rank  34  irs_prod     median  32.372 ns/cell  min  32.175
rank  34  irs_km       median  35.327 ns/cell  min  34.564   vs irs_prod: +9.1%
rank  10  damp_prod    median  18.929 ns/cell  min  18.787
rank  10  damp_merged  median  13.844 ns/cell  min  13.621   vs damp_prod: -26.9%
rank  10  irs_prod     median  32.200 ns/cell  min  31.953
rank  10  irs_km       median  35.097 ns/cell  min  34.597   vs irs_prod: +9.0%
rank   8  damp_prod    median  20.262 ns/cell  min  20.120
rank   8  damp_merged  median  14.394 ns/cell  min  14.199   vs damp_prod: -29.0%
rank   8  irs_prod     median  32.635 ns/cell  min  32.411
rank   8  irs_km       median  35.071 ns/cell  min  34.504   vs irs_prod: +7.5%
rank  14  damp_prod    median  19.100 ns/cell  min  18.993
rank  14  damp_merged  median  14.197 ns/cell  min  13.993   vs damp_prod: -25.7%
rank  14  irs_prod     median  32.624 ns/cell  min  32.424
rank  14  irs_km       median  35.253 ns/cell  min  34.573   vs irs_prod: +8.1%
rank  38  damp_prod    median  18.940 ns/cell  min  18.822
rank  38  damp_merged  median  14.075 ns/cell  min  13.817   vs damp_prod: -25.7%
rank  38  irs_prod     median  32.443 ns/cell  min  32.180
rank  38  irs_km       median  35.385 ns/cell  min  34.758   vs irs_prod: +9.1%
rank  28  damp_prod    median  21.524 ns/cell  min  21.354
rank  28  damp_merged  median  15.863 ns/cell  min  15.698   vs damp_prod: -26.3%
rank  28  irs_prod     median  33.466 ns/cell  min  33.314
rank  28  irs_km       median  35.739 ns/cell  min  34.106   vs irs_prod: +6.8%
rank  96  damp_prod    median  19.392 ns/cell  min  19.113
rank  96  damp_merged  median  15.197 ns/cell  min  14.835   vs damp_prod: -21.6%
rank  96  irs_prod     median  33.740 ns/cell  min  33.286
rank  96  irs_km       median  36.090 ns/cell  min  33.897   vs irs_prod: +7.0%
rank  93  damp_prod    median  18.351 ns/cell  min  18.234
rank  93  damp_merged  median  13.281 ns/cell  min  13.127   vs damp_prod: -27.6%
rank  93  irs_prod     median  30.771 ns/cell  min  30.461
rank  93  irs_km       median  34.079 ns/cell  min  33.846   vs irs_prod: +10.7%
rank   7  damp_prod    median  18.709 ns/cell  min  18.509
rank   7  damp_merged  median  13.521 ns/cell  min  13.317   vs damp_prod: -27.7%
rank   7  irs_prod     median  31.687 ns/cell  min  31.379
rank   7  irs_km       median  34.492 ns/cell  min  34.108   vs irs_prod: +8.8%
rank  21  damp_prod    median  18.539 ns/cell  min  18.401
rank  21  damp_merged  median  13.241 ns/cell  min  13.120   vs damp_prod: -28.6%
rank  21  irs_prod     median  31.221 ns/cell  min  30.979
rank  21  irs_km       median  34.511 ns/cell  min  34.148   vs irs_prod: +10.5%
rank  23  damp_prod    median  18.537 ns/cell  min  18.363
rank  23  damp_merged  median  13.423 ns/cell  min  13.230   vs damp_prod: -27.6%
rank  23  irs_prod     median  31.297 ns/cell  min  31.010
rank  23  irs_km       median  34.411 ns/cell  min  34.125   vs irs_prod: +9.9%
rank  41  damp_prod    median  18.424 ns/cell  min  18.265
rank  41  damp_merged  median  13.284 ns/cell  min  13.103   vs damp_prod: -27.9%
rank  41  irs_prod     median  31.052 ns/cell  min  30.591
rank  41  irs_km       median  34.201 ns/cell  min  33.788   vs irs_prod: +10.1%
rank  79  damp_prod    median  18.819 ns/cell  min  18.655
rank  79  damp_merged  median  13.521 ns/cell  min  13.330   vs damp_prod: -28.2%
rank  79  irs_prod     median  31.615 ns/cell  min  31.372
rank  79  irs_km       median  34.566 ns/cell  min  34.275   vs irs_prod: +9.3%
rank  83  damp_prod    median  18.527 ns/cell  min  18.384
rank  83  damp_merged  median  13.473 ns/cell  min  13.266   vs damp_prod: -27.3%
rank  83  irs_prod     median  31.660 ns/cell  min  31.445
rank  83  irs_km       median  34.703 ns/cell  min  34.408   vs irs_prod: +9.6%
rank  89  damp_prod    median  18.697 ns/cell  min  18.497
rank  89  damp_merged  median  13.355 ns/cell  min  13.208   vs damp_prod: -28.6%
rank  89  irs_prod     median  31.467 ns/cell  min  31.130
rank  89  irs_km       median  34.638 ns/cell  min  34.308   vs irs_prod: +10.1%
rank  11  damp_prod    median  18.655 ns/cell  min  18.433
rank  11  damp_merged  median  13.527 ns/cell  min  13.337   vs damp_prod: -27.5%
rank  11  irs_prod     median  31.830 ns/cell  min  31.581
rank  11  irs_km       median  34.563 ns/cell  min  34.126   vs irs_prod: +8.6%
rank  13  damp_prod    median  18.782 ns/cell  min  18.581
rank  13  damp_merged  median  13.421 ns/cell  min  13.302   vs damp_prod: -28.5%
rank  13  irs_prod     median  31.634 ns/cell  min  31.316
rank  13  irs_km       median  34.719 ns/cell  min  34.456   vs irs_prod: +9.8%
rank  19  damp_prod    median  18.779 ns/cell  min  18.590
rank  19  damp_merged  median  13.386 ns/cell  min  13.265   vs damp_prod: -28.7%
rank  19  irs_prod     median  31.461 ns/cell  min  31.286
rank  19  irs_km       median  34.814 ns/cell  min  34.528   vs irs_prod: +10.7%
rank  27  damp_prod    median  18.755 ns/cell  min  18.566
rank  27  damp_merged  median  13.402 ns/cell  min  13.268   vs damp_prod: -28.5%
rank  27  irs_prod     median  31.646 ns/cell  min  31.373
rank  27  irs_km       median  34.652 ns/cell  min  34.330   vs irs_prod: +9.5%
rank  31  damp_prod    median  18.611 ns/cell  min  18.435
rank  31  damp_merged  median  13.417 ns/cell  min  13.256   vs damp_prod: -27.9%
rank  31  irs_prod     median  31.519 ns/cell  min  31.209
rank  31  irs_km       median  34.646 ns/cell  min  34.237   vs irs_prod: +9.9%
rank  35  damp_prod    median  18.732 ns/cell  min  18.552
rank  35  damp_merged  median  13.360 ns/cell  min  13.227   vs damp_prod: -28.7%
rank  35  irs_prod     median  31.479 ns/cell  min  31.230
rank  35  irs_km       median  34.823 ns/cell  min  34.571   vs irs_prod: +10.6%
rank  37  damp_prod    median  18.660 ns/cell  min  18.476
rank  37  damp_merged  median  13.335 ns/cell  min  13.195   vs damp_prod: -28.5%
rank  37  irs_prod     median  31.507 ns/cell  min  31.324
rank  37  irs_km       median  34.716 ns/cell  min  34.504   vs irs_prod: +10.2%
rank  55  damp_prod    median  18.752 ns/cell  min  18.594
rank  55  damp_merged  median  13.543 ns/cell  min  13.452   vs damp_prod: -27.8%
rank  55  irs_prod     median  31.951 ns/cell  min  31.637
rank  55  irs_km       median  34.707 ns/cell  min  34.453   vs irs_prod: +8.6%
rank  61  damp_prod    median  18.740 ns/cell  min  18.593
rank  61  damp_merged  median  13.403 ns/cell  min  13.297   vs damp_prod: -28.5%
rank  61  irs_prod     median  31.569 ns/cell  min  31.384
rank  61  irs_km       median  34.662 ns/cell  min  34.458   vs irs_prod: +9.8%
rank  65  damp_prod    median  18.644 ns/cell  min  18.448
rank  65  damp_merged  median  13.438 ns/cell  min  13.278   vs damp_prod: -27.9%
rank  65  irs_prod     median  31.508 ns/cell  min  31.323
rank  65  irs_km       median  34.683 ns/cell  min  34.412   vs irs_prod: +10.1%
rank  67  damp_prod    median  18.707 ns/cell  min  18.539
rank  67  damp_merged  median  13.502 ns/cell  min  13.338   vs damp_prod: -27.8%
rank  67  irs_prod     median  31.666 ns/cell  min  31.410
rank  67  irs_km       median  34.530 ns/cell  min  34.233   vs irs_prod: +9.0%
rank  99  damp_prod    median  18.625 ns/cell  min  18.404
rank  99  damp_merged  median  13.412 ns/cell  min  13.245   vs damp_prod: -28.0%
rank  99  irs_prod     median  31.576 ns/cell  min  31.357
rank  99  irs_km       median  34.765 ns/cell  min  34.347   vs irs_prod: +10.1%
rank   3  damp_prod    median  18.699 ns/cell  min  18.544
rank   3  damp_merged  median  13.416 ns/cell  min  13.311   vs damp_prod: -28.3%
rank   3  irs_prod     median  31.614 ns/cell  min  31.356
rank   3  irs_km       median  34.657 ns/cell  min  34.460   vs irs_prod: +9.6%
rank   9  damp_prod    median  18.881 ns/cell  min  18.655
rank   9  damp_merged  median  13.537 ns/cell  min  13.322   vs damp_prod: -28.3%
rank   9  irs_prod     median  31.862 ns/cell  min  31.577
rank   9  irs_km       median  34.836 ns/cell  min  34.503   vs irs_prod: +9.3%
rank  17  damp_prod    median  18.802 ns/cell  min  18.706
rank  17  damp_merged  median  13.433 ns/cell  min  13.252   vs damp_prod: -28.6%
rank  17  irs_prod     median  31.717 ns/cell  min  31.422
rank  17  irs_km       median  34.747 ns/cell  min  34.394   vs irs_prod: +9.6%
rank  39  damp_prod    median  18.883 ns/cell  min  18.706
rank  39  damp_merged  median  13.594 ns/cell  min  13.431   vs damp_prod: -28.0%
rank  39  irs_prod     median  31.914 ns/cell  min  31.596
rank  39  irs_km       median  34.733 ns/cell  min  34.483   vs irs_prod: +8.8%
rank  49  damp_prod    median  18.681 ns/cell  min  18.481
rank  49  damp_merged  median  13.292 ns/cell  min  13.120   vs damp_prod: -28.8%
rank  49  irs_prod     median  31.486 ns/cell  min  31.297
rank  49  irs_km       median  34.830 ns/cell  min  34.636   vs irs_prod: +10.6%
rank  51  damp_prod    median  18.781 ns/cell  min  18.629
rank  51  damp_merged  median  13.387 ns/cell  min  13.211   vs damp_prod: -28.7%
rank  51  irs_prod     median  31.634 ns/cell  min  31.432
rank  51  irs_km       median  34.776 ns/cell  min  34.425   vs irs_prod: +9.9%
rank  63  damp_prod    median  18.595 ns/cell  min  18.452
rank  63  damp_merged  median  13.395 ns/cell  min  13.233   vs damp_prod: -28.0%
rank  63  irs_prod     median  31.500 ns/cell  min  31.240
rank  63  irs_km       median  34.654 ns/cell  min  34.158   vs irs_prod: +10.0%
rank  69  damp_prod    median  18.687 ns/cell  min  18.471
rank  69  damp_merged  median  13.395 ns/cell  min  13.223   vs damp_prod: -28.3%
rank  69  irs_prod     median  31.803 ns/cell  min  31.549
rank  69  irs_km       median  34.934 ns/cell  min  34.518   vs irs_prod: +9.8%
rank  75  damp_prod    median  18.831 ns/cell  min  18.690
rank  75  damp_merged  median  13.540 ns/cell  min  13.349   vs damp_prod: -28.1%
rank  75  irs_prod     median  31.913 ns/cell  min  31.673
rank  75  irs_km       median  34.852 ns/cell  min  34.608   vs irs_prod: +9.2%
rank  81  damp_prod    median  18.742 ns/cell  min  18.632
rank  81  damp_merged  median  13.434 ns/cell  min  13.306   vs damp_prod: -28.3%
rank  81  irs_prod     median  31.668 ns/cell  min  31.351
rank  81  irs_km       median  34.846 ns/cell  min  34.590   vs irs_prod: +10.0%
rank  95  damp_prod    median  18.714 ns/cell  min  18.572
rank  95  damp_merged  median  13.457 ns/cell  min  13.312   vs damp_prod: -28.1%
rank  95  irs_prod     median  31.607 ns/cell  min  31.406
rank  95  irs_km       median  34.708 ns/cell  min  34.433   vs irs_prod: +9.8%
rank   1  damp_prod    median  18.602 ns/cell  min  18.382
rank   1  damp_merged  median  13.141 ns/cell  min  12.963   vs damp_prod: -29.4%
rank   1  irs_prod     median  31.661 ns/cell  min  31.346
rank   1  irs_km       median  34.831 ns/cell  min  34.522   vs irs_prod: +10.0%
rank  29  damp_prod    median  18.878 ns/cell  min  18.677
rank  29  damp_merged  median  13.479 ns/cell  min  13.298   vs damp_prod: -28.6%
rank  29  irs_prod     median  31.827 ns/cell  min  31.567
rank  29  irs_km       median  34.759 ns/cell  min  34.465   vs irs_prod: +9.2%
rank  45  damp_prod    median  18.807 ns/cell  min  18.664
rank  45  damp_merged  median  13.393 ns/cell  min  13.203   vs damp_prod: -28.8%
rank  45  irs_prod     median  31.721 ns/cell  min  31.465
rank  45  irs_km       median  34.888 ns/cell  min  34.759   vs irs_prod: +10.0%
rank  47  damp_prod    median  18.727 ns/cell  min  18.561
rank  47  damp_merged  median  13.400 ns/cell  min  13.256   vs damp_prod: -28.4%
rank  47  irs_prod     median  31.702 ns/cell  min  31.516
rank  47  irs_km       median  34.909 ns/cell  min  34.709   vs irs_prod: +10.1%
rank  53  damp_prod    median  18.721 ns/cell  min  18.527
rank  53  damp_merged  median  13.297 ns/cell  min  13.162   vs damp_prod: -29.0%
rank  53  irs_prod     median  31.633 ns/cell  min  31.406
rank  53  irs_km       median  34.951 ns/cell  min  34.704   vs irs_prod: +10.5%
rank  77  damp_prod    median  18.787 ns/cell  min  18.662
rank  77  damp_merged  median  13.463 ns/cell  min  13.341   vs damp_prod: -28.3%
rank  77  irs_prod     median  31.694 ns/cell  min  31.489
rank  77  irs_km       median  34.780 ns/cell  min  34.557   vs irs_prod: +9.7%
rank  91  damp_prod    median  18.965 ns/cell  min  18.757
rank  91  damp_merged  median  13.584 ns/cell  min  13.297   vs damp_prod: -28.4%
rank  91  irs_prod     median  31.942 ns/cell  min  31.591
rank  91  irs_km       median  34.804 ns/cell  min  34.558   vs irs_prod: +9.0%
rank  25  damp_prod    median  18.752 ns/cell  min  18.615
rank  25  damp_merged  median  13.316 ns/cell  min  13.163   vs damp_prod: -29.0%
rank  25  irs_prod     median  31.620 ns/cell  min  31.328
rank  25  irs_km       median  34.818 ns/cell  min  34.526   vs irs_prod: +10.1%
rank  59  damp_prod    median  18.784 ns/cell  min  18.562
rank  59  damp_merged  median  13.441 ns/cell  min  13.281   vs damp_prod: -28.4%
rank  59  irs_prod     median  31.769 ns/cell  min  31.448
rank  59  irs_km       median  34.968 ns/cell  min  34.655   vs irs_prod: +10.1%
rank  71  damp_prod    median  18.764 ns/cell  min  18.597
rank  71  damp_merged  median  13.522 ns/cell  min  13.335   vs damp_prod: -27.9%
rank  71  irs_prod     median  32.015 ns/cell  min  31.743
rank  71  irs_km       median  34.895 ns/cell  min  34.644   vs irs_prod: +9.0%
rank   5  damp_prod    median  19.012 ns/cell  min  18.876
rank   5  damp_merged  median  13.734 ns/cell  min  13.561   vs damp_prod: -27.8%
rank   5  irs_prod     median  32.235 ns/cell  min  31.968
rank   5  irs_km       median  35.174 ns/cell  min  34.912   vs irs_prod: +9.1%
rank  33  damp_prod    median  19.059 ns/cell  min  18.977
rank  33  damp_merged  median  13.784 ns/cell  min  13.597   vs damp_prod: -27.7%
rank  33  irs_prod     median  32.218 ns/cell  min  32.000
rank  33  irs_km       median  35.187 ns/cell  min  34.937   vs irs_prod: +9.2%
rank  43  damp_prod    median  18.988 ns/cell  min  18.855
rank  43  damp_merged  median  13.826 ns/cell  min  13.682   vs damp_prod: -27.2%
rank  43  irs_prod     median  32.339 ns/cell  min  32.110
rank  43  irs_km       median  35.220 ns/cell  min  34.923   vs irs_prod: +8.9%
rank  57  damp_prod    median  19.034 ns/cell  min  18.892
rank  57  damp_merged  median  13.890 ns/cell  min  13.679   vs damp_prod: -27.0%
rank  57  irs_prod     median  32.406 ns/cell  min  32.183
rank  57  irs_km       median  35.276 ns/cell  min  34.964   vs irs_prod: +8.9%
rank  87  damp_prod    median  19.048 ns/cell  min  18.913
rank  87  damp_merged  median  13.847 ns/cell  min  13.702   vs damp_prod: -27.3%
rank  87  irs_prod     median  32.342 ns/cell  min  32.041
rank  87  irs_km       median  35.149 ns/cell  min  34.889   vs irs_prod: +8.7%
rank  85  damp_prod    median  19.069 ns/cell  min  18.965
rank  85  damp_merged  median  13.926 ns/cell  min  13.686   vs damp_prod: -27.0%
rank  85  irs_prod     median  32.500 ns/cell  min  32.262
rank  85  irs_km       median  35.488 ns/cell  min  34.966   vs irs_prod: +9.2%
rank  15  damp_prod    median  19.041 ns/cell  min  18.911
rank  15  damp_merged  median  14.040 ns/cell  min  13.863   vs damp_prod: -26.3%
rank  15  irs_prod     median  32.661 ns/cell  min  32.425
rank  15  irs_km       median  35.520 ns/cell  min  34.912   vs irs_prod: +8.8%
rank  73  damp_prod    median  19.041 ns/cell  min  18.930
rank  73  damp_merged  median  14.017 ns/cell  min  13.865   vs damp_prod: -26.4%
rank  73  irs_prod     median  32.568 ns/cell  min  32.366
rank  73  irs_km       median  35.500 ns/cell  min  34.937   vs irs_prod: +9.0%
rank  97  damp_prod    median  19.113 ns/cell  min  19.001
rank  97  damp_merged  median  14.105 ns/cell  min  13.924   vs damp_prod: -26.2%
rank  97  irs_prod     median  32.649 ns/cell  min  32.442
rank  97  irs_km       median  35.550 ns/cell  min  34.915   vs irs_prod: +8.9%

=== aggregate ===

--- serial (1 rank(s)) ---
  damp_prod    median-of-ranks   2.539 ns/cell   spread 2.54-2.54
  damp_merged  median-of-ranks   1.787 ns/cell   spread 1.79-1.79
  irs_prod     median-of-ranks   8.175 ns/cell   spread 8.17-8.17
  irs_km       median-of-ranks   8.332 ns/cell   spread 8.33-8.33
  => damp_merged vs damp_prod: median -29.60%  wins 1/1  worst -29.60%
  => irs_km vs irs_prod: median +1.93%  wins 0/1  worst +1.93%

--- saturated (100 rank(s)) ---
  damp_prod    median-of-ranks  18.738 ns/cell   spread 18.35-21.52
  damp_merged  median-of-ranks  13.445 ns/cell   spread 13.14-15.86
  irs_prod     median-of-ranks  31.634 ns/cell   spread 30.71-33.74
  irs_km       median-of-ranks  34.704 ns/cell   spread 34.00-36.09
  => damp_merged vs damp_prod: median -28.04%  wins 100/100  worst -21.63%
  => irs_km vs irs_prod: median +9.75%  wins 0/100  worst +10.97%
